37,557 [main] ERROR withrottle.DeviceServer.<init>() - Stream creation failed (DeviceServer)
39,068 [main] WARN  maple.SerialAddress.makeSystemName() - illegal address range proposed for system name - 0
39,068 [main] WARN  maple.SerialAddress.makeSystemName() - illegal address range proposed for system name - 9990
39,068 [main] ERROR maple.SerialAddress.makeSystemName() - illegal type character proposed for system name - R
39,078 [main] WARN  maple.SerialAddress.validSystemNameFormat() - missing numerical node address in system name: KL
39,079 [main] ERROR maple.SerialAddress.validSystemNameFormat() - invalid character in header field of system name: KY2005
39,079 [main] WARN  maple.SerialAddress.validSystemNameFormat() - node address field out of range in system name - KL0
39,080 [main] WARN  maple.SerialAddress.getBitFromSystemName() - invalid character in number field of system name: KL2oo5
39,080 [main] WARN  maple.SerialAddress.validSystemNameFormat() - node address field out of range in system name - KL2oo5
39,083 [main] WARN  maple.SerialAddress.validSystemNameConfig() - Maple hardware address out of range in system name: KL1049
39,087 [main] WARN  maple.SerialAddress.validSystemNameConfig() - Maple hardware address out of range in system name: KS41
39,088 [main] WARN  maple.SerialAddress.validSystemNameFormat() - node address field out of range in system name - KS0
39,088 [main] WARN  maple.SerialAddress.validSystemNameConfig() - Maple hardware address out of range in system name: KT202
39,088 [main] WARN  maple.SerialAddress.validSystemNameConfig() - Maple hardware address out of range in system name: KT4129
39,091 [main] WARN  maple.SerialAddress.validSystemNameFormat() - node address field out of range in system name - KL12007
39,094 [main] WARN  maple.SerialAddress.getBitFromSystemName() - invalid character in number field of system name: KL29O9
39,377 [main] WARN  audio.NullAudioFactory.init() - Initialised Null audio system - no sounds will be available.
40,092 [main] ERROR rps.Ash1_1Algorithm.convert() - Mismatch: 4 readings, 5 receivers
40,098 [main] ERROR rps.Ash1_1Algorithm.convert() - Mismatch: 3 readings, 4 receivers
40,101 [main] ERROR rps.Ash1_1Algorithm.convert() - Mismatch: 3 readings, 4 receivers
40,104 [main] ERROR rps.Ash1_1Algorithm.convert() - Mismatch: 3 readings, 4 receivers
40,790 [main] ERROR managers.AbstractTurnoutManager.newTurnout() - Invalid system name for turnout: A1T needed A1T
59,598 [main] WARN  profile.ProfileManager.setActiveProfile() - Unable to set active profile. No profile with id NonExistantId could be found.
59,598 [main] ERROR profile.ProfileManager.setActiveProfile() - /tmp/junit1985439414606890008/non-profile is not a profile folder.
59,599 [main] WARN  profile.ProfileManager.setActiveProfile() - Unable to set active profile. No profile with id /tmp/junit1985439414606890008/non-profile could be found.
59,723 [main] ERROR jmri.NmraPacket.speedStep28Packet() - invalid speed -1
59,724 [main] ERROR jmri.NmraPacket.speedStep28Packet() - invalid speed 29
59,789 [main] ERROR jmri.NmraPacket.speedStep28Packet() - invalid speed -1
59,789 [main] ERROR jmri.NmraPacket.speedStep28Packet() - invalid speed 32
59,807 [main] ERROR jmri.NmraPacket.accDecoderPkt() - invalid address 0
00,099 [main] WARN  cmri.CMRISystemConnectionMemo.getNodeAddressFromSystemName() - no node address before 'B' in CMRI system name: K2LB7
00,100 [main] ERROR cmri.CMRISystemConnectionMemo.getNodeAddressFromSystemName() - invalid character in header field of system name: K2R7
00,106 [main] WARN  cmri.CMRISystemConnectionMemo.makeSystemName() - invalid bit number proposed for system name
00,106 [main] WARN  cmri.CMRISystemConnectionMemo.makeSystemName() - invalid node address proposed for system name
00,106 [main] ERROR cmri.CMRISystemConnectionMemo.makeSystemName() - invalid type character proposed for system name
00,112 [main] WARN  cmri.CMRISystemConnectionMemo.isInputBitFree() - invalid bit number in free bit test
00,112 [main] WARN  cmri.CMRISystemConnectionMemo.isInputBitFree() - invalid node address in free bit test
00,118 [main] WARN  cmri.CMRISystemConnectionMemo.isOutputBitFree() - invalid bit number in free bit test
00,119 [main] WARN  cmri.CMRISystemConnectionMemo.isOutputBitFree() - invalid node address in free bit test
00,137 [main] WARN  cmri.CMRISystemConnectionMemo.getNodeAddressFromSystemName() - no node address before 'B' in CMRI system name: CLB7
00,137 [main] ERROR cmri.CMRISystemConnectionMemo.getNodeAddressFromSystemName() - invalid character in header field of system name: CR7
00,141 [main] ERROR cmri.CMRISystemConnectionMemo.validSystemNameFormat() - invalid type character in CMRI system name: CY2005
00,142 [main] ERROR cmri.CMRISystemConnectionMemo.validSystemNameFormat() - invalid type character in CMRI system name: CY2B5
00,151 [main] WARN  cmri.CMRISystemConnectionMemo.makeSystemName() - invalid bit number proposed for system name
00,152 [main] WARN  cmri.CMRISystemConnectionMemo.makeSystemName() - invalid node address proposed for system name
00,152 [main] ERROR cmri.CMRISystemConnectionMemo.makeSystemName() - invalid type character proposed for system name
01,070 [main] ERROR jmrix.AbstractThrottle.notifyPropertyChangeListener() - notifyPropertyChangeListener without change
01,074 [main] WARN  jmrix.AbstractThrottle.dispose() - Dispose called without knowing the original throttle listener
01,143 [main] WARN  jmrix.AbstractThrottle.release() - Release called without knowing the original throttle listener
01,215 [main] WARN  jmrix.AbstractThrottle.dispatch() - dispatch called without knowing the original throttle listener
01,306 [main] WARN  powerline.SerialAddress.validSystemNameFormat() - address did not match any valid forms: PL2
01,306 [main] WARN  powerline.SerialAddress.validSystemNameFormat() - address did not match any valid forms: PL0B2
01,307 [main] WARN  powerline.SerialAddress.validSystemNameFormat() - address did not match any valid forms: PL
01,307 [main] ERROR powerline.SerialAddress.validSystemNameFormat() - invalid character in header field system name: PY2005
01,307 [main] ERROR powerline.SerialAddress.validSystemNameFormat() - invalid character in header field system name: PY2B5
01,308 [main] WARN  powerline.SerialAddress.validSystemNameFormat() - address did not match any valid forms: PL22001
01,308 [main] WARN  powerline.SerialAddress.validSystemNameFormat() - address did not match any valid forms: PL22B1
01,308 [main] WARN  powerline.SerialAddress.validSystemNameFormat() - address did not match any valid forms: PL22000
01,309 [main] WARN  powerline.SerialAddress.validSystemNameFormat() - address did not match any valid forms: PL22B0
01,309 [main] WARN  powerline.SerialAddress.validSystemNameFormat() - address did not match any valid forms: PL2999
01,309 [main] WARN  powerline.SerialAddress.validSystemNameFormat() - address did not match any valid forms: PL2B2048
01,310 [main] WARN  powerline.SerialAddress.validSystemNameFormat() - address did not match any valid forms: PL2B2049
01,310 [main] WARN  powerline.SerialAddress.validSystemNameFormat() - address did not match any valid forms: PL2B33
01,310 [main] WARN  powerline.SerialAddress.validSystemNameFormat() - address did not match any valid forms: PL127032
01,311 [main] WARN  powerline.SerialAddress.validSystemNameFormat() - address did not match any valid forms: PL127001
01,311 [main] WARN  powerline.SerialAddress.validSystemNameFormat() - address did not match any valid forms: PL127000
01,311 [main] WARN  powerline.SerialAddress.validSystemNameFormat() - address did not match any valid forms: PL127B7
01,312 [main] WARN  powerline.SerialAddress.validSystemNameFormat() - address did not match any valid forms: PL128B7
01,312 [main] WARN  powerline.SerialAddress.validSystemNameFormat() - address did not match any valid forms: PL2oo5
01,312 [main] WARN  powerline.SerialAddress.validSystemNameFormat() - address did not match any valid forms: PL2aB5
01,313 [main] WARN  powerline.SerialAddress.validSystemNameFormat() - address did not match any valid forms: PL2B5x
01,320 [main] WARN  powerline.SerialAddress.validSystemNameFormat() - address did not match any valid forms: PL4007
01,320 [main] WARN  powerline.SerialAddress.validSystemNameConfig() - PL4007 invalid; bad format
01,320 [main] WARN  powerline.SerialAddress.validSystemNameFormat() - address did not match any valid forms: PL10033
01,321 [main] WARN  powerline.SerialAddress.validSystemNameConfig() - PL10033 invalid; bad format
06,020 [main] ERROR jmrit.MemoryContents.readHex() - No EOF Record found in file - aborting.
06,023 [main] ERROR jmrit.MemoryContents.readHex() - Record checksum error in line 29 - computed checksum = 0x1f, expected checksum = 0x1e.
06,028 [main] ERROR jmrit.MemoryContents.readHex() - No Data Records found in file - aborting.
06,030 [main] ERROR jmrit.MemoryContents.readHex() - Unsupported Extended Segment Address Record data value 0x1000 in line 3
06,035 [main] ERROR jmrit.MemoryContents.readHex() - Data crosses boundary which could lead to  mis-interpretation.  Aborting read at line :02FFFF000102FD
06,038 [main] ERROR jmrit.MemoryContents.readHex() - Data record line length is incorrect for inferred addressing type and for data count field in line 7
06,045 [main] ERROR jmrit.MemoryContents.getLocation() - Error in getLocation(0x9ffff): accessed uninitialized page 9
06,048 [main] ERROR jmrit.MemoryContents.readHex() - Data record line length is incorrect for inferred addressing type and for data count field in line 10
06,050 [main] ERROR jmrit.MemoryContents.readHex() - Unknown RECTYP 0x3 was found in line 16.  Aborting file read.
06,053 [main] ERROR jmrit.MemoryContents.readHex() - Unsupported Extended Segment Address Record data value 0x1000 in line 2
06,055 [main] ERROR jmrit.MemoryContents.readHex() - Data crosses boundary which could lead to  mis-interpretation.  Aborting read at line :0201FFFF000709EF
10,857 [main] ERROR configurexml.NceTurnoutManagerXml.load() - Invalid method called
17,704 [main] ERROR rules.RetryRule.evaluate() - testGetLastSenderNull(jmri.jmrix.dccpp.dccppovertcp.DCCppOverTcpPacketizerTest) : giving up after 3 failures
17,714 [main] ERROR rules.RetryRule.evaluate() - testCtor(jmri.jmrix.dccpp.dccppovertcp.DCCppOverTcpPacketizerTest) : giving up after 3 failures
17,725 [main] ERROR rules.RetryRule.evaluate() - testAddNullListener(jmri.jmrix.dccpp.dccppovertcp.DCCppOverTcpPacketizerTest) : giving up after 3 failures
17,735 [main] ERROR rules.RetryRule.evaluate() - testPortReadyToSendNullController(jmri.jmrix.dccpp.dccppovertcp.DCCppOverTcpPacketizerTest) : giving up after 3 failures
17,746 [main] ERROR rules.RetryRule.evaluate() - testHasTimeouts(jmri.jmrix.dccpp.dccppovertcp.DCCppOverTcpPacketizerTest) : giving up after 3 failures
17,758 [main] ERROR rules.RetryRule.evaluate() - testStatus(jmri.jmrix.dccpp.dccppovertcp.DCCppOverTcpPacketizerTest) : giving up after 3 failures
19,395 [Thread-529] ERROR exceptionhandler.UncaughtExceptionHandler.uncaughtException() - Uncaught Exception caught by jmri.util.exceptionhandler.UncaughtExceptionHandler
java.lang.NullPointerException
	at jmri.util.exceptionhandler.UncaughtExceptionHandlerTest.lambda$testThread$0(UncaughtExceptionHandlerTest.java:26)
	at java.lang.Thread.run(Thread.java:745)
20,899 [main] ERROR ussctc.SignalHeadSection.getCurrentIndication() - Found both left and right clear: SignalHeadSection ["IH1", "IH2"],["IH3", "IH4"]
20,931 [main] ERROR ussctc.SignalHeadSection.getCurrentIndication() - Found both left and right clear: SignalHeadSection ["IH1", "IH2"],["IH3", "IH4"]
20,957 [main] ERROR ussctc.SignalHeadSection.getCurrentIndication() - Found both left and right clear: SignalHeadSection ["IH1", "IH2"],["IH3", "IH4"]
20,976 [main] WARN  ussctc.SignalHeadSection.getCurrentIndication() - Found left at restricting and right clear: SignalHeadSection ["IH1", "IH2"],["IH3", "IH4"]
20,993 [main] WARN  ussctc.SignalHeadSection.getCurrentIndication() - Found left clear and right at restricting: SignalHeadSection ["IH1", "IH2"],["IH3", "IH4"]
21,022 [main] WARN  ussctc.SignalHeadSection.getCurrentIndication() - Found left clear and right at restricting: SignalHeadSection ["IH1", "IH2"],["IH3", "IH4"]
21,027 [main] WARN  ussctc.SignalHeadSection.getCurrentIndication() - Found left clear and right at restricting: SignalHeadSection ["IH1", "IH2"],["IH3", "IH4"]
21,151 [main] ERROR acela.AcelaSignalHead.<init>() - Can't find new Acela Signal with name 'AH1'
21,155 [main] ERROR acela.AcelaSignalHead.<init>() - Can't find new Acela Signal with name 'AH1'
21,281 [main] ERROR managers.AbstractTurnoutManager.newTurnout() - Invalid system name for turnout: PT needed PT
21,974 [main] ERROR jmris.JmriServer.<init>() - Failed to connect to port 2048
22,895 [main] ERROR jmrix.AbstractThrottle.notifyPropertyChangeListener() - notifyPropertyChangeListener without change
22,903 [main] WARN  jmrix.AbstractThrottle.dispose() - Dispose called without knowing the original throttle listener
23,002 [main] WARN  jmrix.AbstractThrottle.release() - Release called without knowing the original throttle listener
23,138 [main] WARN  jmrix.AbstractThrottle.dispatch() - dispatch called without knowing the original throttle listener
29,019 [main] ERROR configurexml.BlockBossLogicXml.load() - Ignoring a <signalelement> element with no signal attribute value
29,023 [main] ERROR configurexml.BlockBossLogicXml.load() - SignalHead IH1 not defined, <signalelement> element referring to it is ignored
29,894 [main] WARN  jmri.NamedBeanHandleManager.updateBeanFromUserToSystem() - updateBeanFromUserToSystem requires non-blank user name: "ISNO_USER_NAME" not renamed
30,287 [main] ERROR jmrix.AbstractThrottle.notifyPropertyChangeListener() - notifyPropertyChangeListener without change
30,293 [main] WARN  jmrix.AbstractThrottle.dispose() - Dispose called without knowing the original throttle listener
30,361 [main] ERROR jmrix.AbstractThrottle.sendFunctionGroup4() - Can't send F13-F20 since no command station defined
30,364 [main] ERROR jmrix.AbstractThrottle.sendFunctionGroup5() - Can't send F21-F28 since no command station defined
30,378 [main] WARN  jmrix.AbstractThrottle.release() - Release called without knowing the original throttle listener
30,478 [main] ERROR jmrix.AbstractThrottle.sendFunctionGroup4() - Can't send F13-F20 since no command station defined
30,481 [main] ERROR jmrix.AbstractThrottle.sendFunctionGroup4() - Can't send F13-F20 since no command station defined
30,484 [main] ERROR jmrix.AbstractThrottle.sendFunctionGroup4() - Can't send F13-F20 since no command station defined
30,490 [main] ERROR jmrix.AbstractThrottle.sendFunctionGroup4() - Can't send F13-F20 since no command station defined
30,493 [main] ERROR jmrix.AbstractThrottle.sendFunctionGroup4() - Can't send F13-F20 since no command station defined
30,496 [main] ERROR jmrix.AbstractThrottle.sendFunctionGroup4() - Can't send F13-F20 since no command station defined
30,499 [main] ERROR jmrix.AbstractThrottle.sendFunctionGroup4() - Can't send F13-F20 since no command station defined
30,502 [main] ERROR jmrix.AbstractThrottle.sendFunctionGroup4() - Can't send F13-F20 since no command station defined
30,505 [main] ERROR jmrix.AbstractThrottle.sendFunctionGroup5() - Can't send F21-F28 since no command station defined
30,508 [main] ERROR jmrix.AbstractThrottle.sendFunctionGroup5() - Can't send F21-F28 since no command station defined
30,511 [main] ERROR jmrix.AbstractThrottle.sendFunctionGroup5() - Can't send F21-F28 since no command station defined
30,514 [main] ERROR jmrix.AbstractThrottle.sendFunctionGroup5() - Can't send F21-F28 since no command station defined
30,517 [main] ERROR jmrix.AbstractThrottle.sendFunctionGroup5() - Can't send F21-F28 since no command station defined
30,520 [main] ERROR jmrix.AbstractThrottle.sendFunctionGroup5() - Can't send F21-F28 since no command station defined
30,523 [main] ERROR jmrix.AbstractThrottle.sendFunctionGroup5() - Can't send F21-F28 since no command station defined
30,526 [main] ERROR jmrix.AbstractThrottle.sendFunctionGroup5() - Can't send F21-F28 since no command station defined
30,534 [main] WARN  jmrix.AbstractThrottle.dispatch() - dispatch called without knowing the original throttle listener
30,786 [main] ERROR jmrix.AbstractThrottle.notifyPropertyChangeListener() - notifyPropertyChangeListener without change
30,792 [main] WARN  jmrix.AbstractThrottle.dispose() - Dispose called without knowing the original throttle listener
30,853 [main] ERROR jmrix.AbstractThrottle.sendFunctionGroup4() - Can't send F13-F20 since no command station defined
30,856 [main] ERROR jmrix.AbstractThrottle.sendFunctionGroup5() - Can't send F21-F28 since no command station defined
30,871 [main] WARN  jmrix.AbstractThrottle.release() - Release called without knowing the original throttle listener
30,968 [main] ERROR jmrix.AbstractThrottle.sendFunctionGroup4() - Can't send F13-F20 since no command station defined
30,971 [main] ERROR jmrix.AbstractThrottle.sendFunctionGroup4() - Can't send F13-F20 since no command station defined
30,974 [main] ERROR jmrix.AbstractThrottle.sendFunctionGroup4() - Can't send F13-F20 since no command station defined
30,977 [main] ERROR jmrix.AbstractThrottle.sendFunctionGroup4() - Can't send F13-F20 since no command station defined
30,980 [main] ERROR jmrix.AbstractThrottle.sendFunctionGroup4() - Can't send F13-F20 since no command station defined
30,984 [main] ERROR jmrix.AbstractThrottle.sendFunctionGroup4() - Can't send F13-F20 since no command station defined
30,987 [main] ERROR jmrix.AbstractThrottle.sendFunctionGroup4() - Can't send F13-F20 since no command station defined
30,990 [main] ERROR jmrix.AbstractThrottle.sendFunctionGroup4() - Can't send F13-F20 since no command station defined
30,993 [main] ERROR jmrix.AbstractThrottle.sendFunctionGroup5() - Can't send F21-F28 since no command station defined
30,996 [main] ERROR jmrix.AbstractThrottle.sendFunctionGroup5() - Can't send F21-F28 since no command station defined
30,999 [main] ERROR jmrix.AbstractThrottle.sendFunctionGroup5() - Can't send F21-F28 since no command station defined
31,002 [main] ERROR jmrix.AbstractThrottle.sendFunctionGroup5() - Can't send F21-F28 since no command station defined
31,005 [main] ERROR jmrix.AbstractThrottle.sendFunctionGroup5() - Can't send F21-F28 since no command station defined
31,008 [main] ERROR jmrix.AbstractThrottle.sendFunctionGroup5() - Can't send F21-F28 since no command station defined
31,011 [main] ERROR jmrix.AbstractThrottle.sendFunctionGroup5() - Can't send F21-F28 since no command station defined
31,014 [main] ERROR jmrix.AbstractThrottle.sendFunctionGroup5() - Can't send F21-F28 since no command station defined
31,022 [main] WARN  jmrix.AbstractThrottle.dispatch() - dispatch called without knowing the original throttle listener
04,558 [main] ERROR symbolicprog.VariableTableModel.valueOfExistsLogic() - Arithmetic EQ operation when watched value doesn't exist
05,191 [main] ERROR jmrix.AbstractThrottle.notifyPropertyChangeListener() - notifyPropertyChangeListener without change
05,199 [main] WARN  jmrix.AbstractThrottle.dispose() - Dispose called without knowing the original throttle listener
05,292 [main] WARN  jmrix.AbstractThrottle.release() - Release called without knowing the original throttle listener
05,422 [main] WARN  jmrix.AbstractThrottle.dispatch() - dispatch called without knowing the original throttle listener
15,590 [main] ERROR managers.AbstractTurnoutManager.newTurnout() - Invalid system name for turnout: UT needed UT
16,014 [main] ERROR jmris.JmriServer.<init>() - Failed to connect to port 25520
17,382 [main] WARN  jmrit.Sound.playSoundBuffer() - line not supported: interface SourceDataLine supporting format PCM_UNSIGNED 11200.0 Hz, 8 bit, mono, 1 bytes/frame, 
20,541 [main] WARN  loconet.SlotManager.sendPacket() - Ops Mode Accessory Packet 'Send count' reduced from 9 to 8.
20,541 [main] WARN  loconet.SlotManager.sendPacket() - Ops Mode Accessory Packet 'Send count' of 0 is illegal and is forced to 1.
20,541 [main] WARN  loconet.SlotManager.sendPacket() - Ops Mode Accessory Packet 'Send count' of -1 is illegal and is forced to 1.
23,737 [main] ERROR implementation.DccConsist.setConsistType() - Consist Type Not Supported
23,890 [main] ERROR managers.AbstractTurnoutManager.newTurnout() - Invalid system name for turnout: ET needed ET
25,047 [main] ERROR managers.AbstractTurnoutManager.newTurnout() - Invalid system name for turnout: AT needed AT
25,222 [main] ERROR managers.AbstractTurnoutManager.newTurnout() - Invalid system name for turnout: TT needed TT
25,319 [main] WARN  li100.LI100XNetInitializationManager.init() - Command Station disconnected, or powered down assuming LZ100/LZV100 V3.x
40,451 [main] ERROR symbolicprog.VariableTableModel.valueOfExistsLogic() - Arithmetic EQ operation when watched value doesn't exist
40,667 [main] ERROR managers.AbstractTurnoutManager.newTurnout() - Invalid system name for turnout: XT needed XT
41,346 [main] ERROR cars.Car.<init>() - Kernel TESTKERNEL does not exist
50,669 [main] WARN  jmri.NamedBeanHandleManager.updateBeanFromUserToSystem() - updateBeanFromUserToSystem requires non-blank user name: "ISNO_USER_NAME" not renamed
50,816 [main] WARN  implementation.SignalSpeedMap.getSpeed() - attempting to get speed for invalid name: 'Faster'
51,039 [AWT-EventQueue-0] WARN  jmri.InstanceManagerTest.dispose() - dispose called 1
51,040 [AWT-EventQueue-0] WARN  jmri.InstanceManagerTest.dispose() - dispose called 2
51,047 [AWT-EventQueue-0] WARN  jmri.InstanceManagerTest.dispose() - dispose called 1
51,048 [AWT-EventQueue-0] WARN  jmri.InstanceManagerTest.dispose() - dispose called 2
51,068 [main] ERROR jmri.InstanceManager.getInstance() - Proceeding to initialize class jmri.InstanceManagerTest$AutoCreateCycle while already in initialization
java.lang.Exception: Thread "main"
	at jmri.InstanceManager.getInstance(InstanceManager.java:282)
	at jmri.InstanceManager.getNullableDefault(InstanceManager.java:239)
	at jmri.InstanceManager.getDefault(InstanceManager.java:210)
	at jmri.InstanceManagerTest$AutoCreateCycle.<init>(InstanceManagerTest.java:176)
	at sun.reflect.NativeConstructorAccessorImpl.newInstance0(Native Method)
	at sun.reflect.NativeConstructorAccessorImpl.newInstance(NativeConstructorAccessorImpl.java:62)
	at sun.reflect.DelegatingConstructorAccessorImpl.newInstance(DelegatingConstructorAccessorImpl.java:45)
	at java.lang.reflect.Constructor.newInstance(Constructor.java:423)
	at jmri.InstanceManager.getInstance(InstanceManager.java:295)
	at jmri.InstanceManager.getNullableDefault(InstanceManager.java:239)
	at jmri.InstanceManager.getDefault(InstanceManager.java:210)
	at jmri.InstanceManagerTest.testAutoCreateCycle(InstanceManagerTest.java:184)
	at sun.reflect.NativeMethodAccessorImpl.invoke0(Native Method)
	at sun.reflect.NativeMethodAccessorImpl.invoke(NativeMethodAccessorImpl.java:62)
	at sun.reflect.DelegatingMethodAccessorImpl.invoke(DelegatingMethodAccessorImpl.java:43)
	at java.lang.reflect.Method.invoke(Method.java:498)
	at org.junit.runners.model.FrameworkMethod$1.runReflectiveCall(FrameworkMethod.java:50)
	at org.junit.internal.runners.model.ReflectiveCallable.run(ReflectiveCallable.java:12)
	at org.junit.runners.model.FrameworkMethod.invokeExplosively(FrameworkMethod.java:47)
	at org.junit.internal.runners.statements.InvokeMethod.evaluate(InvokeMethod.java:17)
	at org.junit.internal.runners.statements.RunBefores.evaluate(RunBefores.java:26)
	at org.junit.internal.runners.statements.RunAfters.evaluate(RunAfters.java:27)
	at org.junit.runners.ParentRunner.runLeaf(ParentRunner.java:325)
	at org.junit.runners.BlockJUnit4ClassRunner.runChild(BlockJUnit4ClassRunner.java:78)
	at org.junit.runners.BlockJUnit4ClassRunner.runChild(BlockJUnit4ClassRunner.java:57)
	at org.junit.runners.ParentRunner$3.run(ParentRunner.java:290)
	at org.junit.runners.ParentRunner$1.schedule(ParentRunner.java:71)
	at org.junit.runners.ParentRunner.runChildren(ParentRunner.java:288)
	at org.junit.runners.ParentRunner.access$000(ParentRunner.java:58)
	at org.junit.runners.ParentRunner$2.evaluate(ParentRunner.java:268)
	at org.junit.runners.ParentRunner.run(ParentRunner.java:363)
	at org.junit.runners.Suite.runChild(Suite.java:128)
	at org.junit.runners.Suite.runChild(Suite.java:27)
	at org.junit.runners.ParentRunner$3.run(ParentRunner.java:290)
	at org.junit.runners.ParentRunner$1.schedule(ParentRunner.java:71)
	at org.junit.runners.ParentRunner.runChildren(ParentRunner.java:288)
	at org.junit.runners.ParentRunner.access$000(ParentRunner.java:58)
	at org.junit.runners.ParentRunner$2.evaluate(ParentRunner.java:268)
	at org.junit.runners.ParentRunner.run(ParentRunner.java:363)
	at junit.framework.JUnit4TestAdapter.run(JUnit4TestAdapter.java:38)
	at junit.framework.TestSuite.runTest(TestSuite.java:252)
	at junit.framework.TestSuite.run(TestSuite.java:247)
	at org.junit.internal.runners.JUnit38ClassRunner.run(JUnit38ClassRunner.java:86)
	at org.junit.runner.JUnitCore.run(JUnitCore.java:137)
	at org.junit.runner.JUnitCore.run(JUnitCore.java:115)
	at com.gzoltar.core.instr.testing.junit.JUnitRunner.run(JUnitRunner.java:47)
	at com.gzoltar.core.instr.Runner.main(Runner.java:46)
51,069 [main] ERROR jmri.InstanceManager.getInstance() -     Prior initialization:
java.lang.Exception: Thread main
	at jmri.InstanceManager.setInitializationState(InstanceManager.java:938)
	at jmri.InstanceManager.getInstance(InstanceManager.java:280)
	at jmri.InstanceManager.getNullableDefault(InstanceManager.java:239)
	at jmri.InstanceManager.getDefault(InstanceManager.java:210)
	at jmri.InstanceManagerTest.testAutoCreateCycle(InstanceManagerTest.java:184)
	at sun.reflect.NativeMethodAccessorImpl.invoke0(Native Method)
	at sun.reflect.NativeMethodAccessorImpl.invoke(NativeMethodAccessorImpl.java:62)
	at sun.reflect.DelegatingMethodAccessorImpl.invoke(DelegatingMethodAccessorImpl.java:43)
	at java.lang.reflect.Method.invoke(Method.java:498)
	at org.junit.runners.model.FrameworkMethod$1.runReflectiveCall(FrameworkMethod.java:50)
	at org.junit.internal.runners.model.ReflectiveCallable.run(ReflectiveCallable.java:12)
	at org.junit.runners.model.FrameworkMethod.invokeExplosively(FrameworkMethod.java:47)
	at org.junit.internal.runners.statements.InvokeMethod.evaluate(InvokeMethod.java:17)
	at org.junit.internal.runners.statements.RunBefores.evaluate(RunBefores.java:26)
	at org.junit.internal.runners.statements.RunAfters.evaluate(RunAfters.java:27)
	at org.junit.runners.ParentRunner.runLeaf(ParentRunner.java:325)
	at org.junit.runners.BlockJUnit4ClassRunner.runChild(BlockJUnit4ClassRunner.java:78)
	at org.junit.runners.BlockJUnit4ClassRunner.runChild(BlockJUnit4ClassRunner.java:57)
	at org.junit.runners.ParentRunner$3.run(ParentRunner.java:290)
	at org.junit.runners.ParentRunner$1.schedule(ParentRunner.java:71)
	at org.junit.runners.ParentRunner.runChildren(ParentRunner.java:288)
	at org.junit.runners.ParentRunner.access$000(ParentRunner.java:58)
	at org.junit.runners.ParentRunner$2.evaluate(ParentRunner.java:268)
	at org.junit.runners.ParentRunner.run(ParentRunner.java:363)
	at org.junit.runners.Suite.runChild(Suite.java:128)
	at org.junit.runners.Suite.runChild(Suite.java:27)
	at org.junit.runners.ParentRunner$3.run(ParentRunner.java:290)
	at org.junit.runners.ParentRunner$1.schedule(ParentRunner.java:71)
	at org.junit.runners.ParentRunner.runChildren(ParentRunner.java:288)
	at org.junit.runners.ParentRunner.access$000(ParentRunner.java:58)
	at org.junit.runners.ParentRunner$2.evaluate(ParentRunner.java:268)
	at org.junit.runners.ParentRunner.run(ParentRunner.java:363)
	at junit.framework.JUnit4TestAdapter.run(JUnit4TestAdapter.java:38)
	at junit.framework.TestSuite.runTest(TestSuite.java:252)
	at junit.framework.TestSuite.run(TestSuite.java:247)
	at org.junit.internal.runners.JUnit38ClassRunner.run(JUnit38ClassRunner.java:86)
	at org.junit.runner.JUnitCore.run(JUnitCore.java:137)
	at org.junit.runner.JUnitCore.run(JUnitCore.java:115)
	at com.gzoltar.core.instr.testing.junit.JUnitRunner.run(JUnitRunner.java:47)
	at com.gzoltar.core.instr.Runner.main(Runner.java:46)
51,242 [main] ERROR jmri.NmraPacket.speedStep28Packet() - invalid speed -1
51,242 [main] ERROR jmri.NmraPacket.speedStep28Packet() - invalid speed 29
51,432 [main] ERROR jmri.NmraPacket.speedStep28Packet() - invalid speed -1
51,432 [main] ERROR jmri.NmraPacket.speedStep28Packet() - invalid speed 32
51,498 [main] ERROR jmri.NmraPacket.accDecoderPkt() - invalid address 0
52,350 [main] WARN  jmri.Section.addBlock() - Block IB1 does not have a user name, may not work correctly in Section TS1
52,526 [main] WARN  jmri.ApplicationTest.setApplication() - Unable to set application name java.lang.IllegalAccessException: Application name cannot be modified once set.
29,925 [main] ERROR implementation.AbstractSignalMast.configureSignalSystemDefinition() - Did not find signal definition: notanaspect
30,251 [main] WARN  implementation.SignalHeadSignalMast.setAspect() - attempting to set invalid aspect: Not An Aspect, I Hope on mast: user
36,648 [main] ERROR implementation.DccConsist.setConsistType() - Consist Type Not Supported
36,715 [main] ERROR implementation.DccConsist.setConsistType() - Consist Type Not Supported
39,616 [main] ERROR implementation.RawTurnoutOperator.<init>() - No match against the command station for IT1, so will use the default
40,767 [main] ERROR managers.AbstractTurnoutManager.newTurnout() - Invalid system name for turnout: JT needed JT
40,827 [main] WARN  managers.JmriUserPreferencesManager.setClassDescription() - class name "non.existant.class" cannot be found, perhaps an expected plugin is missing?
41,729 [main] WARN  jmrix.AbstractProgrammer.registerFromCV() - Unhandled register from cv: 5
41,730 [main] WARN  jmrix.AbstractProgrammer.registerFromCV() - Unhandled register from cv: 6
41,730 [main] WARN  jmrix.AbstractProgrammer.registerFromCV() - Unhandled register from cv: 9
41,730 [main] WARN  jmrix.AbstractProgrammer.registerFromCV() - Unhandled register from cv: 10
41,730 [main] WARN  jmrix.AbstractProgrammer.registerFromCV() - Unhandled register from cv: 11
41,730 [main] WARN  jmrix.AbstractProgrammer.registerFromCV() - Unhandled register from cv: 12
41,731 [main] WARN  jmrix.AbstractProgrammer.registerFromCV() - Unhandled register from cv: 13
41,731 [main] WARN  jmrix.AbstractProgrammer.registerFromCV() - Unhandled register from cv: 14
41,731 [main] WARN  jmrix.AbstractProgrammer.registerFromCV() - Unhandled register from cv: 15
41,731 [main] WARN  jmrix.AbstractProgrammer.registerFromCV() - Unhandled register from cv: 16
41,732 [main] WARN  jmrix.AbstractProgrammer.registerFromCV() - Unhandled register from cv: 17
41,732 [main] WARN  jmrix.AbstractProgrammer.registerFromCV() - Unhandled register from cv: 18
41,732 [main] WARN  jmrix.AbstractProgrammer.registerFromCV() - Unhandled register from cv: 19
41,732 [main] WARN  jmrix.AbstractProgrammer.registerFromCV() - Unhandled register from cv: 20
41,732 [main] WARN  jmrix.AbstractProgrammer.registerFromCV() - Unhandled register from cv: 21
41,733 [main] WARN  jmrix.AbstractProgrammer.registerFromCV() - Unhandled register from cv: 22
41,733 [main] WARN  jmrix.AbstractProgrammer.registerFromCV() - Unhandled register from cv: 23
41,733 [main] WARN  jmrix.AbstractProgrammer.registerFromCV() - Unhandled register from cv: 24
41,733 [main] WARN  jmrix.AbstractProgrammer.registerFromCV() - Unhandled register from cv: 25
41,733 [main] WARN  jmrix.AbstractProgrammer.registerFromCV() - Unhandled register from cv: 26
41,733 [main] WARN  jmrix.AbstractProgrammer.registerFromCV() - Unhandled register from cv: 27
41,734 [main] WARN  jmrix.AbstractProgrammer.registerFromCV() - Unhandled register from cv: 28
41,940 [main] ERROR jmrix.AbstractThrottle.sendFunctionGroup1() - sendFunctionGroup1 needs to be implemented if invoked
41,946 [main] ERROR jmrix.AbstractThrottle.sendFunctionGroup1() - sendFunctionGroup1 needs to be implemented if invoked
41,951 [main] ERROR jmrix.AbstractThrottle.sendFunctionGroup1() - sendFunctionGroup1 needs to be implemented if invoked
41,956 [main] ERROR jmrix.AbstractThrottle.sendFunctionGroup1() - sendFunctionGroup1 needs to be implemented if invoked
41,961 [main] ERROR jmrix.AbstractThrottle.sendFunctionGroup1() - sendFunctionGroup1 needs to be implemented if invoked
41,965 [main] ERROR jmrix.AbstractThrottle.sendFunctionGroup2() - sendFunctionGroup2 needs to be implemented if invoked
41,970 [main] ERROR jmrix.AbstractThrottle.sendFunctionGroup2() - sendFunctionGroup2 needs to be implemented if invoked
41,975 [main] ERROR jmrix.AbstractThrottle.sendFunctionGroup2() - sendFunctionGroup2 needs to be implemented if invoked
41,980 [main] ERROR jmrix.AbstractThrottle.sendFunctionGroup2() - sendFunctionGroup2 needs to be implemented if invoked
41,985 [main] ERROR jmrix.AbstractThrottle.sendFunctionGroup3() - sendFunctionGroup3 needs to be implemented if invoked
42,086 [main] ERROR jmrix.AbstractThrottle.notifyPropertyChangeListener() - notifyPropertyChangeListener without change
42,101 [main] WARN  jmrix.AbstractThrottle.dispose() - Dispose called without knowing the original throttle listener
42,240 [main] ERROR jmrix.AbstractThrottle.sendFunctionGroup1() - sendFunctionGroup1 needs to be implemented if invoked
42,248 [main] ERROR jmrix.AbstractThrottle.sendFunctionGroup2() - sendFunctionGroup2 needs to be implemented if invoked
42,256 [main] ERROR jmrix.AbstractThrottle.sendFunctionGroup3() - sendFunctionGroup3 needs to be implemented if invoked
42,264 [main] ERROR jmrix.AbstractThrottle.sendFunctionGroup4() - Can't send F13-F20 since no command station defined
42,271 [main] ERROR jmrix.AbstractThrottle.sendFunctionGroup5() - Can't send F21-F28 since no command station defined
42,309 [main] WARN  jmrix.AbstractThrottle.release() - Release called without knowing the original throttle listener
42,525 [main] ERROR jmrix.AbstractThrottle.sendFunctionGroup3() - sendFunctionGroup3 needs to be implemented if invoked
42,531 [main] ERROR jmrix.AbstractThrottle.sendFunctionGroup3() - sendFunctionGroup3 needs to be implemented if invoked
42,538 [main] ERROR jmrix.AbstractThrottle.sendFunctionGroup3() - sendFunctionGroup3 needs to be implemented if invoked
42,544 [main] ERROR jmrix.AbstractThrottle.sendFunctionGroup4() - Can't send F13-F20 since no command station defined
42,551 [main] ERROR jmrix.AbstractThrottle.sendFunctionGroup4() - Can't send F13-F20 since no command station defined
42,557 [main] ERROR jmrix.AbstractThrottle.sendFunctionGroup4() - Can't send F13-F20 since no command station defined
42,564 [main] ERROR jmrix.AbstractThrottle.sendFunctionGroup4() - Can't send F13-F20 since no command station defined
42,570 [main] ERROR jmrix.AbstractThrottle.sendFunctionGroup4() - Can't send F13-F20 since no command station defined
42,577 [main] ERROR jmrix.AbstractThrottle.sendFunctionGroup4() - Can't send F13-F20 since no command station defined
42,583 [main] ERROR jmrix.AbstractThrottle.sendFunctionGroup4() - Can't send F13-F20 since no command station defined
42,588 [main] ERROR jmrix.AbstractThrottle.sendFunctionGroup4() - Can't send F13-F20 since no command station defined
42,593 [main] ERROR jmrix.AbstractThrottle.sendFunctionGroup5() - Can't send F21-F28 since no command station defined
42,599 [main] ERROR jmrix.AbstractThrottle.sendFunctionGroup5() - Can't send F21-F28 since no command station defined
42,604 [main] ERROR jmrix.AbstractThrottle.sendFunctionGroup5() - Can't send F21-F28 since no command station defined
42,610 [main] ERROR jmrix.AbstractThrottle.sendFunctionGroup5() - Can't send F21-F28 since no command station defined
42,615 [main] ERROR jmrix.AbstractThrottle.sendFunctionGroup5() - Can't send F21-F28 since no command station defined
42,620 [main] ERROR jmrix.AbstractThrottle.sendFunctionGroup5() - Can't send F21-F28 since no command station defined
42,626 [main] ERROR jmrix.AbstractThrottle.sendFunctionGroup5() - Can't send F21-F28 since no command station defined
42,631 [main] ERROR jmrix.AbstractThrottle.sendFunctionGroup5() - Can't send F21-F28 since no command station defined
42,648 [main] WARN  jmrix.AbstractThrottle.dispatch() - dispatch called without knowing the original throttle listener
42,973 [main] ERROR managers.AbstractTurnoutManager.newTurnout() - Invalid system name for turnout: AT needed AT
43,537 [main] ERROR acela.AcelaSignalHead.<init>() - Can't find new Acela Signal with name 'AH1'
43,542 [main] ERROR acela.AcelaSignalHead.<init>() - Can't find new Acela Signal with name 'AH1'
46,032 [main] ERROR jmrix.AbstractThrottle.notifyPropertyChangeListener() - notifyPropertyChangeListener without change
46,047 [main] WARN  jmrix.AbstractThrottle.dispose() - Dispose called without knowing the original throttle listener
46,210 [main] WARN  jmrix.AbstractThrottle.release() - Release called without knowing the original throttle listener
46,467 [main] WARN  jmrix.AbstractThrottle.dispatch() - dispatch called without knowing the original throttle listener
47,019 [main] ERROR managers.AbstractTurnoutManager.newTurnout() - Invalid system name for turnout: CT needed CT
47,354 [main] WARN  cmri.CMRISystemConnectionMemo.makeSystemName() - invalid bit number proposed for system name
47,355 [main] WARN  cmri.CMRISystemConnectionMemo.makeSystemName() - invalid node address proposed for system name
47,355 [main] ERROR cmri.CMRISystemConnectionMemo.makeSystemName() - invalid type character proposed for system name
47,363 [main] WARN  cmri.CMRISystemConnectionMemo.isInputBitFree() - invalid bit number in free bit test
47,364 [main] WARN  cmri.CMRISystemConnectionMemo.isInputBitFree() - invalid node address in free bit test
47,372 [main] WARN  cmri.CMRISystemConnectionMemo.isOutputBitFree() - invalid bit number in free bit test
47,372 [main] WARN  cmri.CMRISystemConnectionMemo.isOutputBitFree() - invalid node address in free bit test
47,389 [main] WARN  cmri.CMRISystemConnectionMemo.getNodeAddressFromSystemName() - no node address before 'B' in CMRI system name: CLB7
47,389 [main] ERROR cmri.CMRISystemConnectionMemo.getNodeAddressFromSystemName() - invalid character in header field of system name: CR7
47,397 [main] ERROR cmri.CMRISystemConnectionMemo.validSystemNameFormat() - invalid type character in CMRI system name: CY2005
47,398 [main] ERROR cmri.CMRISystemConnectionMemo.validSystemNameFormat() - invalid type character in CMRI system name: CY2B5
47,455 [main] WARN  cmri.CMRISystemConnectionMemo.getNodeAddressFromSystemName() - no node address before 'B' in CMRI system name: K2LB7
47,455 [main] ERROR cmri.CMRISystemConnectionMemo.getNodeAddressFromSystemName() - invalid character in header field of system name: K2R7
47,464 [main] WARN  cmri.CMRISystemConnectionMemo.makeSystemName() - invalid bit number proposed for system name
47,464 [main] WARN  cmri.CMRISystemConnectionMemo.makeSystemName() - invalid node address proposed for system name
47,464 [main] ERROR cmri.CMRISystemConnectionMemo.makeSystemName() - invalid type character proposed for system name
47,474 [main] WARN  cmri.CMRISystemConnectionMemo.isInputBitFree() - invalid bit number in free bit test
47,474 [main] WARN  cmri.CMRISystemConnectionMemo.isInputBitFree() - invalid node address in free bit test
47,484 [main] WARN  cmri.CMRISystemConnectionMemo.isOutputBitFree() - invalid bit number in free bit test
47,484 [main] WARN  cmri.CMRISystemConnectionMemo.isOutputBitFree() - invalid node address in free bit test
47,521 [main] WARN  cmri.CMRISystemConnectionMemo.getNodeAddressFromSystemName() - no node address before 'B' in CMRI system name: CLB7
47,521 [main] ERROR cmri.CMRISystemConnectionMemo.getNodeAddressFromSystemName() - invalid character in header field of system name: CR7
47,530 [main] ERROR cmri.CMRISystemConnectionMemo.validSystemNameFormat() - invalid type character in CMRI system name: CY2005
47,530 [main] ERROR cmri.CMRISystemConnectionMemo.validSystemNameFormat() - invalid type character in CMRI system name: CY2B5
47,550 [main] WARN  cmri.CMRISystemConnectionMemo.makeSystemName() - invalid bit number proposed for system name
47,550 [main] WARN  cmri.CMRISystemConnectionMemo.makeSystemName() - invalid node address proposed for system name
47,550 [main] ERROR cmri.CMRISystemConnectionMemo.makeSystemName() - invalid type character proposed for system name
48,472 [main] ERROR managers.AbstractTurnoutManager.newTurnout() - Invalid system name for turnout: BT needed BT
57,079 [main] ERROR jmrix.AbstractThrottle.notifyPropertyChangeListener() - notifyPropertyChangeListener without change
57,089 [main] WARN  jmrix.AbstractThrottle.dispose() - Dispose called without knowing the original throttle listener
57,232 [main] WARN  jmrix.AbstractThrottle.release() - Release called without knowing the original throttle listener
57,479 [main] WARN  jmrix.AbstractThrottle.dispatch() - dispatch called without knowing the original throttle listener
59,044 [main] ERROR jmrix.AbstractThrottle.notifyPropertyChangeListener() - notifyPropertyChangeListener without change
59,062 [main] WARN  jmrix.AbstractThrottle.dispose() - Dispose called without knowing the original throttle listener
59,347 [main] WARN  jmrix.AbstractThrottle.release() - Release called without knowing the original throttle listener
59,569 [main] WARN  jmrix.AbstractThrottle.dispatch() - dispatch called without knowing the original throttle listener
04,808 [main] ERROR rules.RetryRule.evaluate() - testGetLastSenderNull(jmri.jmrix.dccpp.dccppovertcp.DCCppOverTcpPacketizerTest) : giving up after 3 failures
04,822 [main] ERROR rules.RetryRule.evaluate() - testCtor(jmri.jmrix.dccpp.dccppovertcp.DCCppOverTcpPacketizerTest) : giving up after 3 failures
04,836 [main] ERROR rules.RetryRule.evaluate() - testAddNullListener(jmri.jmrix.dccpp.dccppovertcp.DCCppOverTcpPacketizerTest) : giving up after 3 failures
04,850 [main] ERROR rules.RetryRule.evaluate() - testPortReadyToSendNullController(jmri.jmrix.dccpp.dccppovertcp.DCCppOverTcpPacketizerTest) : giving up after 3 failures
04,865 [main] ERROR rules.RetryRule.evaluate() - testHasTimeouts(jmri.jmrix.dccpp.dccppovertcp.DCCppOverTcpPacketizerTest) : giving up after 3 failures
04,882 [main] ERROR rules.RetryRule.evaluate() - testStatus(jmri.jmrix.dccpp.dccppovertcp.DCCppOverTcpPacketizerTest) : giving up after 3 failures
36,028 [main] ERROR managers.AbstractTurnoutManager.newTurnout() - Invalid system name for turnout: ET needed ET
38,351 [main] ERROR jmrix.AbstractThrottle.notifyPropertyChangeListener() - notifyPropertyChangeListener without change
38,362 [main] WARN  jmrix.AbstractThrottle.dispose() - Dispose called without knowing the original throttle listener
38,477 [main] ERROR jmrix.AbstractThrottle.sendFunctionGroup4() - Can't send F13-F20 since no command station defined
38,483 [main] ERROR jmrix.AbstractThrottle.sendFunctionGroup5() - Can't send F21-F28 since no command station defined
38,512 [main] WARN  jmrix.AbstractThrottle.release() - Release called without knowing the original throttle listener
38,730 [main] ERROR jmrix.AbstractThrottle.sendFunctionGroup4() - Can't send F13-F20 since no command station defined
38,738 [main] ERROR jmrix.AbstractThrottle.sendFunctionGroup4() - Can't send F13-F20 since no command station defined
38,746 [main] ERROR jmrix.AbstractThrottle.sendFunctionGroup4() - Can't send F13-F20 since no command station defined
38,754 [main] ERROR jmrix.AbstractThrottle.sendFunctionGroup4() - Can't send F13-F20 since no command station defined
38,762 [main] ERROR jmrix.AbstractThrottle.sendFunctionGroup4() - Can't send F13-F20 since no command station defined
38,770 [main] ERROR jmrix.AbstractThrottle.sendFunctionGroup4() - Can't send F13-F20 since no command station defined
38,779 [main] ERROR jmrix.AbstractThrottle.sendFunctionGroup4() - Can't send F13-F20 since no command station defined
38,788 [main] ERROR jmrix.AbstractThrottle.sendFunctionGroup4() - Can't send F13-F20 since no command station defined
38,796 [main] ERROR jmrix.AbstractThrottle.sendFunctionGroup5() - Can't send F21-F28 since no command station defined
38,805 [main] ERROR jmrix.AbstractThrottle.sendFunctionGroup5() - Can't send F21-F28 since no command station defined
38,814 [main] ERROR jmrix.AbstractThrottle.sendFunctionGroup5() - Can't send F21-F28 since no command station defined
38,822 [main] ERROR jmrix.AbstractThrottle.sendFunctionGroup5() - Can't send F21-F28 since no command station defined
38,831 [main] ERROR jmrix.AbstractThrottle.sendFunctionGroup5() - Can't send F21-F28 since no command station defined
38,840 [main] ERROR jmrix.AbstractThrottle.sendFunctionGroup5() - Can't send F21-F28 since no command station defined
38,849 [main] ERROR jmrix.AbstractThrottle.sendFunctionGroup5() - Can't send F21-F28 since no command station defined
38,858 [main] ERROR jmrix.AbstractThrottle.sendFunctionGroup5() - Can't send F21-F28 since no command station defined
38,884 [main] WARN  jmrix.AbstractThrottle.dispatch() - dispatch called without knowing the original throttle listener
54,751 [main] ERROR managers.AbstractTurnoutManager.newTurnout() - Invalid system name for turnout: UT needed UT
01,060 [main] ERROR jmrix.AbstractThrottle.notifyPropertyChangeListener() - notifyPropertyChangeListener without change
01,178 [main] WARN  jmrix.AbstractThrottle.dispose() - Dispose called without knowing the original throttle listener
02,683 [main] WARN  jmrix.AbstractThrottle.release() - Release called without knowing the original throttle listener
08,331 [main] WARN  jmrix.AbstractThrottle.dispatch() - dispatch called without knowing the original throttle listener
10,366 [main] ERROR managers.AbstractTurnoutManager.newTurnout() - Invalid system name for turnout: GT needed GT
10,841 [main] WARN  grapevine.SerialTrafficController.doNextStep() - 1st byte not address: 1
10,849 [main] WARN  grapevine.SerialTrafficController.doNextStep() - 2nd byte HOB set: 129, going to state 1
10,857 [main] WARN  grapevine.SerialTrafficController.doNextStep() - addresses don't match: 128, 1, going to state 1
10,865 [main] WARN  grapevine.SerialTrafficController.doNextStep() - 3rd byte HOB set: 129, going to state 1
10,873 [main] WARN  grapevine.SerialTrafficController.doNextStep() - parity mismatch: 18, going to state 2 with content 129,32
10,881 [main] WARN  grapevine.SerialTrafficController.doNextStep() - 1st byte not address: 12
10,889 [main] WARN  grapevine.SerialTrafficController.doNextStep() - 2nd byte HOB set: 129, going to state 1
10,897 [main] WARN  grapevine.SerialTrafficController.doNextStep() - addresses don't match: 128, 129, going to state 1
10,905 [main] WARN  grapevine.SerialTrafficController.doNextStep() - parity mismatch: 25, going to state 2 with content 129,90
10,921 [main] WARN  jmrix.AbstractMRNodeTrafficController.deleteNode() - Deleting the serial node active in the polling loop
11,024 [main] WARN  grapevine.SerialAddress.validSystemNameFormat() - invalid bit number 0 in GL22000
11,024 [main] WARN  grapevine.SerialAddress.validSystemNameFormat() - invalid bit number 0 in GL22B0
11,024 [main] WARN  grapevine.SerialAddress.validSystemNameFormat() - invalid bit number 2049 in GL2B2049
11,025 [main] WARN  grapevine.SerialAddress.validSystemNameFormat() - invalid node number 128 in GL128000
11,025 [main] WARN  grapevine.SerialAddress.validSystemNameFormat() - invalid node number 128 in GL128B7
11,030 [main] WARN  grapevine.SerialAddress.validSystemNameFormat() - invalid bit number 133 in GL10133
11,030 [main] WARN  grapevine.SerialAddress.validSystemNameConfig() - invalid system name GL10133
11,031 [main] WARN  grapevine.SerialAddress.validSystemNameFormat() - invalid bit number 133 in GL10B133
11,031 [main] WARN  grapevine.SerialAddress.validSystemNameConfig() - invalid system name GL10B133
11,031 [main] WARN  grapevine.SerialAddress.validSystemNameFormat() - invalid bit number 517 in GS10517
11,031 [main] WARN  grapevine.SerialAddress.validSystemNameConfig() - invalid system name GS10517
11,032 [main] WARN  grapevine.SerialAddress.validSystemNameConfig() - invalid system name GS10B547; bad input bit number 547 > 224
11,032 [main] WARN  grapevine.SerialAddress.validSystemNameFormat() - invalid bit number 517 in GT4517
11,032 [main] WARN  grapevine.SerialAddress.validSystemNameConfig() - invalid system name GT4517
11,032 [main] WARN  grapevine.SerialAddress.validSystemNameFormat() - invalid bit number 299 in GT4299
11,032 [main] WARN  grapevine.SerialAddress.validSystemNameConfig() - invalid system name GT4299
11,033 [main] WARN  grapevine.SerialAddress.validSystemNameFormat() - invalid bit number 309 in GS4309
11,033 [main] WARN  grapevine.SerialAddress.validSystemNameConfig() - invalid system name GS4309
11,033 [main] WARN  grapevine.SerialAddress.validSystemNameConfig() - invalid system name GS4B309; bad input bit number 309 > 224
11,033 [main] WARN  grapevine.SerialAddress.validSystemNameConfig() - invalid system name GL11107; no such node
11,033 [main] WARN  grapevine.SerialAddress.validSystemNameConfig() - invalid system name GL11B107; no such node
11,039 [main] WARN  grapevine.SerialAddress.validSystemNameFormat() - invalid node number 128 in GL128B7
11,044 [main] WARN  grapevine.SerialAddress.validSystemNameFormat() - invalid node number 128 in GL128B7
11,049 [main] ERROR grapevine.SerialAddress.getBitFromSystemName() - illegal system name format: GL29O9
32,233 [main] ERROR managers.AbstractTurnoutManager.newTurnout() - Invalid system name for turnout: IT needed IT
32,723 [main] ERROR managers.AbstractTurnoutManager.newTurnout() - Invalid system name for turnout: JT needed JT
33,320 [main] ERROR lenz.LenzCommandStation.sendPacket() - Send Packet Called without setting traffic controller
33,525 [main] ERROR lenz.XNetMessage.getTurnoutCommandMsg() - XpressNet turnout logic can't handle both THROWN and CLOSED yet
33,531 [main] ERROR lenz.XNetMessage.<init>() - Invalid length in ctor: 21
33,531 [main] ERROR jmrix.AbstractMRMessage.<init>() - invalid length in call to ctor
33,560 [main] ERROR lenz.XNetMessage.getWriteRegisterMsg() - register number too large: 10
33,650 [main] ERROR lenz.XNetMessage.getReadRegisterMsg() - register number too large: 10
34,164 [main] ERROR lenz.XNetMessage.setOpCode() - Opcode invalid: 21
34,164 [main] ERROR lenz.XNetMessage.setOpCode() - Opcode invalid: -21
36,482 [main] ERROR managers.AbstractTurnoutManager.newTurnout() - Invalid system name for turnout: XT needed XT
36,880 [Time-limited test] ERROR lenz.XNetThrottle.message() - Unsupported Command Sent to command station
36,880 [Time-limited test] ERROR lenz.XNetThrottle.message() - Unsupported Command Sent to command station
36,901 [Time-limited test] ERROR lenz.XNetThrottle.message() - Unsupported Command Sent to command station
36,902 [Time-limited test] ERROR lenz.XNetThrottle.message() - Unsupported Command Sent to command station
36,913 [Time-limited test] ERROR lenz.XNetThrottle.message() - Unsupported Command Sent to command station
36,914 [Time-limited test] ERROR lenz.XNetThrottle.message() - Unsupported Command Sent to command station
36,924 [Time-limited test] ERROR lenz.XNetThrottle.message() - Unsupported Command Sent to command station
36,986 [Time-limited test] ERROR lenz.XNetThrottle.message() - Unsupported Command Sent to command station
36,987 [Time-limited test] ERROR lenz.XNetThrottle.message() - Unsupported Command Sent to command station
36,998 [Time-limited test] ERROR lenz.XNetThrottle.message() - Unsupported Command Sent to command station
36,998 [Time-limited test] ERROR lenz.XNetThrottle.message() - Unsupported Command Sent to command station
37,009 [Time-limited test] ERROR lenz.XNetThrottle.message() - Unsupported Command Sent to command station
37,009 [Time-limited test] ERROR lenz.XNetThrottle.message() - Unsupported Command Sent to command station
37,020 [Time-limited test] ERROR lenz.XNetThrottle.message() - Unsupported Command Sent to command station
37,021 [Time-limited test] ERROR lenz.XNetThrottle.message() - Unsupported Command Sent to command station
37,031 [Time-limited test] ERROR lenz.XNetThrottle.message() - Unsupported Command Sent to command station
37,032 [Time-limited test] ERROR lenz.XNetThrottle.message() - Unsupported Command Sent to command station
37,158 [Time-limited test] ERROR lenz.XNetThrottle.message() - Unsupported Command Sent to command station
37,159 [Time-limited test] ERROR lenz.XNetThrottle.message() - Unsupported Command Sent to command station
37,171 [Time-limited test] ERROR lenz.XNetThrottle.message() - Unsupported Command Sent to command station
37,171 [Time-limited test] ERROR lenz.XNetThrottle.message() - Unsupported Command Sent to command station
37,181 [Time-limited test] ERROR lenz.XNetThrottle.message() - Unsupported Command Sent to command station
37,182 [Time-limited test] ERROR lenz.XNetThrottle.message() - Unsupported Command Sent to command station
37,203 [Time-limited test] ERROR lenz.XNetThrottle.message() - Unsupported Command Sent to command station
37,203 [Time-limited test] ERROR lenz.XNetThrottle.message() - Unsupported Command Sent to command station
37,214 [Time-limited test] ERROR lenz.XNetThrottle.message() - Unsupported Command Sent to command station
37,214 [Time-limited test] ERROR lenz.XNetThrottle.message() - Unsupported Command Sent to command station
37,225 [Time-limited test] ERROR lenz.XNetThrottle.message() - Unsupported Command Sent to command station
37,225 [Time-limited test] ERROR lenz.XNetThrottle.message() - Unsupported Command Sent to command station
37,236 [Time-limited test] ERROR lenz.XNetThrottle.message() - Unsupported Command Sent to command station
37,237 [Time-limited test] ERROR lenz.XNetThrottle.message() - Unsupported Command Sent to command station
37,259 [Time-limited test] ERROR lenz.XNetThrottle.message() - Unsupported Command Sent to command station
37,259 [Time-limited test] ERROR lenz.XNetThrottle.message() - Unsupported Command Sent to command station
37,271 [Time-limited test] ERROR lenz.XNetThrottle.message() - Unsupported Command Sent to command station
37,272 [Time-limited test] ERROR lenz.XNetThrottle.message() - Unsupported Command Sent to command station
37,281 [Time-limited test] ERROR lenz.XNetThrottle.message() - Unsupported Command Sent to command station
37,281 [Time-limited test] ERROR lenz.XNetThrottle.message() - Unsupported Command Sent to command station
37,289 [Time-limited test] ERROR lenz.XNetThrottle.message() - Unsupported Command Sent to command station
37,289 [Time-limited test] ERROR lenz.XNetThrottle.message() - Unsupported Command Sent to command station
37,297 [Time-limited test] ERROR lenz.XNetThrottle.message() - Unsupported Command Sent to command station
37,309 [Time-limited test] ERROR lenz.XNetThrottle.message() - Unsupported Command Sent to command station
37,321 [Time-limited test] ERROR lenz.XNetThrottle.message() - Unsupported Command Sent to command station
37,332 [Time-limited test] ERROR lenz.XNetThrottle.message() - Unsupported Command Sent to command station
37,333 [Time-limited test] ERROR lenz.XNetThrottle.message() - Unsupported Command Sent to command station
37,342 [Time-limited test] ERROR lenz.XNetThrottle.message() - Unsupported Command Sent to command station
37,342 [Time-limited test] ERROR lenz.XNetThrottle.message() - Unsupported Command Sent to command station
37,350 [Time-limited test] ERROR lenz.XNetThrottle.message() - Unsupported Command Sent to command station
37,358 [Time-limited test] ERROR lenz.XNetThrottle.message() - Unsupported Command Sent to command station
37,515 [Time-limited test] ERROR lenz.XNetThrottle.message() - Unsupported Command Sent to command station
37,515 [Time-limited test] ERROR lenz.XNetThrottle.message() - Unsupported Command Sent to command station
37,791 [main] ERROR jmrix.AbstractThrottle.notifyPropertyChangeListener() - notifyPropertyChangeListener without change
37,808 [main] WARN  jmrix.AbstractThrottle.dispose() - Dispose called without knowing the original throttle listener
38,008 [main] WARN  jmrix.AbstractThrottle.release() - Release called without knowing the original throttle listener
38,293 [main] WARN  jmrix.AbstractThrottle.dispatch() - dispatch called without knowing the original throttle listener
38,584 [main] WARN  lenz.XNetInitializationManager.init() - Command Station disconnected, or powered down assuming LZ100/LZV100 V3.x
39,564 [main] WARN  li100.LI100XNetInitializationManager.init() - Command Station disconnected, or powered down assuming LZ100/LZV100 V3.x
49,595 [main] ERROR jmrix.AbstractThrottle.notifyPropertyChangeListener() - notifyPropertyChangeListener without change
49,606 [main] WARN  jmrix.AbstractThrottle.dispose() - Dispose called without knowing the original throttle listener
49,760 [main] WARN  jmrix.AbstractThrottle.release() - Release called without knowing the original throttle listener
50,010 [main] WARN  jmrix.AbstractThrottle.dispatch() - dispatch called without knowing the original throttle listener
50,198 [main] ERROR managers.AbstractTurnoutManager.newTurnout() - Invalid system name for turnout: XT needed XT
27,103 [main] WARN  jmrit.Sound.playSoundBuffer() - line not supported: interface SourceDataLine supporting format PCM_UNSIGNED 11200.0 Hz, 8 bit, mono, 1 bytes/frame, 
28,568 [main] WARN  loconet.SlotManager.sendPacket() - Ops Mode Accessory Packet 'Send count' reduced from 9 to 8.
28,569 [main] WARN  loconet.SlotManager.sendPacket() - Ops Mode Accessory Packet 'Send count' of 0 is illegal and is forced to 1.
28,569 [main] WARN  loconet.SlotManager.sendPacket() - Ops Mode Accessory Packet 'Send count' of -1 is illegal and is forced to 1.
33,222 [main] ERROR jmrix.AbstractThrottle.notifyPropertyChangeListener() - notifyPropertyChangeListener without change
33,234 [main] WARN  jmrix.AbstractThrottle.dispose() - Dispose called without knowing the original throttle listener
33,412 [main] WARN  jmrix.AbstractThrottle.release() - Release called without knowing the original throttle listener
33,641 [main] WARN  jmrix.AbstractThrottle.dispatch() - dispatch called without knowing the original throttle listener
36,815 [main] ERROR managers.AbstractTurnoutManager.newTurnout() - Invalid system name for turnout: LT needed LT
01,514 [main] ERROR rules.RetryRule.evaluate() - testLeftTOEditor(jmri.jmrit.display.IconEditorWindowTest) : giving up after 3 failures
01,534 [main] ERROR rules.RetryRule.evaluate() - testSignalHeadEditor(jmri.jmrit.display.IconEditorWindowTest) : giving up after 3 failures
01,554 [main] ERROR rules.RetryRule.evaluate() - testRightTOEditor(jmri.jmrit.display.IconEditorWindowTest) : giving up after 3 failures
01,574 [main] ERROR rules.RetryRule.evaluate() - testSensorEditor(jmri.jmrit.display.IconEditorWindowTest) : giving up after 3 failures
01,590 [main] ERROR rules.RetryRule.evaluate() - testLightEditor(jmri.jmrit.display.IconEditorWindowTest) : giving up after 3 failures
01,612 [main] ERROR rules.RetryRule.evaluate() - testMemoryEditor(jmri.jmrit.display.IconEditorWindowTest) : giving up after 3 failures
01,632 [main] ERROR rules.RetryRule.evaluate() - testReporterEditor(jmri.jmrit.display.IconEditorWindowTest) : giving up after 3 failures
09,847 [main] ERROR rules.RetryRule.evaluate() - testLearnWarrant(jmri.jmrit.logix.LearnWarrantTest) : giving up after 3 failures
49,595 [main] ERROR rules.RetryRule.evaluate() - testLaunchInitLoop(apps.PanelPro.PanelProTest) : giving up after 3 failures
49,607 [main] ERROR rules.RetryRule.evaluate() - testLaunchSprog(apps.PanelPro.PanelProTest) : giving up after 3 failures
49,618 [main] ERROR rules.RetryRule.evaluate() - testLaunchTmcc(apps.PanelPro.PanelProTest) : giving up after 3 failures
49,631 [main] ERROR rules.RetryRule.evaluate() - testLaunchLocoNet(apps.PanelPro.PanelProTest) : giving up after 3 failures
49,644 [main] ERROR rules.RetryRule.evaluate() - testLaunchEasyDcc(apps.PanelPro.PanelProTest) : giving up after 3 failures
52,770 [network.DCCppEthernetPacketizerTest$1 Receive thread] ERROR jmrix.AbstractMRTrafficController.reportReceiveLoopException() - run: Exception: java.io.IOException: Pipe broken in class jmri.jmrix.dccpp.network.DCCppEthernetPacketizerTest$1
java.io.IOException: Pipe broken
	at java.io.PipedInputStream.read(PipedInputStream.java:321)
	at java.io.PipedInputStream.read(PipedInputStream.java:377)
	at java.io.DataInputStream.read(DataInputStream.java:149)
	at jmri.jmrix.AbstractMRTrafficController.readByteProtected(AbstractMRTrafficController.java:835)
	at jmri.jmrix.dccpp.DCCppPacketizer.loadChars(DCCppPacketizer.java:149)
	at jmri.jmrix.AbstractMRTrafficController.handleOneIncomingReply(AbstractMRTrafficController.java:938)
	at jmri.jmrix.AbstractMRTrafficController.receiveLoop(AbstractMRTrafficController.java:762)
	at jmri.jmrix.AbstractMRTrafficController$2.run(AbstractMRTrafficController.java:693)
	at java.lang.Thread.run(Thread.java:745)
52,773 [network.DCCppEthernetPacketizerTest$1 Receive thread] ERROR jmrix.AbstractSerialPortController.getCurrentPortName() - Port names returned as null
52,772 [serial.SerialDCCppPacketizerTest$1 Receive thread] ERROR jmrix.AbstractMRTrafficController.reportReceiveLoopException() - run: Exception: java.io.IOException: Pipe broken in class jmri.jmrix.dccpp.serial.SerialDCCppPacketizerTest$1
java.io.IOException: Pipe broken
	at java.io.PipedInputStream.read(PipedInputStream.java:321)
	at java.io.PipedInputStream.read(PipedInputStream.java:377)
	at java.io.DataInputStream.read(DataInputStream.java:149)
	at jmri.jmrix.AbstractMRTrafficController.readByteProtected(AbstractMRTrafficController.java:835)
	at jmri.jmrix.dccpp.DCCppPacketizer.loadChars(DCCppPacketizer.java:149)
	at jmri.jmrix.AbstractMRTrafficController.handleOneIncomingReply(AbstractMRTrafficController.java:938)
	at jmri.jmrix.AbstractMRTrafficController.receiveLoop(AbstractMRTrafficController.java:762)
	at jmri.jmrix.AbstractMRTrafficController$2.run(AbstractMRTrafficController.java:693)
	at java.lang.Thread.run(Thread.java:745)
52,776 [serial.SerialDCCppPacketizerTest$1 Receive thread] ERROR jmrix.AbstractSerialPortController.getCurrentPortName() - Port names returned as null
52,772 [network.DCCppEthernetPacketizerTest$1 Receive thread] ERROR jmrix.AbstractMRTrafficController.reportReceiveLoopException() - run: Exception: java.io.IOException: Pipe broken in class jmri.jmrix.dccpp.network.DCCppEthernetPacketizerTest$1
java.io.IOException: Pipe broken
	at java.io.PipedInputStream.read(PipedInputStream.java:321)
	at java.io.PipedInputStream.read(PipedInputStream.java:377)
	at java.io.DataInputStream.read(DataInputStream.java:149)
	at jmri.jmrix.AbstractMRTrafficController.readByteProtected(AbstractMRTrafficController.java:835)
	at jmri.jmrix.dccpp.DCCppPacketizer.loadChars(DCCppPacketizer.java:149)
	at jmri.jmrix.AbstractMRTrafficController.handleOneIncomingReply(AbstractMRTrafficController.java:938)
	at jmri.jmrix.AbstractMRTrafficController.receiveLoop(AbstractMRTrafficController.java:762)
	at jmri.jmrix.AbstractMRTrafficController$2.run(AbstractMRTrafficController.java:693)
	at java.lang.Thread.run(Thread.java:745)
52,772 [z21.Z21XNetPacketizerTest$1 Receive thread] ERROR jmrix.AbstractSerialPortController.getCurrentPortName() - Port names returned as null
52,782 [z21.Z21XNetPacketizerTest$1 Receive thread] ERROR jmrix.AbstractMRTrafficController.receiveLoop() - Exception in receive loop: java.lang.IllegalArgumentException: At least one of system name or port name must be provided
java.lang.IllegalArgumentException: At least one of system name or port name must be provided
	at jmri.jmrix.ConnectionStatus$ConnectionKey.<init>(ConnectionStatus.java:249)
	at jmri.jmrix.ConnectionStatus.setConnectionState(ConnectionStatus.java:84)
	at jmri.jmrix.ConnectionStatus.setConnectionState(ConnectionStatus.java:71)
	at jmri.jmrix.roco.z21.Z21XNetPacketizer.handleOneIncomingReply(Z21XNetPacketizer.java:34)
	at jmri.jmrix.AbstractMRTrafficController.receiveLoop(AbstractMRTrafficController.java:762)
	at jmri.jmrix.AbstractMRTrafficController$2.run(AbstractMRTrafficController.java:693)
	at java.lang.Thread.run(Thread.java:745)
52,783 [z21.Z21XNetPacketizerTest$1 Receive thread] ERROR jmrix.AbstractSerialPortController.getCurrentPortName() - Port names returned as null
52,783 [z21.Z21XNetPacketizerTest$1 Receive thread] ERROR jmrix.AbstractMRTrafficController.receiveLoop() - Exception in receive loop: java.lang.IllegalArgumentException: At least one of system name or port name must be provided
java.lang.IllegalArgumentException: At least one of system name or port name must be provided
	at jmri.jmrix.ConnectionStatus$ConnectionKey.<init>(ConnectionStatus.java:249)
	at jmri.jmrix.ConnectionStatus.setConnectionState(ConnectionStatus.java:84)
	at jmri.jmrix.ConnectionStatus.setConnectionState(ConnectionStatus.java:71)
	at jmri.jmrix.roco.z21.Z21XNetPacketizer.handleOneIncomingReply(Z21XNetPacketizer.java:34)
	at jmri.jmrix.AbstractMRTrafficController.receiveLoop(AbstractMRTrafficController.java:762)
	at jmri.jmrix.AbstractMRTrafficController$2.run(AbstractMRTrafficController.java:693)
	at java.lang.Thread.run(Thread.java:745)
52,783 [z21.Z21XNetPacketizerTest$1 Receive thread] ERROR jmrix.AbstractSerialPortController.getCurrentPortName() - Port names returned as null
52,784 [z21.Z21XNetPacketizerTest$1 Receive thread] ERROR jmrix.AbstractMRTrafficController.receiveLoop() - Exception in receive loop: java.lang.IllegalArgumentException: At least one of system name or port name must be provided
java.lang.IllegalArgumentException: At least one of system name or port name must be provided
	at jmri.jmrix.ConnectionStatus$ConnectionKey.<init>(ConnectionStatus.java:249)
	at jmri.jmrix.ConnectionStatus.setConnectionState(ConnectionStatus.java:84)
	at jmri.jmrix.ConnectionStatus.setConnectionState(ConnectionStatus.java:71)
	at jmri.jmrix.roco.z21.Z21XNetPacketizer.handleOneIncomingReply(Z21XNetPacketizer.java:34)
	at jmri.jmrix.AbstractMRTrafficController.receiveLoop(AbstractMRTrafficController.java:762)
	at jmri.jmrix.AbstractMRTrafficController$2.run(AbstractMRTrafficController.java:693)
	at java.lang.Thread.run(Thread.java:745)
52,784 [z21.Z21XNetPacketizerTest$1 Receive thread] ERROR jmrix.AbstractSerialPortController.getCurrentPortName() - Port names returned as null
52,785 [z21.Z21XNetPacketizerTest$1 Receive thread] ERROR jmrix.AbstractMRTrafficController.receiveLoop() - Exception in receive loop: java.lang.IllegalArgumentException: At least one of system name or port name must be provided
java.lang.IllegalArgumentException: At least one of system name or port name must be provided
	at jmri.jmrix.ConnectionStatus$ConnectionKey.<init>(ConnectionStatus.java:249)
	at jmri.jmrix.ConnectionStatus.setConnectionState(ConnectionStatus.java:84)
	at jmri.jmrix.ConnectionStatus.setConnectionState(ConnectionStatus.java:71)
	at jmri.jmrix.roco.z21.Z21XNetPacketizer.handleOneIncomingReply(Z21XNetPacketizer.java:34)
	at jmri.jmrix.AbstractMRTrafficController.receiveLoop(AbstractMRTrafficController.java:762)
	at jmri.jmrix.AbstractMRTrafficController$2.run(AbstractMRTrafficController.java:693)
	at java.lang.Thread.run(Thread.java:745)
52,771 [z21.Z21XNetPacketizerTest$1 Receive thread] ERROR jmrix.AbstractSerialPortController.getCurrentPortName() - Port names returned as null
52,770 [dccpp.DCCppPacketizerTest$StoppingDCCppPacketizer Receive thread] ERROR jmrix.AbstractSerialPortController.getCurrentPortName() - Port names returned as null
52,786 [z21.Z21XNetPacketizerTest$1 Receive thread] ERROR jmrix.AbstractMRTrafficController.receiveLoop() - Exception in receive loop: java.lang.IllegalArgumentException: At least one of system name or port name must be provided
java.lang.IllegalArgumentException: At least one of system name or port name must be provided
	at jmri.jmrix.ConnectionStatus$ConnectionKey.<init>(ConnectionStatus.java:249)
	at jmri.jmrix.ConnectionStatus.setConnectionState(ConnectionStatus.java:84)
	at jmri.jmrix.ConnectionStatus.setConnectionState(ConnectionStatus.java:71)
	at jmri.jmrix.roco.z21.Z21XNetPacketizer.handleOneIncomingReply(Z21XNetPacketizer.java:34)
	at jmri.jmrix.AbstractMRTrafficController.receiveLoop(AbstractMRTrafficController.java:762)
	at jmri.jmrix.AbstractMRTrafficController$2.run(AbstractMRTrafficController.java:693)
	at java.lang.Thread.run(Thread.java:745)
52,785 [z21.Z21XNetPacketizerTest$1 Receive thread] ERROR jmrix.AbstractSerialPortController.getCurrentPortName() - Port names returned as null
52,781 [network.DCCppEthernetPacketizerTest$1 Receive thread] ERROR jmrix.AbstractSerialPortController.getCurrentPortName() - Port names returned as null
52,788 [z21.Z21XNetPacketizerTest$1 Receive thread] ERROR jmrix.AbstractMRTrafficController.receiveLoop() - Exception in receive loop: java.lang.IllegalArgumentException: At least one of system name or port name must be provided
java.lang.IllegalArgumentException: At least one of system name or port name must be provided
	at jmri.jmrix.ConnectionStatus$ConnectionKey.<init>(ConnectionStatus.java:249)
	at jmri.jmrix.ConnectionStatus.setConnectionState(ConnectionStatus.java:84)
	at jmri.jmrix.ConnectionStatus.setConnectionState(ConnectionStatus.java:71)
	at jmri.jmrix.roco.z21.Z21XNetPacketizer.handleOneIncomingReply(Z21XNetPacketizer.java:34)
	at jmri.jmrix.AbstractMRTrafficController.receiveLoop(AbstractMRTrafficController.java:762)
	at jmri.jmrix.AbstractMRTrafficController$2.run(AbstractMRTrafficController.java:693)
	at java.lang.Thread.run(Thread.java:745)
52,788 [z21.Z21XNetPacketizerTest$1 Receive thread] ERROR jmrix.AbstractSerialPortController.getCurrentPortName() - Port names returned as null
52,789 [z21.Z21XNetPacketizerTest$1 Receive thread] ERROR jmrix.AbstractSerialPortController.getCurrentPortName() - Port names returned as null
52,791 [z21.Z21XNetPacketizerTest$1 Receive thread] ERROR jmrix.AbstractMRTrafficController.receiveLoop() - Exception in receive loop: java.lang.IllegalArgumentException: At least one of system name or port name must be provided
java.lang.IllegalArgumentException: At least one of system name or port name must be provided
	at jmri.jmrix.ConnectionStatus$ConnectionKey.<init>(ConnectionStatus.java:249)
	at jmri.jmrix.ConnectionStatus.setConnectionState(ConnectionStatus.java:84)
	at jmri.jmrix.ConnectionStatus.setConnectionState(ConnectionStatus.java:71)
	at jmri.jmrix.roco.z21.Z21XNetPacketizer.handleOneIncomingReply(Z21XNetPacketizer.java:34)
	at jmri.jmrix.AbstractMRTrafficController.receiveLoop(AbstractMRTrafficController.java:762)
	at jmri.jmrix.AbstractMRTrafficController$2.run(AbstractMRTrafficController.java:693)
	at java.lang.Thread.run(Thread.java:745)
52,791 [z21.Z21XNetPacketizerTest$1 Receive thread] ERROR jmrix.AbstractMRTrafficController.receiveLoop() - Exception in receive loop: java.lang.IllegalArgumentException: At least one of system name or port name must be provided
java.lang.IllegalArgumentException: At least one of system name or port name must be provided
	at jmri.jmrix.ConnectionStatus$ConnectionKey.<init>(ConnectionStatus.java:249)
	at jmri.jmrix.ConnectionStatus.setConnectionState(ConnectionStatus.java:84)
	at jmri.jmrix.ConnectionStatus.setConnectionState(ConnectionStatus.java:71)
	at jmri.jmrix.roco.z21.Z21XNetPacketizer.handleOneIncomingReply(Z21XNetPacketizer.java:34)
	at jmri.jmrix.AbstractMRTrafficController.receiveLoop(AbstractMRTrafficController.java:762)
	at jmri.jmrix.AbstractMRTrafficController$2.run(AbstractMRTrafficController.java:693)
	at java.lang.Thread.run(Thread.java:745)
52,792 [z21.Z21XNetPacketizerTest$1 Receive thread] ERROR jmrix.AbstractSerialPortController.getCurrentPortName() - Port names returned as null
52,792 [z21.Z21XNetPacketizerTest$1 Receive thread] ERROR jmrix.AbstractSerialPortController.getCurrentPortName() - Port names returned as null
52,793 [z21.Z21XNetPacketizerTest$1 Receive thread] ERROR jmrix.AbstractMRTrafficController.receiveLoop() - Exception in receive loop: java.lang.IllegalArgumentException: At least one of system name or port name must be provided
java.lang.IllegalArgumentException: At least one of system name or port name must be provided
	at jmri.jmrix.ConnectionStatus$ConnectionKey.<init>(ConnectionStatus.java:249)
	at jmri.jmrix.ConnectionStatus.setConnectionState(ConnectionStatus.java:84)
	at jmri.jmrix.ConnectionStatus.setConnectionState(ConnectionStatus.java:71)
	at jmri.jmrix.roco.z21.Z21XNetPacketizer.handleOneIncomingReply(Z21XNetPacketizer.java:34)
	at jmri.jmrix.AbstractMRTrafficController.receiveLoop(AbstractMRTrafficController.java:762)
	at jmri.jmrix.AbstractMRTrafficController$2.run(AbstractMRTrafficController.java:693)
	at java.lang.Thread.run(Thread.java:745)
52,793 [z21.Z21XNetPacketizerTest$1 Receive thread] ERROR jmrix.AbstractMRTrafficController.receiveLoop() - Exception in receive loop: java.lang.IllegalArgumentException: At least one of system name or port name must be provided
java.lang.IllegalArgumentException: At least one of system name or port name must be provided
	at jmri.jmrix.ConnectionStatus$ConnectionKey.<init>(ConnectionStatus.java:249)
	at jmri.jmrix.ConnectionStatus.setConnectionState(ConnectionStatus.java:84)
	at jmri.jmrix.ConnectionStatus.setConnectionState(ConnectionStatus.java:71)
	at jmri.jmrix.roco.z21.Z21XNetPacketizer.handleOneIncomingReply(Z21XNetPacketizer.java:34)
	at jmri.jmrix.AbstractMRTrafficController.receiveLoop(AbstractMRTrafficController.java:762)
	at jmri.jmrix.AbstractMRTrafficController$2.run(AbstractMRTrafficController.java:693)
	at java.lang.Thread.run(Thread.java:745)
52,794 [z21.Z21XNetPacketizerTest$1 Receive thread] ERROR jmrix.AbstractSerialPortController.getCurrentPortName() - Port names returned as null
52,795 [z21.Z21XNetPacketizerTest$1 Receive thread] ERROR jmrix.AbstractMRTrafficController.receiveLoop() - Exception in receive loop: java.lang.IllegalArgumentException: At least one of system name or port name must be provided
java.lang.IllegalArgumentException: At least one of system name or port name must be provided
	at jmri.jmrix.ConnectionStatus$ConnectionKey.<init>(ConnectionStatus.java:249)
	at jmri.jmrix.ConnectionStatus.setConnectionState(ConnectionStatus.java:84)
	at jmri.jmrix.ConnectionStatus.setConnectionState(ConnectionStatus.java:71)
	at jmri.jmrix.roco.z21.Z21XNetPacketizer.handleOneIncomingReply(Z21XNetPacketizer.java:34)
	at jmri.jmrix.AbstractMRTrafficController.receiveLoop(AbstractMRTrafficController.java:762)
	at jmri.jmrix.AbstractMRTrafficController$2.run(AbstractMRTrafficController.java:693)
	at java.lang.Thread.run(Thread.java:745)
52,794 [z21.Z21XNetPacketizerTest$1 Receive thread] ERROR jmrix.AbstractSerialPortController.getCurrentPortName() - Port names returned as null
52,796 [z21.Z21XNetPacketizerTest$1 Receive thread] ERROR jmrix.AbstractSerialPortController.getCurrentPortName() - Port names returned as null
52,796 [z21.Z21XNetPacketizerTest$1 Receive thread] ERROR jmrix.AbstractMRTrafficController.receiveLoop() - Exception in receive loop: java.lang.IllegalArgumentException: At least one of system name or port name must be provided
java.lang.IllegalArgumentException: At least one of system name or port name must be provided
	at jmri.jmrix.ConnectionStatus$ConnectionKey.<init>(ConnectionStatus.java:249)
	at jmri.jmrix.ConnectionStatus.setConnectionState(ConnectionStatus.java:84)
	at jmri.jmrix.ConnectionStatus.setConnectionState(ConnectionStatus.java:71)
	at jmri.jmrix.roco.z21.Z21XNetPacketizer.handleOneIncomingReply(Z21XNetPacketizer.java:34)
	at jmri.jmrix.AbstractMRTrafficController.receiveLoop(AbstractMRTrafficController.java:762)
	at jmri.jmrix.AbstractMRTrafficController$2.run(AbstractMRTrafficController.java:693)
	at java.lang.Thread.run(Thread.java:745)
52,796 [z21.Z21XNetPacketizerTest$1 Receive thread] ERROR jmrix.AbstractMRTrafficController.receiveLoop() - Exception in receive loop: java.lang.IllegalArgumentException: At least one of system name or port name must be provided
java.lang.IllegalArgumentException: At least one of system name or port name must be provided
	at jmri.jmrix.ConnectionStatus$ConnectionKey.<init>(ConnectionStatus.java:249)
	at jmri.jmrix.ConnectionStatus.setConnectionState(ConnectionStatus.java:84)
	at jmri.jmrix.ConnectionStatus.setConnectionState(ConnectionStatus.java:71)
	at jmri.jmrix.roco.z21.Z21XNetPacketizer.handleOneIncomingReply(Z21XNetPacketizer.java:34)
	at jmri.jmrix.AbstractMRTrafficController.receiveLoop(AbstractMRTrafficController.java:762)
	at jmri.jmrix.AbstractMRTrafficController$2.run(AbstractMRTrafficController.java:693)
	at java.lang.Thread.run(Thread.java:745)
52,797 [z21.Z21XNetPacketizerTest$1 Receive thread] ERROR jmrix.AbstractSerialPortController.getCurrentPortName() - Port names returned as null
52,798 [z21.Z21XNetPacketizerTest$1 Receive thread] ERROR jmrix.AbstractSerialPortController.getCurrentPortName() - Port names returned as null
52,798 [z21.Z21XNetPacketizerTest$1 Receive thread] ERROR jmrix.AbstractMRTrafficController.receiveLoop() - Exception in receive loop: java.lang.IllegalArgumentException: At least one of system name or port name must be provided
java.lang.IllegalArgumentException: At least one of system name or port name must be provided
	at jmri.jmrix.ConnectionStatus$ConnectionKey.<init>(ConnectionStatus.java:249)
	at jmri.jmrix.ConnectionStatus.setConnectionState(ConnectionStatus.java:84)
	at jmri.jmrix.ConnectionStatus.setConnectionState(ConnectionStatus.java:71)
	at jmri.jmrix.roco.z21.Z21XNetPacketizer.handleOneIncomingReply(Z21XNetPacketizer.java:34)
	at jmri.jmrix.AbstractMRTrafficController.receiveLoop(AbstractMRTrafficController.java:762)
	at jmri.jmrix.AbstractMRTrafficController$2.run(AbstractMRTrafficController.java:693)
	at java.lang.Thread.run(Thread.java:745)
52,799 [z21.Z21XNetPacketizerTest$1 Receive thread] ERROR jmrix.AbstractMRTrafficController.receiveLoop() - Exception in receive loop: java.lang.IllegalArgumentException: At least one of system name or port name must be provided
java.lang.IllegalArgumentException: At least one of system name or port name must be provided
	at jmri.jmrix.ConnectionStatus$ConnectionKey.<init>(ConnectionStatus.java:249)
	at jmri.jmrix.ConnectionStatus.setConnectionState(ConnectionStatus.java:84)
	at jmri.jmrix.ConnectionStatus.setConnectionState(ConnectionStatus.java:71)
	at jmri.jmrix.roco.z21.Z21XNetPacketizer.handleOneIncomingReply(Z21XNetPacketizer.java:34)
	at jmri.jmrix.AbstractMRTrafficController.receiveLoop(AbstractMRTrafficController.java:762)
	at jmri.jmrix.AbstractMRTrafficController$2.run(AbstractMRTrafficController.java:693)
	at java.lang.Thread.run(Thread.java:745)
52,799 [z21.Z21XNetPacketizerTest$1 Receive thread] ERROR jmrix.AbstractSerialPortController.getCurrentPortName() - Port names returned as null
52,800 [z21.Z21XNetPacketizerTest$1 Receive thread] ERROR jmrix.AbstractSerialPortController.getCurrentPortName() - Port names returned as null
52,800 [z21.Z21XNetPacketizerTest$1 Receive thread] ERROR jmrix.AbstractMRTrafficController.receiveLoop() - Exception in receive loop: java.lang.IllegalArgumentException: At least one of system name or port name must be provided
java.lang.IllegalArgumentException: At least one of system name or port name must be provided
	at jmri.jmrix.ConnectionStatus$ConnectionKey.<init>(ConnectionStatus.java:249)
	at jmri.jmrix.ConnectionStatus.setConnectionState(ConnectionStatus.java:84)
	at jmri.jmrix.ConnectionStatus.setConnectionState(ConnectionStatus.java:71)
	at jmri.jmrix.roco.z21.Z21XNetPacketizer.handleOneIncomingReply(Z21XNetPacketizer.java:34)
	at jmri.jmrix.AbstractMRTrafficController.receiveLoop(AbstractMRTrafficController.java:762)
	at jmri.jmrix.AbstractMRTrafficController$2.run(AbstractMRTrafficController.java:693)
	at java.lang.Thread.run(Thread.java:745)
52,801 [z21.Z21XNetPacketizerTest$1 Receive thread] ERROR jmrix.AbstractMRTrafficController.receiveLoop() - Exception in receive loop: java.lang.IllegalArgumentException: At least one of system name or port name must be provided
java.lang.IllegalArgumentException: At least one of system name or port name must be provided
	at jmri.jmrix.ConnectionStatus$ConnectionKey.<init>(ConnectionStatus.java:249)
	at jmri.jmrix.ConnectionStatus.setConnectionState(ConnectionStatus.java:84)
	at jmri.jmrix.ConnectionStatus.setConnectionState(ConnectionStatus.java:71)
	at jmri.jmrix.roco.z21.Z21XNetPacketizer.handleOneIncomingReply(Z21XNetPacketizer.java:34)
	at jmri.jmrix.AbstractMRTrafficController.receiveLoop(AbstractMRTrafficController.java:762)
	at jmri.jmrix.AbstractMRTrafficController$2.run(AbstractMRTrafficController.java:693)
	at java.lang.Thread.run(Thread.java:745)
52,806 [z21.Z21XNetPacketizerTest$1 Receive thread] ERROR jmrix.AbstractSerialPortController.getCurrentPortName() - Port names returned as null
52,805 [z21.Z21XNetPacketizerTest$1 Receive thread] ERROR jmrix.AbstractSerialPortController.getCurrentPortName() - Port names returned as null
52,806 [z21.Z21XNetPacketizerTest$1 Receive thread] ERROR jmrix.AbstractMRTrafficController.receiveLoop() - Exception in receive loop: java.lang.IllegalArgumentException: At least one of system name or port name must be provided
java.lang.IllegalArgumentException: At least one of system name or port name must be provided
	at jmri.jmrix.ConnectionStatus$ConnectionKey.<init>(ConnectionStatus.java:249)
	at jmri.jmrix.ConnectionStatus.setConnectionState(ConnectionStatus.java:84)
	at jmri.jmrix.ConnectionStatus.setConnectionState(ConnectionStatus.java:71)
	at jmri.jmrix.roco.z21.Z21XNetPacketizer.handleOneIncomingReply(Z21XNetPacketizer.java:34)
	at jmri.jmrix.AbstractMRTrafficController.receiveLoop(AbstractMRTrafficController.java:762)
	at jmri.jmrix.AbstractMRTrafficController$2.run(AbstractMRTrafficController.java:693)
	at java.lang.Thread.run(Thread.java:745)
52,807 [z21.Z21XNetPacketizerTest$1 Receive thread] ERROR jmrix.AbstractMRTrafficController.receiveLoop() - Exception in receive loop: java.lang.IllegalArgumentException: At least one of system name or port name must be provided
java.lang.IllegalArgumentException: At least one of system name or port name must be provided
	at jmri.jmrix.ConnectionStatus$ConnectionKey.<init>(ConnectionStatus.java:249)
	at jmri.jmrix.ConnectionStatus.setConnectionState(ConnectionStatus.java:84)
	at jmri.jmrix.ConnectionStatus.setConnectionState(ConnectionStatus.java:71)
	at jmri.jmrix.roco.z21.Z21XNetPacketizer.handleOneIncomingReply(Z21XNetPacketizer.java:34)
	at jmri.jmrix.AbstractMRTrafficController.receiveLoop(AbstractMRTrafficController.java:762)
	at jmri.jmrix.AbstractMRTrafficController$2.run(AbstractMRTrafficController.java:693)
	at java.lang.Thread.run(Thread.java:745)
52,808 [z21.Z21XNetPacketizerTest$1 Receive thread] ERROR jmrix.AbstractSerialPortController.getCurrentPortName() - Port names returned as null
52,807 [z21.Z21XNetPacketizerTest$1 Receive thread] ERROR jmrix.AbstractSerialPortController.getCurrentPortName() - Port names returned as null
52,808 [z21.Z21XNetPacketizerTest$1 Receive thread] ERROR jmrix.AbstractMRTrafficController.receiveLoop() - Exception in receive loop: java.lang.IllegalArgumentException: At least one of system name or port name must be provided
java.lang.IllegalArgumentException: At least one of system name or port name must be provided
	at jmri.jmrix.ConnectionStatus$ConnectionKey.<init>(ConnectionStatus.java:249)
	at jmri.jmrix.ConnectionStatus.setConnectionState(ConnectionStatus.java:84)
	at jmri.jmrix.ConnectionStatus.setConnectionState(ConnectionStatus.java:71)
	at jmri.jmrix.roco.z21.Z21XNetPacketizer.handleOneIncomingReply(Z21XNetPacketizer.java:34)
	at jmri.jmrix.AbstractMRTrafficController.receiveLoop(AbstractMRTrafficController.java:762)
	at jmri.jmrix.AbstractMRTrafficController$2.run(AbstractMRTrafficController.java:693)
	at java.lang.Thread.run(Thread.java:745)
52,809 [z21.Z21XNetPacketizerTest$1 Receive thread] ERROR jmrix.AbstractMRTrafficController.receiveLoop() - Exception in receive loop: java.lang.IllegalArgumentException: At least one of system name or port name must be provided
java.lang.IllegalArgumentException: At least one of system name or port name must be provided
	at jmri.jmrix.ConnectionStatus$ConnectionKey.<init>(ConnectionStatus.java:249)
	at jmri.jmrix.ConnectionStatus.setConnectionState(ConnectionStatus.java:84)
	at jmri.jmrix.ConnectionStatus.setConnectionState(ConnectionStatus.java:71)
	at jmri.jmrix.roco.z21.Z21XNetPacketizer.handleOneIncomingReply(Z21XNetPacketizer.java:34)
	at jmri.jmrix.AbstractMRTrafficController.receiveLoop(AbstractMRTrafficController.java:762)
	at jmri.jmrix.AbstractMRTrafficController$2.run(AbstractMRTrafficController.java:693)
	at java.lang.Thread.run(Thread.java:745)
52,809 [z21.Z21XNetPacketizerTest$1 Receive thread] ERROR jmrix.AbstractSerialPortController.getCurrentPortName() - Port names returned as null
52,810 [z21.Z21XNetPacketizerTest$1 Receive thread] ERROR jmrix.AbstractSerialPortController.getCurrentPortName() - Port names returned as null
52,810 [z21.Z21XNetPacketizerTest$1 Receive thread] ERROR jmrix.AbstractMRTrafficController.receiveLoop() - Exception in receive loop: java.lang.IllegalArgumentException: At least one of system name or port name must be provided
java.lang.IllegalArgumentException: At least one of system name or port name must be provided
	at jmri.jmrix.ConnectionStatus$ConnectionKey.<init>(ConnectionStatus.java:249)
	at jmri.jmrix.ConnectionStatus.setConnectionState(ConnectionStatus.java:84)
	at jmri.jmrix.ConnectionStatus.setConnectionState(ConnectionStatus.java:71)
	at jmri.jmrix.roco.z21.Z21XNetPacketizer.handleOneIncomingReply(Z21XNetPacketizer.java:34)
	at jmri.jmrix.AbstractMRTrafficController.receiveLoop(AbstractMRTrafficController.java:762)
	at jmri.jmrix.AbstractMRTrafficController$2.run(AbstractMRTrafficController.java:693)
	at java.lang.Thread.run(Thread.java:745)
52,811 [z21.Z21XNetPacketizerTest$1 Receive thread] ERROR jmrix.AbstractMRTrafficController.receiveLoop() - Exception in receive loop: java.lang.IllegalArgumentException: At least one of system name or port name must be provided
java.lang.IllegalArgumentException: At least one of system name or port name must be provided
	at jmri.jmrix.ConnectionStatus$ConnectionKey.<init>(ConnectionStatus.java:249)
	at jmri.jmrix.ConnectionStatus.setConnectionState(ConnectionStatus.java:84)
	at jmri.jmrix.ConnectionStatus.setConnectionState(ConnectionStatus.java:71)
	at jmri.jmrix.roco.z21.Z21XNetPacketizer.handleOneIncomingReply(Z21XNetPacketizer.java:34)
	at jmri.jmrix.AbstractMRTrafficController.receiveLoop(AbstractMRTrafficController.java:762)
	at jmri.jmrix.AbstractMRTrafficController$2.run(AbstractMRTrafficController.java:693)
	at java.lang.Thread.run(Thread.java:745)
52,811 [z21.Z21XNetPacketizerTest$1 Receive thread] ERROR jmrix.AbstractSerialPortController.getCurrentPortName() - Port names returned as null
52,812 [z21.Z21XNetPacketizerTest$1 Receive thread] ERROR jmrix.AbstractSerialPortController.getCurrentPortName() - Port names returned as null
52,812 [z21.Z21XNetPacketizerTest$1 Receive thread] ERROR jmrix.AbstractMRTrafficController.receiveLoop() - Exception in receive loop: java.lang.IllegalArgumentException: At least one of system name or port name must be provided
java.lang.IllegalArgumentException: At least one of system name or port name must be provided
	at jmri.jmrix.ConnectionStatus$ConnectionKey.<init>(ConnectionStatus.java:249)
	at jmri.jmrix.ConnectionStatus.setConnectionState(ConnectionStatus.java:84)
	at jmri.jmrix.ConnectionStatus.setConnectionState(ConnectionStatus.java:71)
	at jmri.jmrix.roco.z21.Z21XNetPacketizer.handleOneIncomingReply(Z21XNetPacketizer.java:34)
	at jmri.jmrix.AbstractMRTrafficController.receiveLoop(AbstractMRTrafficController.java:762)
	at jmri.jmrix.AbstractMRTrafficController$2.run(AbstractMRTrafficController.java:693)
	at java.lang.Thread.run(Thread.java:745)
52,813 [z21.Z21XNetPacketizerTest$1 Receive thread] ERROR jmrix.AbstractMRTrafficController.receiveLoop() - Exception in receive loop: java.lang.IllegalArgumentException: At least one of system name or port name must be provided
java.lang.IllegalArgumentException: At least one of system name or port name must be provided
	at jmri.jmrix.ConnectionStatus$ConnectionKey.<init>(ConnectionStatus.java:249)
	at jmri.jmrix.ConnectionStatus.setConnectionState(ConnectionStatus.java:84)
	at jmri.jmrix.ConnectionStatus.setConnectionState(ConnectionStatus.java:71)
	at jmri.jmrix.roco.z21.Z21XNetPacketizer.handleOneIncomingReply(Z21XNetPacketizer.java:34)
	at jmri.jmrix.AbstractMRTrafficController.receiveLoop(AbstractMRTrafficController.java:762)
	at jmri.jmrix.AbstractMRTrafficController$2.run(AbstractMRTrafficController.java:693)
	at java.lang.Thread.run(Thread.java:745)
52,813 [z21.Z21XNetPacketizerTest$1 Receive thread] ERROR jmrix.AbstractSerialPortController.getCurrentPortName() - Port names returned as null
52,814 [z21.Z21XNetPacketizerTest$1 Receive thread] ERROR jmrix.AbstractSerialPortController.getCurrentPortName() - Port names returned as null
52,814 [z21.Z21XNetPacketizerTest$1 Receive thread] ERROR jmrix.AbstractMRTrafficController.receiveLoop() - Exception in receive loop: java.lang.IllegalArgumentException: At least one of system name or port name must be provided
java.lang.IllegalArgumentException: At least one of system name or port name must be provided
	at jmri.jmrix.ConnectionStatus$ConnectionKey.<init>(ConnectionStatus.java:249)
	at jmri.jmrix.ConnectionStatus.setConnectionState(ConnectionStatus.java:84)
	at jmri.jmrix.ConnectionStatus.setConnectionState(ConnectionStatus.java:71)
	at jmri.jmrix.roco.z21.Z21XNetPacketizer.handleOneIncomingReply(Z21XNetPacketizer.java:34)
	at jmri.jmrix.AbstractMRTrafficController.receiveLoop(AbstractMRTrafficController.java:762)
	at jmri.jmrix.AbstractMRTrafficController$2.run(AbstractMRTrafficController.java:693)
	at java.lang.Thread.run(Thread.java:745)
52,815 [z21.Z21XNetPacketizerTest$1 Receive thread] ERROR jmrix.AbstractMRTrafficController.receiveLoop() - Exception in receive loop: java.lang.IllegalArgumentException: At least one of system name or port name must be provided
java.lang.IllegalArgumentException: At least one of system name or port name must be provided
	at jmri.jmrix.ConnectionStatus$ConnectionKey.<init>(ConnectionStatus.java:249)
	at jmri.jmrix.ConnectionStatus.setConnectionState(ConnectionStatus.java:84)
	at jmri.jmrix.ConnectionStatus.setConnectionState(ConnectionStatus.java:71)
	at jmri.jmrix.roco.z21.Z21XNetPacketizer.handleOneIncomingReply(Z21XNetPacketizer.java:34)
	at jmri.jmrix.AbstractMRTrafficController.receiveLoop(AbstractMRTrafficController.java:762)
	at jmri.jmrix.AbstractMRTrafficController$2.run(AbstractMRTrafficController.java:693)
	at java.lang.Thread.run(Thread.java:745)
52,815 [z21.Z21XNetPacketizerTest$1 Receive thread] ERROR jmrix.AbstractSerialPortController.getCurrentPortName() - Port names returned as null
52,816 [z21.Z21XNetPacketizerTest$1 Receive thread] ERROR jmrix.AbstractSerialPortController.getCurrentPortName() - Port names returned as null
52,816 [z21.Z21XNetPacketizerTest$1 Receive thread] ERROR jmrix.AbstractMRTrafficController.receiveLoop() - Exception in receive loop: java.lang.IllegalArgumentException: At least one of system name or port name must be provided
java.lang.IllegalArgumentException: At least one of system name or port name must be provided
	at jmri.jmrix.ConnectionStatus$ConnectionKey.<init>(ConnectionStatus.java:249)
	at jmri.jmrix.ConnectionStatus.setConnectionState(ConnectionStatus.java:84)
	at jmri.jmrix.ConnectionStatus.setConnectionState(ConnectionStatus.java:71)
	at jmri.jmrix.roco.z21.Z21XNetPacketizer.handleOneIncomingReply(Z21XNetPacketizer.java:34)
	at jmri.jmrix.AbstractMRTrafficController.receiveLoop(AbstractMRTrafficController.java:762)
	at jmri.jmrix.AbstractMRTrafficController$2.run(AbstractMRTrafficController.java:693)
	at java.lang.Thread.run(Thread.java:745)
52,817 [z21.Z21XNetPacketizerTest$1 Receive thread] ERROR jmrix.AbstractMRTrafficController.receiveLoop() - Exception in receive loop: java.lang.IllegalArgumentException: At least one of system name or port name must be provided
java.lang.IllegalArgumentException: At least one of system name or port name must be provided
	at jmri.jmrix.ConnectionStatus$ConnectionKey.<init>(ConnectionStatus.java:249)
	at jmri.jmrix.ConnectionStatus.setConnectionState(ConnectionStatus.java:84)
	at jmri.jmrix.ConnectionStatus.setConnectionState(ConnectionStatus.java:71)
	at jmri.jmrix.roco.z21.Z21XNetPacketizer.handleOneIncomingReply(Z21XNetPacketizer.java:34)
	at jmri.jmrix.AbstractMRTrafficController.receiveLoop(AbstractMRTrafficController.java:762)
	at jmri.jmrix.AbstractMRTrafficController$2.run(AbstractMRTrafficController.java:693)
	at java.lang.Thread.run(Thread.java:745)
52,817 [z21.Z21XNetPacketizerTest$1 Receive thread] ERROR jmrix.AbstractSerialPortController.getCurrentPortName() - Port names returned as null
52,818 [z21.Z21XNetPacketizerTest$1 Receive thread] ERROR jmrix.AbstractSerialPortController.getCurrentPortName() - Port names returned as null
52,818 [z21.Z21XNetPacketizerTest$1 Receive thread] ERROR jmrix.AbstractMRTrafficController.receiveLoop() - Exception in receive loop: java.lang.IllegalArgumentException: At least one of system name or port name must be provided
java.lang.IllegalArgumentException: At least one of system name or port name must be provided
	at jmri.jmrix.ConnectionStatus$ConnectionKey.<init>(ConnectionStatus.java:249)
	at jmri.jmrix.ConnectionStatus.setConnectionState(ConnectionStatus.java:84)
	at jmri.jmrix.ConnectionStatus.setConnectionState(ConnectionStatus.java:71)
	at jmri.jmrix.roco.z21.Z21XNetPacketizer.handleOneIncomingReply(Z21XNetPacketizer.java:34)
	at jmri.jmrix.AbstractMRTrafficController.receiveLoop(AbstractMRTrafficController.java:762)
	at jmri.jmrix.AbstractMRTrafficController$2.run(AbstractMRTrafficController.java:693)
	at java.lang.Thread.run(Thread.java:745)
52,819 [z21.Z21XNetPacketizerTest$1 Receive thread] ERROR jmrix.AbstractMRTrafficController.receiveLoop() - Exception in receive loop: java.lang.IllegalArgumentException: At least one of system name or port name must be provided
java.lang.IllegalArgumentException: At least one of system name or port name must be provided
	at jmri.jmrix.ConnectionStatus$ConnectionKey.<init>(ConnectionStatus.java:249)
	at jmri.jmrix.ConnectionStatus.setConnectionState(ConnectionStatus.java:84)
	at jmri.jmrix.ConnectionStatus.setConnectionState(ConnectionStatus.java:71)
	at jmri.jmrix.roco.z21.Z21XNetPacketizer.handleOneIncomingReply(Z21XNetPacketizer.java:34)
	at jmri.jmrix.AbstractMRTrafficController.receiveLoop(AbstractMRTrafficController.java:762)
	at jmri.jmrix.AbstractMRTrafficController$2.run(AbstractMRTrafficController.java:693)
	at java.lang.Thread.run(Thread.java:745)
52,820 [z21.Z21XNetPacketizerTest$1 Receive thread] ERROR jmrix.AbstractSerialPortController.getCurrentPortName() - Port names returned as null
52,820 [z21.Z21XNetPacketizerTest$1 Receive thread] ERROR jmrix.AbstractMRTrafficController.receiveLoop() - Exception in receive loop: java.lang.IllegalArgumentException: At least one of system name or port name must be provided
java.lang.IllegalArgumentException: At least one of system name or port name must be provided
	at jmri.jmrix.ConnectionStatus$ConnectionKey.<init>(ConnectionStatus.java:249)
	at jmri.jmrix.ConnectionStatus.setConnectionState(ConnectionStatus.java:84)
	at jmri.jmrix.ConnectionStatus.setConnectionState(ConnectionStatus.java:71)
	at jmri.jmrix.roco.z21.Z21XNetPacketizer.handleOneIncomingReply(Z21XNetPacketizer.java:34)
	at jmri.jmrix.AbstractMRTrafficController.receiveLoop(AbstractMRTrafficController.java:762)
	at jmri.jmrix.AbstractMRTrafficController$2.run(AbstractMRTrafficController.java:693)
	at java.lang.Thread.run(Thread.java:745)
52,821 [z21.Z21XNetPacketizerTest$1 Receive thread] ERROR jmrix.AbstractSerialPortController.getCurrentPortName() - Port names returned as null
52,821 [z21.Z21XNetPacketizerTest$1 Receive thread] ERROR jmrix.AbstractMRTrafficController.receiveLoop() - Exception in receive loop: java.lang.IllegalArgumentException: At least one of system name or port name must be provided
java.lang.IllegalArgumentException: At least one of system name or port name must be provided
	at jmri.jmrix.ConnectionStatus$ConnectionKey.<init>(ConnectionStatus.java:249)
	at jmri.jmrix.ConnectionStatus.setConnectionState(ConnectionStatus.java:84)
	at jmri.jmrix.ConnectionStatus.setConnectionState(ConnectionStatus.java:71)
	at jmri.jmrix.roco.z21.Z21XNetPacketizer.handleOneIncomingReply(Z21XNetPacketizer.java:34)
	at jmri.jmrix.AbstractMRTrafficController.receiveLoop(AbstractMRTrafficController.java:762)
	at jmri.jmrix.AbstractMRTrafficController$2.run(AbstractMRTrafficController.java:693)
	at java.lang.Thread.run(Thread.java:745)
52,819 [z21.Z21XNetPacketizerTest$1 Receive thread] ERROR jmrix.AbstractSerialPortController.getCurrentPortName() - Port names returned as null
52,821 [z21.Z21XNetPacketizerTest$1 Receive thread] ERROR jmrix.AbstractMRTrafficController.receiveLoop() - Exception in receive loop: java.lang.IllegalArgumentException: At least one of system name or port name must be provided
java.lang.IllegalArgumentException: At least one of system name or port name must be provided
	at jmri.jmrix.ConnectionStatus$ConnectionKey.<init>(ConnectionStatus.java:249)
	at jmri.jmrix.ConnectionStatus.setConnectionState(ConnectionStatus.java:84)
	at jmri.jmrix.ConnectionStatus.setConnectionState(ConnectionStatus.java:71)
	at jmri.jmrix.roco.z21.Z21XNetPacketizer.handleOneIncomingReply(Z21XNetPacketizer.java:34)
	at jmri.jmrix.AbstractMRTrafficController.receiveLoop(AbstractMRTrafficController.java:762)
	at jmri.jmrix.AbstractMRTrafficController$2.run(AbstractMRTrafficController.java:693)
	at java.lang.Thread.run(Thread.java:745)
52,822 [z21.Z21XNetPacketizerTest$1 Receive thread] ERROR jmrix.AbstractSerialPortController.getCurrentPortName() - Port names returned as null
52,822 [z21.Z21XNetPacketizerTest$1 Receive thread] ERROR jmrix.AbstractMRTrafficController.receiveLoop() - Exception in receive loop: java.lang.IllegalArgumentException: At least one of system name or port name must be provided
java.lang.IllegalArgumentException: At least one of system name or port name must be provided
	at jmri.jmrix.ConnectionStatus$ConnectionKey.<init>(ConnectionStatus.java:249)
	at jmri.jmrix.ConnectionStatus.setConnectionState(ConnectionStatus.java:84)
	at jmri.jmrix.ConnectionStatus.setConnectionState(ConnectionStatus.java:71)
	at jmri.jmrix.roco.z21.Z21XNetPacketizer.handleOneIncomingReply(Z21XNetPacketizer.java:34)
	at jmri.jmrix.AbstractMRTrafficController.receiveLoop(AbstractMRTrafficController.java:762)
	at jmri.jmrix.AbstractMRTrafficController$2.run(AbstractMRTrafficController.java:693)
	at java.lang.Thread.run(Thread.java:745)
52,822 [z21.Z21XNetPacketizerTest$1 Receive thread] ERROR jmrix.AbstractSerialPortController.getCurrentPortName() - Port names returned as null
52,822 [z21.Z21XNetPacketizerTest$1 Receive thread] ERROR jmrix.AbstractMRTrafficController.receiveLoop() - Exception in receive loop: java.lang.IllegalArgumentException: At least one of system name or port name must be provided
java.lang.IllegalArgumentException: At least one of system name or port name must be provided
	at jmri.jmrix.ConnectionStatus$ConnectionKey.<init>(ConnectionStatus.java:249)
	at jmri.jmrix.ConnectionStatus.setConnectionState(ConnectionStatus.java:84)
	at jmri.jmrix.ConnectionStatus.setConnectionState(ConnectionStatus.java:71)
	at jmri.jmrix.roco.z21.Z21XNetPacketizer.handleOneIncomingReply(Z21XNetPacketizer.java:34)
	at jmri.jmrix.AbstractMRTrafficController.receiveLoop(AbstractMRTrafficController.java:762)
	at jmri.jmrix.AbstractMRTrafficController$2.run(AbstractMRTrafficController.java:693)
	at java.lang.Thread.run(Thread.java:745)
52,823 [z21.Z21XNetPacketizerTest$1 Receive thread] ERROR jmrix.AbstractSerialPortController.getCurrentPortName() - Port names returned as null
52,823 [z21.Z21XNetPacketizerTest$1 Receive thread] ERROR jmrix.AbstractMRTrafficController.receiveLoop() - Exception in receive loop: java.lang.IllegalArgumentException: At least one of system name or port name must be provided
java.lang.IllegalArgumentException: At least one of system name or port name must be provided
	at jmri.jmrix.ConnectionStatus$ConnectionKey.<init>(ConnectionStatus.java:249)
	at jmri.jmrix.ConnectionStatus.setConnectionState(ConnectionStatus.java:84)
	at jmri.jmrix.ConnectionStatus.setConnectionState(ConnectionStatus.java:71)
	at jmri.jmrix.roco.z21.Z21XNetPacketizer.handleOneIncomingReply(Z21XNetPacketizer.java:34)
	at jmri.jmrix.AbstractMRTrafficController.receiveLoop(AbstractMRTrafficController.java:762)
	at jmri.jmrix.AbstractMRTrafficController$2.run(AbstractMRTrafficController.java:693)
	at java.lang.Thread.run(Thread.java:745)
52,831 [z21.Z21XNetPacketizerTest$1 Receive thread] ERROR jmrix.AbstractSerialPortController.getCurrentPortName() - Port names returned as null
52,832 [z21.Z21XNetPacketizerTest$1 Receive thread] ERROR jmrix.AbstractMRTrafficController.receiveLoop() - Exception in receive loop: java.lang.IllegalArgumentException: At least one of system name or port name must be provided
java.lang.IllegalArgumentException: At least one of system name or port name must be provided
	at jmri.jmrix.ConnectionStatus$ConnectionKey.<init>(ConnectionStatus.java:249)
	at jmri.jmrix.ConnectionStatus.setConnectionState(ConnectionStatus.java:84)
	at jmri.jmrix.ConnectionStatus.setConnectionState(ConnectionStatus.java:71)
	at jmri.jmrix.roco.z21.Z21XNetPacketizer.handleOneIncomingReply(Z21XNetPacketizer.java:34)
	at jmri.jmrix.AbstractMRTrafficController.receiveLoop(AbstractMRTrafficController.java:762)
	at jmri.jmrix.AbstractMRTrafficController$2.run(AbstractMRTrafficController.java:693)
	at java.lang.Thread.run(Thread.java:745)
52,827 [z21.Z21XNetPacketizerTest$1 Receive thread] ERROR jmrix.AbstractSerialPortController.getCurrentPortName() - Port names returned as null
52,832 [z21.Z21XNetPacketizerTest$1 Receive thread] ERROR jmrix.AbstractSerialPortController.getCurrentPortName() - Port names returned as null
52,833 [z21.Z21XNetPacketizerTest$1 Receive thread] ERROR jmrix.AbstractMRTrafficController.receiveLoop() - Exception in receive loop: java.lang.IllegalArgumentException: At least one of system name or port name must be provided
java.lang.IllegalArgumentException: At least one of system name or port name must be provided
	at jmri.jmrix.ConnectionStatus$ConnectionKey.<init>(ConnectionStatus.java:249)
	at jmri.jmrix.ConnectionStatus.setConnectionState(ConnectionStatus.java:84)
	at jmri.jmrix.ConnectionStatus.setConnectionState(ConnectionStatus.java:71)
	at jmri.jmrix.roco.z21.Z21XNetPacketizer.handleOneIncomingReply(Z21XNetPacketizer.java:34)
	at jmri.jmrix.AbstractMRTrafficController.receiveLoop(AbstractMRTrafficController.java:762)
	at jmri.jmrix.AbstractMRTrafficController$2.run(AbstractMRTrafficController.java:693)
	at java.lang.Thread.run(Thread.java:745)
52,833 [z21.Z21XNetPacketizerTest$1 Receive thread] ERROR jmrix.AbstractMRTrafficController.receiveLoop() - Exception in receive loop: java.lang.IllegalArgumentException: At least one of system name or port name must be provided
java.lang.IllegalArgumentException: At least one of system name or port name must be provided
	at jmri.jmrix.ConnectionStatus$ConnectionKey.<init>(ConnectionStatus.java:249)
	at jmri.jmrix.ConnectionStatus.setConnectionState(ConnectionStatus.java:84)
	at jmri.jmrix.ConnectionStatus.setConnectionState(ConnectionStatus.java:71)
	at jmri.jmrix.roco.z21.Z21XNetPacketizer.handleOneIncomingReply(Z21XNetPacketizer.java:34)
	at jmri.jmrix.AbstractMRTrafficController.receiveLoop(AbstractMRTrafficController.java:762)
	at jmri.jmrix.AbstractMRTrafficController$2.run(AbstractMRTrafficController.java:693)
	at java.lang.Thread.run(Thread.java:745)
52,834 [z21.Z21XNetPacketizerTest$1 Receive thread] ERROR jmrix.AbstractSerialPortController.getCurrentPortName() - Port names returned as null
52,834 [z21.Z21XNetPacketizerTest$1 Receive thread] ERROR jmrix.AbstractSerialPortController.getCurrentPortName() - Port names returned as null
52,835 [z21.Z21XNetPacketizerTest$1 Receive thread] ERROR jmrix.AbstractMRTrafficController.receiveLoop() - Exception in receive loop: java.lang.IllegalArgumentException: At least one of system name or port name must be provided
java.lang.IllegalArgumentException: At least one of system name or port name must be provided
	at jmri.jmrix.ConnectionStatus$ConnectionKey.<init>(ConnectionStatus.java:249)
	at jmri.jmrix.ConnectionStatus.setConnectionState(ConnectionStatus.java:84)
	at jmri.jmrix.ConnectionStatus.setConnectionState(ConnectionStatus.java:71)
	at jmri.jmrix.roco.z21.Z21XNetPacketizer.handleOneIncomingReply(Z21XNetPacketizer.java:34)
	at jmri.jmrix.AbstractMRTrafficController.receiveLoop(AbstractMRTrafficController.java:762)
	at jmri.jmrix.AbstractMRTrafficController$2.run(AbstractMRTrafficController.java:693)
	at java.lang.Thread.run(Thread.java:745)
52,835 [z21.Z21XNetPacketizerTest$1 Receive thread] ERROR jmrix.AbstractMRTrafficController.receiveLoop() - Exception in receive loop: java.lang.IllegalArgumentException: At least one of system name or port name must be provided
java.lang.IllegalArgumentException: At least one of system name or port name must be provided
	at jmri.jmrix.ConnectionStatus$ConnectionKey.<init>(ConnectionStatus.java:249)
	at jmri.jmrix.ConnectionStatus.setConnectionState(ConnectionStatus.java:84)
	at jmri.jmrix.ConnectionStatus.setConnectionState(ConnectionStatus.java:71)
	at jmri.jmrix.roco.z21.Z21XNetPacketizer.handleOneIncomingReply(Z21XNetPacketizer.java:34)
	at jmri.jmrix.AbstractMRTrafficController.receiveLoop(AbstractMRTrafficController.java:762)
	at jmri.jmrix.AbstractMRTrafficController$2.run(AbstractMRTrafficController.java:693)
	at java.lang.Thread.run(Thread.java:745)
52,836 [z21.Z21XNetPacketizerTest$1 Receive thread] ERROR jmrix.AbstractSerialPortController.getCurrentPortName() - Port names returned as null
52,836 [z21.Z21XNetPacketizerTest$1 Receive thread] ERROR jmrix.AbstractSerialPortController.getCurrentPortName() - Port names returned as null
52,837 [z21.Z21XNetPacketizerTest$1 Receive thread] ERROR jmrix.AbstractMRTrafficController.receiveLoop() - Exception in receive loop: java.lang.IllegalArgumentException: At least one of system name or port name must be provided
java.lang.IllegalArgumentException: At least one of system name or port name must be provided
	at jmri.jmrix.ConnectionStatus$ConnectionKey.<init>(ConnectionStatus.java:249)
	at jmri.jmrix.ConnectionStatus.setConnectionState(ConnectionStatus.java:84)
	at jmri.jmrix.ConnectionStatus.setConnectionState(ConnectionStatus.java:71)
	at jmri.jmrix.roco.z21.Z21XNetPacketizer.handleOneIncomingReply(Z21XNetPacketizer.java:34)
	at jmri.jmrix.AbstractMRTrafficController.receiveLoop(AbstractMRTrafficController.java:762)
	at jmri.jmrix.AbstractMRTrafficController$2.run(AbstractMRTrafficController.java:693)
	at java.lang.Thread.run(Thread.java:745)
52,837 [z21.Z21XNetPacketizerTest$1 Receive thread] ERROR jmrix.AbstractMRTrafficController.receiveLoop() - Exception in receive loop: java.lang.IllegalArgumentException: At least one of system name or port name must be provided
java.lang.IllegalArgumentException: At least one of system name or port name must be provided
	at jmri.jmrix.ConnectionStatus$ConnectionKey.<init>(ConnectionStatus.java:249)
	at jmri.jmrix.ConnectionStatus.setConnectionState(ConnectionStatus.java:84)
	at jmri.jmrix.ConnectionStatus.setConnectionState(ConnectionStatus.java:71)
	at jmri.jmrix.roco.z21.Z21XNetPacketizer.handleOneIncomingReply(Z21XNetPacketizer.java:34)
	at jmri.jmrix.AbstractMRTrafficController.receiveLoop(AbstractMRTrafficController.java:762)
	at jmri.jmrix.AbstractMRTrafficController$2.run(AbstractMRTrafficController.java:693)
	at java.lang.Thread.run(Thread.java:745)
52,838 [z21.Z21XNetPacketizerTest$1 Receive thread] ERROR jmrix.AbstractSerialPortController.getCurrentPortName() - Port names returned as null
52,839 [z21.Z21XNetPacketizerTest$1 Receive thread] ERROR jmrix.AbstractSerialPortController.getCurrentPortName() - Port names returned as null
52,839 [z21.Z21XNetPacketizerTest$1 Receive thread] ERROR jmrix.AbstractMRTrafficController.receiveLoop() - Exception in receive loop: java.lang.IllegalArgumentException: At least one of system name or port name must be provided
java.lang.IllegalArgumentException: At least one of system name or port name must be provided
	at jmri.jmrix.ConnectionStatus$ConnectionKey.<init>(ConnectionStatus.java:249)
	at jmri.jmrix.ConnectionStatus.setConnectionState(ConnectionStatus.java:84)
	at jmri.jmrix.ConnectionStatus.setConnectionState(ConnectionStatus.java:71)
	at jmri.jmrix.roco.z21.Z21XNetPacketizer.handleOneIncomingReply(Z21XNetPacketizer.java:34)
	at jmri.jmrix.AbstractMRTrafficController.receiveLoop(AbstractMRTrafficController.java:762)
	at jmri.jmrix.AbstractMRTrafficController$2.run(AbstractMRTrafficController.java:693)
	at java.lang.Thread.run(Thread.java:745)
52,840 [z21.Z21XNetPacketizerTest$1 Receive thread] ERROR jmrix.AbstractMRTrafficController.receiveLoop() - Exception in receive loop: java.lang.IllegalArgumentException: At least one of system name or port name must be provided
java.lang.IllegalArgumentException: At least one of system name or port name must be provided
	at jmri.jmrix.ConnectionStatus$ConnectionKey.<init>(ConnectionStatus.java:249)
	at jmri.jmrix.ConnectionStatus.setConnectionState(ConnectionStatus.java:84)
	at jmri.jmrix.ConnectionStatus.setConnectionState(ConnectionStatus.java:71)
	at jmri.jmrix.roco.z21.Z21XNetPacketizer.handleOneIncomingReply(Z21XNetPacketizer.java:34)
	at jmri.jmrix.AbstractMRTrafficController.receiveLoop(AbstractMRTrafficController.java:762)
	at jmri.jmrix.AbstractMRTrafficController$2.run(AbstractMRTrafficController.java:693)
	at java.lang.Thread.run(Thread.java:745)
52,840 [z21.Z21XNetPacketizerTest$1 Receive thread] ERROR jmrix.AbstractSerialPortController.getCurrentPortName() - Port names returned as null
52,841 [z21.Z21XNetPacketizerTest$1 Receive thread] ERROR jmrix.AbstractSerialPortController.getCurrentPortName() - Port names returned as null
52,841 [z21.Z21XNetPacketizerTest$1 Receive thread] ERROR jmrix.AbstractMRTrafficController.receiveLoop() - Exception in receive loop: java.lang.IllegalArgumentException: At least one of system name or port name must be provided
java.lang.IllegalArgumentException: At least one of system name or port name must be provided
	at jmri.jmrix.ConnectionStatus$ConnectionKey.<init>(ConnectionStatus.java:249)
	at jmri.jmrix.ConnectionStatus.setConnectionState(ConnectionStatus.java:84)
	at jmri.jmrix.ConnectionStatus.setConnectionState(ConnectionStatus.java:71)
	at jmri.jmrix.roco.z21.Z21XNetPacketizer.handleOneIncomingReply(Z21XNetPacketizer.java:34)
	at jmri.jmrix.AbstractMRTrafficController.receiveLoop(AbstractMRTrafficController.java:762)
	at jmri.jmrix.AbstractMRTrafficController$2.run(AbstractMRTrafficController.java:693)
	at java.lang.Thread.run(Thread.java:745)
52,842 [z21.Z21XNetPacketizerTest$1 Receive thread] ERROR jmrix.AbstractMRTrafficController.receiveLoop() - Exception in receive loop: java.lang.IllegalArgumentException: At least one of system name or port name must be provided
java.lang.IllegalArgumentException: At least one of system name or port name must be provided
	at jmri.jmrix.ConnectionStatus$ConnectionKey.<init>(ConnectionStatus.java:249)
	at jmri.jmrix.ConnectionStatus.setConnectionState(ConnectionStatus.java:84)
	at jmri.jmrix.ConnectionStatus.setConnectionState(ConnectionStatus.java:71)
	at jmri.jmrix.roco.z21.Z21XNetPacketizer.handleOneIncomingReply(Z21XNetPacketizer.java:34)
	at jmri.jmrix.AbstractMRTrafficController.receiveLoop(AbstractMRTrafficController.java:762)
	at jmri.jmrix.AbstractMRTrafficController$2.run(AbstractMRTrafficController.java:693)
	at java.lang.Thread.run(Thread.java:745)
52,843 [z21.Z21XNetPacketizerTest$1 Receive thread] ERROR jmrix.AbstractSerialPortController.getCurrentPortName() - Port names returned as null
52,844 [z21.Z21XNetPacketizerTest$1 Receive thread] ERROR jmrix.AbstractSerialPortController.getCurrentPortName() - Port names returned as null
52,844 [z21.Z21XNetPacketizerTest$1 Receive thread] ERROR jmrix.AbstractMRTrafficController.receiveLoop() - Exception in receive loop: java.lang.IllegalArgumentException: At least one of system name or port name must be provided
java.lang.IllegalArgumentException: At least one of system name or port name must be provided
	at jmri.jmrix.ConnectionStatus$ConnectionKey.<init>(ConnectionStatus.java:249)
	at jmri.jmrix.ConnectionStatus.setConnectionState(ConnectionStatus.java:84)
	at jmri.jmrix.ConnectionStatus.setConnectionState(ConnectionStatus.java:71)
	at jmri.jmrix.roco.z21.Z21XNetPacketizer.handleOneIncomingReply(Z21XNetPacketizer.java:34)
	at jmri.jmrix.AbstractMRTrafficController.receiveLoop(AbstractMRTrafficController.java:762)
	at jmri.jmrix.AbstractMRTrafficController$2.run(AbstractMRTrafficController.java:693)
	at java.lang.Thread.run(Thread.java:745)
52,845 [z21.Z21XNetPacketizerTest$1 Receive thread] ERROR jmrix.AbstractMRTrafficController.receiveLoop() - Exception in receive loop: java.lang.IllegalArgumentException: At least one of system name or port name must be provided
java.lang.IllegalArgumentException: At least one of system name or port name must be provided
	at jmri.jmrix.ConnectionStatus$ConnectionKey.<init>(ConnectionStatus.java:249)
	at jmri.jmrix.ConnectionStatus.setConnectionState(ConnectionStatus.java:84)
	at jmri.jmrix.ConnectionStatus.setConnectionState(ConnectionStatus.java:71)
	at jmri.jmrix.roco.z21.Z21XNetPacketizer.handleOneIncomingReply(Z21XNetPacketizer.java:34)
	at jmri.jmrix.AbstractMRTrafficController.receiveLoop(AbstractMRTrafficController.java:762)
	at jmri.jmrix.AbstractMRTrafficController$2.run(AbstractMRTrafficController.java:693)
	at java.lang.Thread.run(Thread.java:745)
52,845 [z21.Z21XNetPacketizerTest$1 Receive thread] ERROR jmrix.AbstractSerialPortController.getCurrentPortName() - Port names returned as null
52,846 [z21.Z21XNetPacketizerTest$1 Receive thread] ERROR jmrix.AbstractSerialPortController.getCurrentPortName() - Port names returned as null
52,846 [z21.Z21XNetPacketizerTest$1 Receive thread] ERROR jmrix.AbstractMRTrafficController.receiveLoop() - Exception in receive loop: java.lang.IllegalArgumentException: At least one of system name or port name must be provided
java.lang.IllegalArgumentException: At least one of system name or port name must be provided
	at jmri.jmrix.ConnectionStatus$ConnectionKey.<init>(ConnectionStatus.java:249)
	at jmri.jmrix.ConnectionStatus.setConnectionState(ConnectionStatus.java:84)
	at jmri.jmrix.ConnectionStatus.setConnectionState(ConnectionStatus.java:71)
	at jmri.jmrix.roco.z21.Z21XNetPacketizer.handleOneIncomingReply(Z21XNetPacketizer.java:34)
	at jmri.jmrix.AbstractMRTrafficController.receiveLoop(AbstractMRTrafficController.java:762)
	at jmri.jmrix.AbstractMRTrafficController$2.run(AbstractMRTrafficController.java:693)
	at java.lang.Thread.run(Thread.java:745)
52,847 [z21.Z21XNetPacketizerTest$1 Receive thread] ERROR jmrix.AbstractMRTrafficController.receiveLoop() - Exception in receive loop: java.lang.IllegalArgumentException: At least one of system name or port name must be provided
java.lang.IllegalArgumentException: At least one of system name or port name must be provided
	at jmri.jmrix.ConnectionStatus$ConnectionKey.<init>(ConnectionStatus.java:249)
	at jmri.jmrix.ConnectionStatus.setConnectionState(ConnectionStatus.java:84)
	at jmri.jmrix.ConnectionStatus.setConnectionState(ConnectionStatus.java:71)
	at jmri.jmrix.roco.z21.Z21XNetPacketizer.handleOneIncomingReply(Z21XNetPacketizer.java:34)
	at jmri.jmrix.AbstractMRTrafficController.receiveLoop(AbstractMRTrafficController.java:762)
	at jmri.jmrix.AbstractMRTrafficController$2.run(AbstractMRTrafficController.java:693)
	at java.lang.Thread.run(Thread.java:745)
52,847 [z21.Z21XNetPacketizerTest$1 Receive thread] ERROR jmrix.AbstractSerialPortController.getCurrentPortName() - Port names returned as null
52,848 [z21.Z21XNetPacketizerTest$1 Receive thread] ERROR jmrix.AbstractSerialPortController.getCurrentPortName() - Port names returned as null
52,848 [z21.Z21XNetPacketizerTest$1 Receive thread] ERROR jmrix.AbstractMRTrafficController.receiveLoop() - Exception in receive loop: java.lang.IllegalArgumentException: At least one of system name or port name must be provided
java.lang.IllegalArgumentException: At least one of system name or port name must be provided
	at jmri.jmrix.ConnectionStatus$ConnectionKey.<init>(ConnectionStatus.java:249)
	at jmri.jmrix.ConnectionStatus.setConnectionState(ConnectionStatus.java:84)
	at jmri.jmrix.ConnectionStatus.setConnectionState(ConnectionStatus.java:71)
	at jmri.jmrix.roco.z21.Z21XNetPacketizer.handleOneIncomingReply(Z21XNetPacketizer.java:34)
	at jmri.jmrix.AbstractMRTrafficController.receiveLoop(AbstractMRTrafficController.java:762)
	at jmri.jmrix.AbstractMRTrafficController$2.run(AbstractMRTrafficController.java:693)
	at java.lang.Thread.run(Thread.java:745)
52,849 [z21.Z21XNetPacketizerTest$1 Receive thread] ERROR jmrix.AbstractMRTrafficController.receiveLoop() - Exception in receive loop: java.lang.IllegalArgumentException: At least one of system name or port name must be provided
java.lang.IllegalArgumentException: At least one of system name or port name must be provided
	at jmri.jmrix.ConnectionStatus$ConnectionKey.<init>(ConnectionStatus.java:249)
	at jmri.jmrix.ConnectionStatus.setConnectionState(ConnectionStatus.java:84)
	at jmri.jmrix.ConnectionStatus.setConnectionState(ConnectionStatus.java:71)
	at jmri.jmrix.roco.z21.Z21XNetPacketizer.handleOneIncomingReply(Z21XNetPacketizer.java:34)
	at jmri.jmrix.AbstractMRTrafficController.receiveLoop(AbstractMRTrafficController.java:762)
	at jmri.jmrix.AbstractMRTrafficController$2.run(AbstractMRTrafficController.java:693)
	at java.lang.Thread.run(Thread.java:745)
52,849 [z21.Z21XNetPacketizerTest$1 Receive thread] ERROR jmrix.AbstractSerialPortController.getCurrentPortName() - Port names returned as null
52,850 [z21.Z21XNetPacketizerTest$1 Receive thread] ERROR jmrix.AbstractSerialPortController.getCurrentPortName() - Port names returned as null
52,851 [z21.Z21XNetPacketizerTest$1 Receive thread] ERROR jmrix.AbstractMRTrafficController.receiveLoop() - Exception in receive loop: java.lang.IllegalArgumentException: At least one of system name or port name must be provided
java.lang.IllegalArgumentException: At least one of system name or port name must be provided
	at jmri.jmrix.ConnectionStatus$ConnectionKey.<init>(ConnectionStatus.java:249)
	at jmri.jmrix.ConnectionStatus.setConnectionState(ConnectionStatus.java:84)
	at jmri.jmrix.ConnectionStatus.setConnectionState(ConnectionStatus.java:71)
	at jmri.jmrix.roco.z21.Z21XNetPacketizer.handleOneIncomingReply(Z21XNetPacketizer.java:34)
	at jmri.jmrix.AbstractMRTrafficController.receiveLoop(AbstractMRTrafficController.java:762)
	at jmri.jmrix.AbstractMRTrafficController$2.run(AbstractMRTrafficController.java:693)
	at java.lang.Thread.run(Thread.java:745)
52,851 [z21.Z21XNetPacketizerTest$1 Receive thread] ERROR jmrix.AbstractMRTrafficController.receiveLoop() - Exception in receive loop: java.lang.IllegalArgumentException: At least one of system name or port name must be provided
java.lang.IllegalArgumentException: At least one of system name or port name must be provided
	at jmri.jmrix.ConnectionStatus$ConnectionKey.<init>(ConnectionStatus.java:249)
	at jmri.jmrix.ConnectionStatus.setConnectionState(ConnectionStatus.java:84)
	at jmri.jmrix.ConnectionStatus.setConnectionState(ConnectionStatus.java:71)
	at jmri.jmrix.roco.z21.Z21XNetPacketizer.handleOneIncomingReply(Z21XNetPacketizer.java:34)
	at jmri.jmrix.AbstractMRTrafficController.receiveLoop(AbstractMRTrafficController.java:762)
	at jmri.jmrix.AbstractMRTrafficController$2.run(AbstractMRTrafficController.java:693)
	at java.lang.Thread.run(Thread.java:745)
52,852 [z21.Z21XNetPacketizerTest$1 Receive thread] ERROR jmrix.AbstractSerialPortController.getCurrentPortName() - Port names returned as null
52,852 [z21.Z21XNetPacketizerTest$1 Receive thread] ERROR jmrix.AbstractSerialPortController.getCurrentPortName() - Port names returned as null
52,853 [z21.Z21XNetPacketizerTest$1 Receive thread] ERROR jmrix.AbstractMRTrafficController.receiveLoop() - Exception in receive loop: java.lang.IllegalArgumentException: At least one of system name or port name must be provided
java.lang.IllegalArgumentException: At least one of system name or port name must be provided
	at jmri.jmrix.ConnectionStatus$ConnectionKey.<init>(ConnectionStatus.java:249)
	at jmri.jmrix.ConnectionStatus.setConnectionState(ConnectionStatus.java:84)
	at jmri.jmrix.ConnectionStatus.setConnectionState(ConnectionStatus.java:71)
	at jmri.jmrix.roco.z21.Z21XNetPacketizer.handleOneIncomingReply(Z21XNetPacketizer.java:34)
	at jmri.jmrix.AbstractMRTrafficController.receiveLoop(AbstractMRTrafficController.java:762)
	at jmri.jmrix.AbstractMRTrafficController$2.run(AbstractMRTrafficController.java:693)
	at java.lang.Thread.run(Thread.java:745)
52,853 [z21.Z21XNetPacketizerTest$1 Receive thread] ERROR jmrix.AbstractMRTrafficController.receiveLoop() - Exception in receive loop: java.lang.IllegalArgumentException: At least one of system name or port name must be provided
java.lang.IllegalArgumentException: At least one of system name or port name must be provided
	at jmri.jmrix.ConnectionStatus$ConnectionKey.<init>(ConnectionStatus.java:249)
	at jmri.jmrix.ConnectionStatus.setConnectionState(ConnectionStatus.java:84)
	at jmri.jmrix.ConnectionStatus.setConnectionState(ConnectionStatus.java:71)
	at jmri.jmrix.roco.z21.Z21XNetPacketizer.handleOneIncomingReply(Z21XNetPacketizer.java:34)
	at jmri.jmrix.AbstractMRTrafficController.receiveLoop(AbstractMRTrafficController.java:762)
	at jmri.jmrix.AbstractMRTrafficController$2.run(AbstractMRTrafficController.java:693)
	at java.lang.Thread.run(Thread.java:745)
52,854 [z21.Z21XNetPacketizerTest$1 Receive thread] ERROR jmrix.AbstractSerialPortController.getCurrentPortName() - Port names returned as null
52,854 [z21.Z21XNetPacketizerTest$1 Receive thread] ERROR jmrix.AbstractSerialPortController.getCurrentPortName() - Port names returned as null
52,855 [z21.Z21XNetPacketizerTest$1 Receive thread] ERROR jmrix.AbstractMRTrafficController.receiveLoop() - Exception in receive loop: java.lang.IllegalArgumentException: At least one of system name or port name must be provided
java.lang.IllegalArgumentException: At least one of system name or port name must be provided
	at jmri.jmrix.ConnectionStatus$ConnectionKey.<init>(ConnectionStatus.java:249)
	at jmri.jmrix.ConnectionStatus.setConnectionState(ConnectionStatus.java:84)
	at jmri.jmrix.ConnectionStatus.setConnectionState(ConnectionStatus.java:71)
	at jmri.jmrix.roco.z21.Z21XNetPacketizer.handleOneIncomingReply(Z21XNetPacketizer.java:34)
	at jmri.jmrix.AbstractMRTrafficController.receiveLoop(AbstractMRTrafficController.java:762)
	at jmri.jmrix.AbstractMRTrafficController$2.run(AbstractMRTrafficController.java:693)
	at java.lang.Thread.run(Thread.java:745)
52,855 [z21.Z21XNetPacketizerTest$1 Receive thread] ERROR jmrix.AbstractMRTrafficController.receiveLoop() - Exception in receive loop: java.lang.IllegalArgumentException: At least one of system name or port name must be provided
java.lang.IllegalArgumentException: At least one of system name or port name must be provided
	at jmri.jmrix.ConnectionStatus$ConnectionKey.<init>(ConnectionStatus.java:249)
	at jmri.jmrix.ConnectionStatus.setConnectionState(ConnectionStatus.java:84)
	at jmri.jmrix.ConnectionStatus.setConnectionState(ConnectionStatus.java:71)
	at jmri.jmrix.roco.z21.Z21XNetPacketizer.handleOneIncomingReply(Z21XNetPacketizer.java:34)
	at jmri.jmrix.AbstractMRTrafficController.receiveLoop(AbstractMRTrafficController.java:762)
	at jmri.jmrix.AbstractMRTrafficController$2.run(AbstractMRTrafficController.java:693)
	at java.lang.Thread.run(Thread.java:745)
52,856 [z21.Z21XNetPacketizerTest$1 Receive thread] ERROR jmrix.AbstractSerialPortController.getCurrentPortName() - Port names returned as null
52,856 [z21.Z21XNetPacketizerTest$1 Receive thread] ERROR jmrix.AbstractSerialPortController.getCurrentPortName() - Port names returned as null
52,857 [z21.Z21XNetPacketizerTest$1 Receive thread] ERROR jmrix.AbstractMRTrafficController.receiveLoop() - Exception in receive loop: java.lang.IllegalArgumentException: At least one of system name or port name must be provided
java.lang.IllegalArgumentException: At least one of system name or port name must be provided
	at jmri.jmrix.ConnectionStatus$ConnectionKey.<init>(ConnectionStatus.java:249)
	at jmri.jmrix.ConnectionStatus.setConnectionState(ConnectionStatus.java:84)
	at jmri.jmrix.ConnectionStatus.setConnectionState(ConnectionStatus.java:71)
	at jmri.jmrix.roco.z21.Z21XNetPacketizer.handleOneIncomingReply(Z21XNetPacketizer.java:34)
	at jmri.jmrix.AbstractMRTrafficController.receiveLoop(AbstractMRTrafficController.java:762)
	at jmri.jmrix.AbstractMRTrafficController$2.run(AbstractMRTrafficController.java:693)
	at java.lang.Thread.run(Thread.java:745)
52,857 [z21.Z21XNetPacketizerTest$1 Receive thread] ERROR jmrix.AbstractMRTrafficController.receiveLoop() - Exception in receive loop: java.lang.IllegalArgumentException: At least one of system name or port name must be provided
java.lang.IllegalArgumentException: At least one of system name or port name must be provided
	at jmri.jmrix.ConnectionStatus$ConnectionKey.<init>(ConnectionStatus.java:249)
	at jmri.jmrix.ConnectionStatus.setConnectionState(ConnectionStatus.java:84)
	at jmri.jmrix.ConnectionStatus.setConnectionState(ConnectionStatus.java:71)
	at jmri.jmrix.roco.z21.Z21XNetPacketizer.handleOneIncomingReply(Z21XNetPacketizer.java:34)
	at jmri.jmrix.AbstractMRTrafficController.receiveLoop(AbstractMRTrafficController.java:762)
	at jmri.jmrix.AbstractMRTrafficController$2.run(AbstractMRTrafficController.java:693)
	at java.lang.Thread.run(Thread.java:745)
52,858 [z21.Z21XNetPacketizerTest$1 Receive thread] ERROR jmrix.AbstractSerialPortController.getCurrentPortName() - Port names returned as null
52,858 [z21.Z21XNetPacketizerTest$1 Receive thread] ERROR jmrix.AbstractSerialPortController.getCurrentPortName() - Port names returned as null
52,859 [z21.Z21XNetPacketizerTest$1 Receive thread] ERROR jmrix.AbstractMRTrafficController.receiveLoop() - Exception in receive loop: java.lang.IllegalArgumentException: At least one of system name or port name must be provided
java.lang.IllegalArgumentException: At least one of system name or port name must be provided
	at jmri.jmrix.ConnectionStatus$ConnectionKey.<init>(ConnectionStatus.java:249)
	at jmri.jmrix.ConnectionStatus.setConnectionState(ConnectionStatus.java:84)
	at jmri.jmrix.ConnectionStatus.setConnectionState(ConnectionStatus.java:71)
	at jmri.jmrix.roco.z21.Z21XNetPacketizer.handleOneIncomingReply(Z21XNetPacketizer.java:34)
	at jmri.jmrix.AbstractMRTrafficController.receiveLoop(AbstractMRTrafficController.java:762)
	at jmri.jmrix.AbstractMRTrafficController$2.run(AbstractMRTrafficController.java:693)
	at java.lang.Thread.run(Thread.java:745)
52,859 [z21.Z21XNetPacketizerTest$1 Receive thread] ERROR jmrix.AbstractMRTrafficController.receiveLoop() - Exception in receive loop: java.lang.IllegalArgumentException: At least one of system name or port name must be provided
java.lang.IllegalArgumentException: At least one of system name or port name must be provided
	at jmri.jmrix.ConnectionStatus$ConnectionKey.<init>(ConnectionStatus.java:249)
	at jmri.jmrix.ConnectionStatus.setConnectionState(ConnectionStatus.java:84)
	at jmri.jmrix.ConnectionStatus.setConnectionState(ConnectionStatus.java:71)
	at jmri.jmrix.roco.z21.Z21XNetPacketizer.handleOneIncomingReply(Z21XNetPacketizer.java:34)
	at jmri.jmrix.AbstractMRTrafficController.receiveLoop(AbstractMRTrafficController.java:762)
	at jmri.jmrix.AbstractMRTrafficController$2.run(AbstractMRTrafficController.java:693)
	at java.lang.Thread.run(Thread.java:745)
52,860 [z21.Z21XNetPacketizerTest$1 Receive thread] ERROR jmrix.AbstractSerialPortController.getCurrentPortName() - Port names returned as null
52,860 [z21.Z21XNetPacketizerTest$1 Receive thread] ERROR jmrix.AbstractSerialPortController.getCurrentPortName() - Port names returned as null
52,861 [z21.Z21XNetPacketizerTest$1 Receive thread] ERROR jmrix.AbstractMRTrafficController.receiveLoop() - Exception in receive loop: java.lang.IllegalArgumentException: At least one of system name or port name must be provided
java.lang.IllegalArgumentException: At least one of system name or port name must be provided
	at jmri.jmrix.ConnectionStatus$ConnectionKey.<init>(ConnectionStatus.java:249)
	at jmri.jmrix.ConnectionStatus.setConnectionState(ConnectionStatus.java:84)
	at jmri.jmrix.ConnectionStatus.setConnectionState(ConnectionStatus.java:71)
	at jmri.jmrix.roco.z21.Z21XNetPacketizer.handleOneIncomingReply(Z21XNetPacketizer.java:34)
	at jmri.jmrix.AbstractMRTrafficController.receiveLoop(AbstractMRTrafficController.java:762)
	at jmri.jmrix.AbstractMRTrafficController$2.run(AbstractMRTrafficController.java:693)
	at java.lang.Thread.run(Thread.java:745)
52,861 [z21.Z21XNetPacketizerTest$1 Receive thread] ERROR jmrix.AbstractMRTrafficController.receiveLoop() - Exception in receive loop: java.lang.IllegalArgumentException: At least one of system name or port name must be provided
java.lang.IllegalArgumentException: At least one of system name or port name must be provided
	at jmri.jmrix.ConnectionStatus$ConnectionKey.<init>(ConnectionStatus.java:249)
	at jmri.jmrix.ConnectionStatus.setConnectionState(ConnectionStatus.java:84)
	at jmri.jmrix.ConnectionStatus.setConnectionState(ConnectionStatus.java:71)
	at jmri.jmrix.roco.z21.Z21XNetPacketizer.handleOneIncomingReply(Z21XNetPacketizer.java:34)
	at jmri.jmrix.AbstractMRTrafficController.receiveLoop(AbstractMRTrafficController.java:762)
	at jmri.jmrix.AbstractMRTrafficController$2.run(AbstractMRTrafficController.java:693)
	at java.lang.Thread.run(Thread.java:745)
52,862 [z21.Z21XNetPacketizerTest$1 Receive thread] ERROR jmrix.AbstractSerialPortController.getCurrentPortName() - Port names returned as null
52,863 [z21.Z21XNetPacketizerTest$1 Receive thread] ERROR jmrix.AbstractSerialPortController.getCurrentPortName() - Port names returned as null
52,863 [z21.Z21XNetPacketizerTest$1 Receive thread] ERROR jmrix.AbstractMRTrafficController.receiveLoop() - Exception in receive loop: java.lang.IllegalArgumentException: At least one of system name or port name must be provided
java.lang.IllegalArgumentException: At least one of system name or port name must be provided
	at jmri.jmrix.ConnectionStatus$ConnectionKey.<init>(ConnectionStatus.java:249)
	at jmri.jmrix.ConnectionStatus.setConnectionState(ConnectionStatus.java:84)
	at jmri.jmrix.ConnectionStatus.setConnectionState(ConnectionStatus.java:71)
	at jmri.jmrix.roco.z21.Z21XNetPacketizer.handleOneIncomingReply(Z21XNetPacketizer.java:34)
	at jmri.jmrix.AbstractMRTrafficController.receiveLoop(AbstractMRTrafficController.java:762)
	at jmri.jmrix.AbstractMRTrafficController$2.run(AbstractMRTrafficController.java:693)
	at java.lang.Thread.run(Thread.java:745)
52,864 [z21.Z21XNetPacketizerTest$1 Receive thread] ERROR jmrix.AbstractMRTrafficController.receiveLoop() - Exception in receive loop: java.lang.IllegalArgumentException: At least one of system name or port name must be provided
java.lang.IllegalArgumentException: At least one of system name or port name must be provided
	at jmri.jmrix.ConnectionStatus$ConnectionKey.<init>(ConnectionStatus.java:249)
	at jmri.jmrix.ConnectionStatus.setConnectionState(ConnectionStatus.java:84)
	at jmri.jmrix.ConnectionStatus.setConnectionState(ConnectionStatus.java:71)
	at jmri.jmrix.roco.z21.Z21XNetPacketizer.handleOneIncomingReply(Z21XNetPacketizer.java:34)
	at jmri.jmrix.AbstractMRTrafficController.receiveLoop(AbstractMRTrafficController.java:762)
	at jmri.jmrix.AbstractMRTrafficController$2.run(AbstractMRTrafficController.java:693)
	at java.lang.Thread.run(Thread.java:745)
52,864 [z21.Z21XNetPacketizerTest$1 Receive thread] ERROR jmrix.AbstractSerialPortController.getCurrentPortName() - Port names returned as null
52,865 [z21.Z21XNetPacketizerTest$1 Receive thread] ERROR jmrix.AbstractSerialPortController.getCurrentPortName() - Port names returned as null
52,866 [z21.Z21XNetPacketizerTest$1 Receive thread] ERROR jmrix.AbstractMRTrafficController.receiveLoop() - Exception in receive loop: java.lang.IllegalArgumentException: At least one of system name or port name must be provided
java.lang.IllegalArgumentException: At least one of system name or port name must be provided
	at jmri.jmrix.ConnectionStatus$ConnectionKey.<init>(ConnectionStatus.java:249)
	at jmri.jmrix.ConnectionStatus.setConnectionState(ConnectionStatus.java:84)
	at jmri.jmrix.ConnectionStatus.setConnectionState(ConnectionStatus.java:71)
	at jmri.jmrix.roco.z21.Z21XNetPacketizer.handleOneIncomingReply(Z21XNetPacketizer.java:34)
	at jmri.jmrix.AbstractMRTrafficController.receiveLoop(AbstractMRTrafficController.java:762)
	at jmri.jmrix.AbstractMRTrafficController$2.run(AbstractMRTrafficController.java:693)
	at java.lang.Thread.run(Thread.java:745)
52,866 [z21.Z21XNetPacketizerTest$1 Receive thread] ERROR jmrix.AbstractSerialPortController.getCurrentPortName() - Port names returned as null
52,867 [z21.Z21XNetPacketizerTest$1 Receive thread] ERROR jmrix.AbstractMRTrafficController.receiveLoop() - Exception in receive loop: java.lang.IllegalArgumentException: At least one of system name or port name must be provided
java.lang.IllegalArgumentException: At least one of system name or port name must be provided
	at jmri.jmrix.ConnectionStatus$ConnectionKey.<init>(ConnectionStatus.java:249)
	at jmri.jmrix.ConnectionStatus.setConnectionState(ConnectionStatus.java:84)
	at jmri.jmrix.ConnectionStatus.setConnectionState(ConnectionStatus.java:71)
	at jmri.jmrix.roco.z21.Z21XNetPacketizer.handleOneIncomingReply(Z21XNetPacketizer.java:34)
	at jmri.jmrix.AbstractMRTrafficController.receiveLoop(AbstractMRTrafficController.java:762)
	at jmri.jmrix.AbstractMRTrafficController$2.run(AbstractMRTrafficController.java:693)
	at java.lang.Thread.run(Thread.java:745)
52,868 [z21.Z21XNetPacketizerTest$1 Receive thread] ERROR jmrix.AbstractSerialPortController.getCurrentPortName() - Port names returned as null
52,868 [z21.Z21XNetPacketizerTest$1 Receive thread] ERROR jmrix.AbstractMRTrafficController.receiveLoop() - Exception in receive loop: java.lang.IllegalArgumentException: At least one of system name or port name must be provided
java.lang.IllegalArgumentException: At least one of system name or port name must be provided
	at jmri.jmrix.ConnectionStatus$ConnectionKey.<init>(ConnectionStatus.java:249)
	at jmri.jmrix.ConnectionStatus.setConnectionState(ConnectionStatus.java:84)
	at jmri.jmrix.ConnectionStatus.setConnectionState(ConnectionStatus.java:71)
	at jmri.jmrix.roco.z21.Z21XNetPacketizer.handleOneIncomingReply(Z21XNetPacketizer.java:34)
	at jmri.jmrix.AbstractMRTrafficController.receiveLoop(AbstractMRTrafficController.java:762)
	at jmri.jmrix.AbstractMRTrafficController$2.run(AbstractMRTrafficController.java:693)
	at java.lang.Thread.run(Thread.java:745)
52,869 [z21.Z21XNetPacketizerTest$1 Receive thread] ERROR jmrix.AbstractSerialPortController.getCurrentPortName() - Port names returned as null
52,868 [z21.Z21XNetPacketizerTest$1 Receive thread] ERROR jmrix.AbstractMRTrafficController.receiveLoop() - Exception in receive loop: java.lang.IllegalArgumentException: At least one of system name or port name must be provided
java.lang.IllegalArgumentException: At least one of system name or port name must be provided
	at jmri.jmrix.ConnectionStatus$ConnectionKey.<init>(ConnectionStatus.java:249)
	at jmri.jmrix.ConnectionStatus.setConnectionState(ConnectionStatus.java:84)
	at jmri.jmrix.ConnectionStatus.setConnectionState(ConnectionStatus.java:71)
	at jmri.jmrix.roco.z21.Z21XNetPacketizer.handleOneIncomingReply(Z21XNetPacketizer.java:34)
	at jmri.jmrix.AbstractMRTrafficController.receiveLoop(AbstractMRTrafficController.java:762)
	at jmri.jmrix.AbstractMRTrafficController$2.run(AbstractMRTrafficController.java:693)
	at java.lang.Thread.run(Thread.java:745)
52,869 [z21.Z21XNetPacketizerTest$1 Receive thread] ERROR jmrix.AbstractMRTrafficController.receiveLoop() - Exception in receive loop: java.lang.IllegalArgumentException: At least one of system name or port name must be provided
java.lang.IllegalArgumentException: At least one of system name or port name must be provided
	at jmri.jmrix.ConnectionStatus$ConnectionKey.<init>(ConnectionStatus.java:249)
	at jmri.jmrix.ConnectionStatus.setConnectionState(ConnectionStatus.java:84)
	at jmri.jmrix.ConnectionStatus.setConnectionState(ConnectionStatus.java:71)
	at jmri.jmrix.roco.z21.Z21XNetPacketizer.handleOneIncomingReply(Z21XNetPacketizer.java:34)
	at jmri.jmrix.AbstractMRTrafficController.receiveLoop(AbstractMRTrafficController.java:762)
	at jmri.jmrix.AbstractMRTrafficController$2.run(AbstractMRTrafficController.java:693)
	at java.lang.Thread.run(Thread.java:745)
52,870 [z21.Z21XNetPacketizerTest$1 Receive thread] ERROR jmrix.AbstractSerialPortController.getCurrentPortName() - Port names returned as null
52,870 [z21.Z21XNetPacketizerTest$1 Receive thread] ERROR jmrix.AbstractSerialPortController.getCurrentPortName() - Port names returned as null
52,871 [z21.Z21XNetPacketizerTest$1 Receive thread] ERROR jmrix.AbstractMRTrafficController.receiveLoop() - Exception in receive loop: java.lang.IllegalArgumentException: At least one of system name or port name must be provided
java.lang.IllegalArgumentException: At least one of system name or port name must be provided
	at jmri.jmrix.ConnectionStatus$ConnectionKey.<init>(ConnectionStatus.java:249)
	at jmri.jmrix.ConnectionStatus.setConnectionState(ConnectionStatus.java:84)
	at jmri.jmrix.ConnectionStatus.setConnectionState(ConnectionStatus.java:71)
	at jmri.jmrix.roco.z21.Z21XNetPacketizer.handleOneIncomingReply(Z21XNetPacketizer.java:34)
	at jmri.jmrix.AbstractMRTrafficController.receiveLoop(AbstractMRTrafficController.java:762)
	at jmri.jmrix.AbstractMRTrafficController$2.run(AbstractMRTrafficController.java:693)
	at java.lang.Thread.run(Thread.java:745)
52,871 [z21.Z21XNetPacketizerTest$1 Receive thread] ERROR jmrix.AbstractMRTrafficController.receiveLoop() - Exception in receive loop: java.lang.IllegalArgumentException: At least one of system name or port name must be provided
java.lang.IllegalArgumentException: At least one of system name or port name must be provided
	at jmri.jmrix.ConnectionStatus$ConnectionKey.<init>(ConnectionStatus.java:249)
	at jmri.jmrix.ConnectionStatus.setConnectionState(ConnectionStatus.java:84)
	at jmri.jmrix.ConnectionStatus.setConnectionState(ConnectionStatus.java:71)
	at jmri.jmrix.roco.z21.Z21XNetPacketizer.handleOneIncomingReply(Z21XNetPacketizer.java:34)
	at jmri.jmrix.AbstractMRTrafficController.receiveLoop(AbstractMRTrafficController.java:762)
	at jmri.jmrix.AbstractMRTrafficController$2.run(AbstractMRTrafficController.java:693)
	at java.lang.Thread.run(Thread.java:745)
52,872 [z21.Z21XNetPacketizerTest$1 Receive thread] ERROR jmrix.AbstractSerialPortController.getCurrentPortName() - Port names returned as null
52,872 [z21.Z21XNetPacketizerTest$1 Receive thread] ERROR jmrix.AbstractSerialPortController.getCurrentPortName() - Port names returned as null
52,873 [z21.Z21XNetPacketizerTest$1 Receive thread] ERROR jmrix.AbstractMRTrafficController.receiveLoop() - Exception in receive loop: java.lang.IllegalArgumentException: At least one of system name or port name must be provided
java.lang.IllegalArgumentException: At least one of system name or port name must be provided
	at jmri.jmrix.ConnectionStatus$ConnectionKey.<init>(ConnectionStatus.java:249)
	at jmri.jmrix.ConnectionStatus.setConnectionState(ConnectionStatus.java:84)
	at jmri.jmrix.ConnectionStatus.setConnectionState(ConnectionStatus.java:71)
	at jmri.jmrix.roco.z21.Z21XNetPacketizer.handleOneIncomingReply(Z21XNetPacketizer.java:34)
	at jmri.jmrix.AbstractMRTrafficController.receiveLoop(AbstractMRTrafficController.java:762)
	at jmri.jmrix.AbstractMRTrafficController$2.run(AbstractMRTrafficController.java:693)
	at java.lang.Thread.run(Thread.java:745)
52,873 [z21.Z21XNetPacketizerTest$1 Receive thread] ERROR jmrix.AbstractMRTrafficController.receiveLoop() - Exception in receive loop: java.lang.IllegalArgumentException: At least one of system name or port name must be provided
java.lang.IllegalArgumentException: At least one of system name or port name must be provided
	at jmri.jmrix.ConnectionStatus$ConnectionKey.<init>(ConnectionStatus.java:249)
	at jmri.jmrix.ConnectionStatus.setConnectionState(ConnectionStatus.java:84)
	at jmri.jmrix.ConnectionStatus.setConnectionState(ConnectionStatus.java:71)
	at jmri.jmrix.roco.z21.Z21XNetPacketizer.handleOneIncomingReply(Z21XNetPacketizer.java:34)
	at jmri.jmrix.AbstractMRTrafficController.receiveLoop(AbstractMRTrafficController.java:762)
	at jmri.jmrix.AbstractMRTrafficController$2.run(AbstractMRTrafficController.java:693)
	at java.lang.Thread.run(Thread.java:745)
52,874 [z21.Z21XNetPacketizerTest$1 Receive thread] ERROR jmrix.AbstractSerialPortController.getCurrentPortName() - Port names returned as null
52,874 [z21.Z21XNetPacketizerTest$1 Receive thread] ERROR jmrix.AbstractSerialPortController.getCurrentPortName() - Port names returned as null
52,875 [z21.Z21XNetPacketizerTest$1 Receive thread] ERROR jmrix.AbstractMRTrafficController.receiveLoop() - Exception in receive loop: java.lang.IllegalArgumentException: At least one of system name or port name must be provided
java.lang.IllegalArgumentException: At least one of system name or port name must be provided
	at jmri.jmrix.ConnectionStatus$ConnectionKey.<init>(ConnectionStatus.java:249)
	at jmri.jmrix.ConnectionStatus.setConnectionState(ConnectionStatus.java:84)
	at jmri.jmrix.ConnectionStatus.setConnectionState(ConnectionStatus.java:71)
	at jmri.jmrix.roco.z21.Z21XNetPacketizer.handleOneIncomingReply(Z21XNetPacketizer.java:34)
	at jmri.jmrix.AbstractMRTrafficController.receiveLoop(AbstractMRTrafficController.java:762)
	at jmri.jmrix.AbstractMRTrafficController$2.run(AbstractMRTrafficController.java:693)
	at java.lang.Thread.run(Thread.java:745)
52,875 [z21.Z21XNetPacketizerTest$1 Receive thread] ERROR jmrix.AbstractMRTrafficController.receiveLoop() - Exception in receive loop: java.lang.IllegalArgumentException: At least one of system name or port name must be provided
java.lang.IllegalArgumentException: At least one of system name or port name must be provided
	at jmri.jmrix.ConnectionStatus$ConnectionKey.<init>(ConnectionStatus.java:249)
	at jmri.jmrix.ConnectionStatus.setConnectionState(ConnectionStatus.java:84)
	at jmri.jmrix.ConnectionStatus.setConnectionState(ConnectionStatus.java:71)
	at jmri.jmrix.roco.z21.Z21XNetPacketizer.handleOneIncomingReply(Z21XNetPacketizer.java:34)
	at jmri.jmrix.AbstractMRTrafficController.receiveLoop(AbstractMRTrafficController.java:762)
	at jmri.jmrix.AbstractMRTrafficController$2.run(AbstractMRTrafficController.java:693)
	at java.lang.Thread.run(Thread.java:745)
52,876 [z21.Z21XNetPacketizerTest$1 Receive thread] ERROR jmrix.AbstractSerialPortController.getCurrentPortName() - Port names returned as null
52,877 [z21.Z21XNetPacketizerTest$1 Receive thread] ERROR jmrix.AbstractSerialPortController.getCurrentPortName() - Port names returned as null
52,877 [z21.Z21XNetPacketizerTest$1 Receive thread] ERROR jmrix.AbstractMRTrafficController.receiveLoop() - Exception in receive loop: java.lang.IllegalArgumentException: At least one of system name or port name must be provided
java.lang.IllegalArgumentException: At least one of system name or port name must be provided
	at jmri.jmrix.ConnectionStatus$ConnectionKey.<init>(ConnectionStatus.java:249)
	at jmri.jmrix.ConnectionStatus.setConnectionState(ConnectionStatus.java:84)
	at jmri.jmrix.ConnectionStatus.setConnectionState(ConnectionStatus.java:71)
	at jmri.jmrix.roco.z21.Z21XNetPacketizer.handleOneIncomingReply(Z21XNetPacketizer.java:34)
	at jmri.jmrix.AbstractMRTrafficController.receiveLoop(AbstractMRTrafficController.java:762)
	at jmri.jmrix.AbstractMRTrafficController$2.run(AbstractMRTrafficController.java:693)
	at java.lang.Thread.run(Thread.java:745)
52,878 [z21.Z21XNetPacketizerTest$1 Receive thread] ERROR jmrix.AbstractMRTrafficController.receiveLoop() - Exception in receive loop: java.lang.IllegalArgumentException: At least one of system name or port name must be provided
java.lang.IllegalArgumentException: At least one of system name or port name must be provided
	at jmri.jmrix.ConnectionStatus$ConnectionKey.<init>(ConnectionStatus.java:249)
	at jmri.jmrix.ConnectionStatus.setConnectionState(ConnectionStatus.java:84)
	at jmri.jmrix.ConnectionStatus.setConnectionState(ConnectionStatus.java:71)
	at jmri.jmrix.roco.z21.Z21XNetPacketizer.handleOneIncomingReply(Z21XNetPacketizer.java:34)
	at jmri.jmrix.AbstractMRTrafficController.receiveLoop(AbstractMRTrafficController.java:762)
	at jmri.jmrix.AbstractMRTrafficController$2.run(AbstractMRTrafficController.java:693)
	at java.lang.Thread.run(Thread.java:745)
52,878 [z21.Z21XNetPacketizerTest$1 Receive thread] ERROR jmrix.AbstractSerialPortController.getCurrentPortName() - Port names returned as null
52,879 [z21.Z21XNetPacketizerTest$1 Receive thread] ERROR jmrix.AbstractSerialPortController.getCurrentPortName() - Port names returned as null
52,879 [z21.Z21XNetPacketizerTest$1 Receive thread] ERROR jmrix.AbstractMRTrafficController.receiveLoop() - Exception in receive loop: java.lang.IllegalArgumentException: At least one of system name or port name must be provided
java.lang.IllegalArgumentException: At least one of system name or port name must be provided
	at jmri.jmrix.ConnectionStatus$ConnectionKey.<init>(ConnectionStatus.java:249)
	at jmri.jmrix.ConnectionStatus.setConnectionState(ConnectionStatus.java:84)
	at jmri.jmrix.ConnectionStatus.setConnectionState(ConnectionStatus.java:71)
	at jmri.jmrix.roco.z21.Z21XNetPacketizer.handleOneIncomingReply(Z21XNetPacketizer.java:34)
	at jmri.jmrix.AbstractMRTrafficController.receiveLoop(AbstractMRTrafficController.java:762)
	at jmri.jmrix.AbstractMRTrafficController$2.run(AbstractMRTrafficController.java:693)
	at java.lang.Thread.run(Thread.java:745)
52,880 [z21.Z21XNetPacketizerTest$1 Receive thread] ERROR jmrix.AbstractMRTrafficController.receiveLoop() - Exception in receive loop: java.lang.IllegalArgumentException: At least one of system name or port name must be provided
java.lang.IllegalArgumentException: At least one of system name or port name must be provided
	at jmri.jmrix.ConnectionStatus$ConnectionKey.<init>(ConnectionStatus.java:249)
	at jmri.jmrix.ConnectionStatus.setConnectionState(ConnectionStatus.java:84)
	at jmri.jmrix.ConnectionStatus.setConnectionState(ConnectionStatus.java:71)
	at jmri.jmrix.roco.z21.Z21XNetPacketizer.handleOneIncomingReply(Z21XNetPacketizer.java:34)
	at jmri.jmrix.AbstractMRTrafficController.receiveLoop(AbstractMRTrafficController.java:762)
	at jmri.jmrix.AbstractMRTrafficController$2.run(AbstractMRTrafficController.java:693)
	at java.lang.Thread.run(Thread.java:745)
52,880 [z21.Z21XNetPacketizerTest$1 Receive thread] ERROR jmrix.AbstractSerialPortController.getCurrentPortName() - Port names returned as null
52,881 [z21.Z21XNetPacketizerTest$1 Receive thread] ERROR jmrix.AbstractSerialPortController.getCurrentPortName() - Port names returned as null
52,881 [z21.Z21XNetPacketizerTest$1 Receive thread] ERROR jmrix.AbstractMRTrafficController.receiveLoop() - Exception in receive loop: java.lang.IllegalArgumentException: At least one of system name or port name must be provided
java.lang.IllegalArgumentException: At least one of system name or port name must be provided
	at jmri.jmrix.ConnectionStatus$ConnectionKey.<init>(ConnectionStatus.java:249)
	at jmri.jmrix.ConnectionStatus.setConnectionState(ConnectionStatus.java:84)
	at jmri.jmrix.ConnectionStatus.setConnectionState(ConnectionStatus.java:71)
	at jmri.jmrix.roco.z21.Z21XNetPacketizer.handleOneIncomingReply(Z21XNetPacketizer.java:34)
	at jmri.jmrix.AbstractMRTrafficController.receiveLoop(AbstractMRTrafficController.java:762)
	at jmri.jmrix.AbstractMRTrafficController$2.run(AbstractMRTrafficController.java:693)
	at java.lang.Thread.run(Thread.java:745)
52,882 [z21.Z21XNetPacketizerTest$1 Receive thread] ERROR jmrix.AbstractMRTrafficController.receiveLoop() - Exception in receive loop: java.lang.IllegalArgumentException: At least one of system name or port name must be provided
java.lang.IllegalArgumentException: At least one of system name or port name must be provided
	at jmri.jmrix.ConnectionStatus$ConnectionKey.<init>(ConnectionStatus.java:249)
	at jmri.jmrix.ConnectionStatus.setConnectionState(ConnectionStatus.java:84)
	at jmri.jmrix.ConnectionStatus.setConnectionState(ConnectionStatus.java:71)
	at jmri.jmrix.roco.z21.Z21XNetPacketizer.handleOneIncomingReply(Z21XNetPacketizer.java:34)
	at jmri.jmrix.AbstractMRTrafficController.receiveLoop(AbstractMRTrafficController.java:762)
	at jmri.jmrix.AbstractMRTrafficController$2.run(AbstractMRTrafficController.java:693)
	at java.lang.Thread.run(Thread.java:745)
52,882 [z21.Z21XNetPacketizerTest$1 Receive thread] ERROR jmrix.AbstractSerialPortController.getCurrentPortName() - Port names returned as null
52,883 [z21.Z21XNetPacketizerTest$1 Receive thread] ERROR jmrix.AbstractSerialPortController.getCurrentPortName() - Port names returned as null
52,884 [z21.Z21XNetPacketizerTest$1 Receive thread] ERROR jmrix.AbstractMRTrafficController.receiveLoop() - Exception in receive loop: java.lang.IllegalArgumentException: At least one of system name or port name must be provided
java.lang.IllegalArgumentException: At least one of system name or port name must be provided
	at jmri.jmrix.ConnectionStatus$ConnectionKey.<init>(ConnectionStatus.java:249)
	at jmri.jmrix.ConnectionStatus.setConnectionState(ConnectionStatus.java:84)
	at jmri.jmrix.ConnectionStatus.setConnectionState(ConnectionStatus.java:71)
	at jmri.jmrix.roco.z21.Z21XNetPacketizer.handleOneIncomingReply(Z21XNetPacketizer.java:34)
	at jmri.jmrix.AbstractMRTrafficController.receiveLoop(AbstractMRTrafficController.java:762)
	at jmri.jmrix.AbstractMRTrafficController$2.run(AbstractMRTrafficController.java:693)
	at java.lang.Thread.run(Thread.java:745)
52,884 [z21.Z21XNetPacketizerTest$1 Receive thread] ERROR jmrix.AbstractMRTrafficController.receiveLoop() - Exception in receive loop: java.lang.IllegalArgumentException: At least one of system name or port name must be provided
java.lang.IllegalArgumentException: At least one of system name or port name must be provided
	at jmri.jmrix.ConnectionStatus$ConnectionKey.<init>(ConnectionStatus.java:249)
	at jmri.jmrix.ConnectionStatus.setConnectionState(ConnectionStatus.java:84)
	at jmri.jmrix.ConnectionStatus.setConnectionState(ConnectionStatus.java:71)
	at jmri.jmrix.roco.z21.Z21XNetPacketizer.handleOneIncomingReply(Z21XNetPacketizer.java:34)
	at jmri.jmrix.AbstractMRTrafficController.receiveLoop(AbstractMRTrafficController.java:762)
	at jmri.jmrix.AbstractMRTrafficController$2.run(AbstractMRTrafficController.java:693)
	at java.lang.Thread.run(Thread.java:745)
52,885 [z21.Z21XNetPacketizerTest$1 Receive thread] ERROR jmrix.AbstractSerialPortController.getCurrentPortName() - Port names returned as null
52,885 [z21.Z21XNetPacketizerTest$1 Receive thread] ERROR jmrix.AbstractSerialPortController.getCurrentPortName() - Port names returned as null
52,886 [z21.Z21XNetPacketizerTest$1 Receive thread] ERROR jmrix.AbstractMRTrafficController.receiveLoop() - Exception in receive loop: java.lang.IllegalArgumentException: At least one of system name or port name must be provided
java.lang.IllegalArgumentException: At least one of system name or port name must be provided
	at jmri.jmrix.ConnectionStatus$ConnectionKey.<init>(ConnectionStatus.java:249)
	at jmri.jmrix.ConnectionStatus.setConnectionState(ConnectionStatus.java:84)
	at jmri.jmrix.ConnectionStatus.setConnectionState(ConnectionStatus.java:71)
	at jmri.jmrix.roco.z21.Z21XNetPacketizer.handleOneIncomingReply(Z21XNetPacketizer.java:34)
	at jmri.jmrix.AbstractMRTrafficController.receiveLoop(AbstractMRTrafficController.java:762)
	at jmri.jmrix.AbstractMRTrafficController$2.run(AbstractMRTrafficController.java:693)
	at java.lang.Thread.run(Thread.java:745)
52,886 [z21.Z21XNetPacketizerTest$1 Receive thread] ERROR jmrix.AbstractMRTrafficController.receiveLoop() - Exception in receive loop: java.lang.IllegalArgumentException: At least one of system name or port name must be provided
java.lang.IllegalArgumentException: At least one of system name or port name must be provided
	at jmri.jmrix.ConnectionStatus$ConnectionKey.<init>(ConnectionStatus.java:249)
	at jmri.jmrix.ConnectionStatus.setConnectionState(ConnectionStatus.java:84)
	at jmri.jmrix.ConnectionStatus.setConnectionState(ConnectionStatus.java:71)
	at jmri.jmrix.roco.z21.Z21XNetPacketizer.handleOneIncomingReply(Z21XNetPacketizer.java:34)
	at jmri.jmrix.AbstractMRTrafficController.receiveLoop(AbstractMRTrafficController.java:762)
	at jmri.jmrix.AbstractMRTrafficController$2.run(AbstractMRTrafficController.java:693)
	at java.lang.Thread.run(Thread.java:745)
52,887 [z21.Z21XNetPacketizerTest$1 Receive thread] ERROR jmrix.AbstractSerialPortController.getCurrentPortName() - Port names returned as null
52,887 [z21.Z21XNetPacketizerTest$1 Receive thread] ERROR jmrix.AbstractSerialPortController.getCurrentPortName() - Port names returned as null
52,888 [z21.Z21XNetPacketizerTest$1 Receive thread] ERROR jmrix.AbstractMRTrafficController.receiveLoop() - Exception in receive loop: java.lang.IllegalArgumentException: At least one of system name or port name must be provided
java.lang.IllegalArgumentException: At least one of system name or port name must be provided
	at jmri.jmrix.ConnectionStatus$ConnectionKey.<init>(ConnectionStatus.java:249)
	at jmri.jmrix.ConnectionStatus.setConnectionState(ConnectionStatus.java:84)
	at jmri.jmrix.ConnectionStatus.setConnectionState(ConnectionStatus.java:71)
	at jmri.jmrix.roco.z21.Z21XNetPacketizer.handleOneIncomingReply(Z21XNetPacketizer.java:34)
	at jmri.jmrix.AbstractMRTrafficController.receiveLoop(AbstractMRTrafficController.java:762)
	at jmri.jmrix.AbstractMRTrafficController$2.run(AbstractMRTrafficController.java:693)
	at java.lang.Thread.run(Thread.java:745)
52,888 [z21.Z21XNetPacketizerTest$1 Receive thread] ERROR jmrix.AbstractMRTrafficController.receiveLoop() - Exception in receive loop: java.lang.IllegalArgumentException: At least one of system name or port name must be provided
java.lang.IllegalArgumentException: At least one of system name or port name must be provided
	at jmri.jmrix.ConnectionStatus$ConnectionKey.<init>(ConnectionStatus.java:249)
	at jmri.jmrix.ConnectionStatus.setConnectionState(ConnectionStatus.java:84)
	at jmri.jmrix.ConnectionStatus.setConnectionState(ConnectionStatus.java:71)
	at jmri.jmrix.roco.z21.Z21XNetPacketizer.handleOneIncomingReply(Z21XNetPacketizer.java:34)
	at jmri.jmrix.AbstractMRTrafficController.receiveLoop(AbstractMRTrafficController.java:762)
	at jmri.jmrix.AbstractMRTrafficController$2.run(AbstractMRTrafficController.java:693)
	at java.lang.Thread.run(Thread.java:745)
52,889 [z21.Z21XNetPacketizerTest$1 Receive thread] ERROR jmrix.AbstractSerialPortController.getCurrentPortName() - Port names returned as null
52,890 [z21.Z21XNetPacketizerTest$1 Receive thread] ERROR jmrix.AbstractSerialPortController.getCurrentPortName() - Port names returned as null
52,890 [z21.Z21XNetPacketizerTest$1 Receive thread] ERROR jmrix.AbstractMRTrafficController.receiveLoop() - Exception in receive loop: java.lang.IllegalArgumentException: At least one of system name or port name must be provided
java.lang.IllegalArgumentException: At least one of system name or port name must be provided
	at jmri.jmrix.ConnectionStatus$ConnectionKey.<init>(ConnectionStatus.java:249)
	at jmri.jmrix.ConnectionStatus.setConnectionState(ConnectionStatus.java:84)
	at jmri.jmrix.ConnectionStatus.setConnectionState(ConnectionStatus.java:71)
	at jmri.jmrix.roco.z21.Z21XNetPacketizer.handleOneIncomingReply(Z21XNetPacketizer.java:34)
	at jmri.jmrix.AbstractMRTrafficController.receiveLoop(AbstractMRTrafficController.java:762)
	at jmri.jmrix.AbstractMRTrafficController$2.run(AbstractMRTrafficController.java:693)
	at java.lang.Thread.run(Thread.java:745)
52,891 [z21.Z21XNetPacketizerTest$1 Receive thread] ERROR jmrix.AbstractMRTrafficController.receiveLoop() - Exception in receive loop: java.lang.IllegalArgumentException: At least one of system name or port name must be provided
java.lang.IllegalArgumentException: At least one of system name or port name must be provided
	at jmri.jmrix.ConnectionStatus$ConnectionKey.<init>(ConnectionStatus.java:249)
	at jmri.jmrix.ConnectionStatus.setConnectionState(ConnectionStatus.java:84)
	at jmri.jmrix.ConnectionStatus.setConnectionState(ConnectionStatus.java:71)
	at jmri.jmrix.roco.z21.Z21XNetPacketizer.handleOneIncomingReply(Z21XNetPacketizer.java:34)
	at jmri.jmrix.AbstractMRTrafficController.receiveLoop(AbstractMRTrafficController.java:762)
	at jmri.jmrix.AbstractMRTrafficController$2.run(AbstractMRTrafficController.java:693)
	at java.lang.Thread.run(Thread.java:745)
52,891 [z21.Z21XNetPacketizerTest$1 Receive thread] ERROR jmrix.AbstractSerialPortController.getCurrentPortName() - Port names returned as null
52,892 [z21.Z21XNetPacketizerTest$1 Receive thread] ERROR jmrix.AbstractSerialPortController.getCurrentPortName() - Port names returned as null
52,892 [z21.Z21XNetPacketizerTest$1 Receive thread] ERROR jmrix.AbstractMRTrafficController.receiveLoop() - Exception in receive loop: java.lang.IllegalArgumentException: At least one of system name or port name must be provided
java.lang.IllegalArgumentException: At least one of system name or port name must be provided
	at jmri.jmrix.ConnectionStatus$ConnectionKey.<init>(ConnectionStatus.java:249)
	at jmri.jmrix.ConnectionStatus.setConnectionState(ConnectionStatus.java:84)
	at jmri.jmrix.ConnectionStatus.setConnectionState(ConnectionStatus.java:71)
	at jmri.jmrix.roco.z21.Z21XNetPacketizer.handleOneIncomingReply(Z21XNetPacketizer.java:34)
	at jmri.jmrix.AbstractMRTrafficController.receiveLoop(AbstractMRTrafficController.java:762)
	at jmri.jmrix.AbstractMRTrafficController$2.run(AbstractMRTrafficController.java:693)
	at java.lang.Thread.run(Thread.java:745)
52,893 [z21.Z21XNetPacketizerTest$1 Receive thread] ERROR jmrix.AbstractMRTrafficController.receiveLoop() - Exception in receive loop: java.lang.IllegalArgumentException: At least one of system name or port name must be provided
java.lang.IllegalArgumentException: At least one of system name or port name must be provided
	at jmri.jmrix.ConnectionStatus$ConnectionKey.<init>(ConnectionStatus.java:249)
	at jmri.jmrix.ConnectionStatus.setConnectionState(ConnectionStatus.java:84)
	at jmri.jmrix.ConnectionStatus.setConnectionState(ConnectionStatus.java:71)
	at jmri.jmrix.roco.z21.Z21XNetPacketizer.handleOneIncomingReply(Z21XNetPacketizer.java:34)
	at jmri.jmrix.AbstractMRTrafficController.receiveLoop(AbstractMRTrafficController.java:762)
	at jmri.jmrix.AbstractMRTrafficController$2.run(AbstractMRTrafficController.java:693)
	at java.lang.Thread.run(Thread.java:745)
52,893 [z21.Z21XNetPacketizerTest$1 Receive thread] ERROR jmrix.AbstractSerialPortController.getCurrentPortName() - Port names returned as null
52,894 [z21.Z21XNetPacketizerTest$1 Receive thread] ERROR jmrix.AbstractSerialPortController.getCurrentPortName() - Port names returned as null
52,894 [z21.Z21XNetPacketizerTest$1 Receive thread] ERROR jmrix.AbstractMRTrafficController.receiveLoop() - Exception in receive loop: java.lang.IllegalArgumentException: At least one of system name or port name must be provided
java.lang.IllegalArgumentException: At least one of system name or port name must be provided
	at jmri.jmrix.ConnectionStatus$ConnectionKey.<init>(ConnectionStatus.java:249)
	at jmri.jmrix.ConnectionStatus.setConnectionState(ConnectionStatus.java:84)
	at jmri.jmrix.ConnectionStatus.setConnectionState(ConnectionStatus.java:71)
	at jmri.jmrix.roco.z21.Z21XNetPacketizer.handleOneIncomingReply(Z21XNetPacketizer.java:34)
	at jmri.jmrix.AbstractMRTrafficController.receiveLoop(AbstractMRTrafficController.java:762)
	at jmri.jmrix.AbstractMRTrafficController$2.run(AbstractMRTrafficController.java:693)
	at java.lang.Thread.run(Thread.java:745)
52,895 [z21.Z21XNetPacketizerTest$1 Receive thread] ERROR jmrix.AbstractMRTrafficController.receiveLoop() - Exception in receive loop: java.lang.IllegalArgumentException: At least one of system name or port name must be provided
java.lang.IllegalArgumentException: At least one of system name or port name must be provided
	at jmri.jmrix.ConnectionStatus$ConnectionKey.<init>(ConnectionStatus.java:249)
	at jmri.jmrix.ConnectionStatus.setConnectionState(ConnectionStatus.java:84)
	at jmri.jmrix.ConnectionStatus.setConnectionState(ConnectionStatus.java:71)
	at jmri.jmrix.roco.z21.Z21XNetPacketizer.handleOneIncomingReply(Z21XNetPacketizer.java:34)
	at jmri.jmrix.AbstractMRTrafficController.receiveLoop(AbstractMRTrafficController.java:762)
	at jmri.jmrix.AbstractMRTrafficController$2.run(AbstractMRTrafficController.java:693)
	at java.lang.Thread.run(Thread.java:745)
52,895 [z21.Z21XNetPacketizerTest$1 Receive thread] ERROR jmrix.AbstractSerialPortController.getCurrentPortName() - Port names returned as null
52,896 [z21.Z21XNetPacketizerTest$1 Receive thread] ERROR jmrix.AbstractSerialPortController.getCurrentPortName() - Port names returned as null
52,896 [z21.Z21XNetPacketizerTest$1 Receive thread] ERROR jmrix.AbstractMRTrafficController.receiveLoop() - Exception in receive loop: java.lang.IllegalArgumentException: At least one of system name or port name must be provided
java.lang.IllegalArgumentException: At least one of system name or port name must be provided
	at jmri.jmrix.ConnectionStatus$ConnectionKey.<init>(ConnectionStatus.java:249)
	at jmri.jmrix.ConnectionStatus.setConnectionState(ConnectionStatus.java:84)
	at jmri.jmrix.ConnectionStatus.setConnectionState(ConnectionStatus.java:71)
	at jmri.jmrix.roco.z21.Z21XNetPacketizer.handleOneIncomingReply(Z21XNetPacketizer.java:34)
	at jmri.jmrix.AbstractMRTrafficController.receiveLoop(AbstractMRTrafficController.java:762)
	at jmri.jmrix.AbstractMRTrafficController$2.run(AbstractMRTrafficController.java:693)
	at java.lang.Thread.run(Thread.java:745)
52,897 [z21.Z21XNetPacketizerTest$1 Receive thread] ERROR jmrix.AbstractMRTrafficController.receiveLoop() - Exception in receive loop: java.lang.IllegalArgumentException: At least one of system name or port name must be provided
java.lang.IllegalArgumentException: At least one of system name or port name must be provided
	at jmri.jmrix.ConnectionStatus$ConnectionKey.<init>(ConnectionStatus.java:249)
	at jmri.jmrix.ConnectionStatus.setConnectionState(ConnectionStatus.java:84)
	at jmri.jmrix.ConnectionStatus.setConnectionState(ConnectionStatus.java:71)
	at jmri.jmrix.roco.z21.Z21XNetPacketizer.handleOneIncomingReply(Z21XNetPacketizer.java:34)
	at jmri.jmrix.AbstractMRTrafficController.receiveLoop(AbstractMRTrafficController.java:762)
	at jmri.jmrix.AbstractMRTrafficController$2.run(AbstractMRTrafficController.java:693)
	at java.lang.Thread.run(Thread.java:745)
52,897 [z21.Z21XNetPacketizerTest$1 Receive thread] ERROR jmrix.AbstractSerialPortController.getCurrentPortName() - Port names returned as null
52,898 [z21.Z21XNetPacketizerTest$1 Receive thread] ERROR jmrix.AbstractSerialPortController.getCurrentPortName() - Port names returned as null
52,898 [z21.Z21XNetPacketizerTest$1 Receive thread] ERROR jmrix.AbstractMRTrafficController.receiveLoop() - Exception in receive loop: java.lang.IllegalArgumentException: At least one of system name or port name must be provided
java.lang.IllegalArgumentException: At least one of system name or port name must be provided
	at jmri.jmrix.ConnectionStatus$ConnectionKey.<init>(ConnectionStatus.java:249)
	at jmri.jmrix.ConnectionStatus.setConnectionState(ConnectionStatus.java:84)
	at jmri.jmrix.ConnectionStatus.setConnectionState(ConnectionStatus.java:71)
	at jmri.jmrix.roco.z21.Z21XNetPacketizer.handleOneIncomingReply(Z21XNetPacketizer.java:34)
	at jmri.jmrix.AbstractMRTrafficController.receiveLoop(AbstractMRTrafficController.java:762)
	at jmri.jmrix.AbstractMRTrafficController$2.run(AbstractMRTrafficController.java:693)
	at java.lang.Thread.run(Thread.java:745)
52,899 [z21.Z21XNetPacketizerTest$1 Receive thread] ERROR jmrix.AbstractMRTrafficController.receiveLoop() - Exception in receive loop: java.lang.IllegalArgumentException: At least one of system name or port name must be provided
java.lang.IllegalArgumentException: At least one of system name or port name must be provided
	at jmri.jmrix.ConnectionStatus$ConnectionKey.<init>(ConnectionStatus.java:249)
	at jmri.jmrix.ConnectionStatus.setConnectionState(ConnectionStatus.java:84)
	at jmri.jmrix.ConnectionStatus.setConnectionState(ConnectionStatus.java:71)
	at jmri.jmrix.roco.z21.Z21XNetPacketizer.handleOneIncomingReply(Z21XNetPacketizer.java:34)
	at jmri.jmrix.AbstractMRTrafficController.receiveLoop(AbstractMRTrafficController.java:762)
	at jmri.jmrix.AbstractMRTrafficController$2.run(AbstractMRTrafficController.java:693)
	at java.lang.Thread.run(Thread.java:745)
52,900 [z21.Z21XNetPacketizerTest$1 Receive thread] ERROR jmrix.AbstractSerialPortController.getCurrentPortName() - Port names returned as null
52,900 [z21.Z21XNetPacketizerTest$1 Receive thread] ERROR jmrix.AbstractSerialPortController.getCurrentPortName() - Port names returned as null
52,901 [z21.Z21XNetPacketizerTest$1 Receive thread] ERROR jmrix.AbstractMRTrafficController.receiveLoop() - Exception in receive loop: java.lang.IllegalArgumentException: At least one of system name or port name must be provided
java.lang.IllegalArgumentException: At least one of system name or port name must be provided
	at jmri.jmrix.ConnectionStatus$ConnectionKey.<init>(ConnectionStatus.java:249)
	at jmri.jmrix.ConnectionStatus.setConnectionState(ConnectionStatus.java:84)
	at jmri.jmrix.ConnectionStatus.setConnectionState(ConnectionStatus.java:71)
	at jmri.jmrix.roco.z21.Z21XNetPacketizer.handleOneIncomingReply(Z21XNetPacketizer.java:34)
	at jmri.jmrix.AbstractMRTrafficController.receiveLoop(AbstractMRTrafficController.java:762)
	at jmri.jmrix.AbstractMRTrafficController$2.run(AbstractMRTrafficController.java:693)
	at java.lang.Thread.run(Thread.java:745)
52,901 [z21.Z21XNetPacketizerTest$1 Receive thread] ERROR jmrix.AbstractMRTrafficController.receiveLoop() - Exception in receive loop: java.lang.IllegalArgumentException: At least one of system name or port name must be provided
java.lang.IllegalArgumentException: At least one of system name or port name must be provided
	at jmri.jmrix.ConnectionStatus$ConnectionKey.<init>(ConnectionStatus.java:249)
	at jmri.jmrix.ConnectionStatus.setConnectionState(ConnectionStatus.java:84)
	at jmri.jmrix.ConnectionStatus.setConnectionState(ConnectionStatus.java:71)
	at jmri.jmrix.roco.z21.Z21XNetPacketizer.handleOneIncomingReply(Z21XNetPacketizer.java:34)
	at jmri.jmrix.AbstractMRTrafficController.receiveLoop(AbstractMRTrafficController.java:762)
	at jmri.jmrix.AbstractMRTrafficController$2.run(AbstractMRTrafficController.java:693)
	at java.lang.Thread.run(Thread.java:745)
52,902 [z21.Z21XNetPacketizerTest$1 Receive thread] ERROR jmrix.AbstractSerialPortController.getCurrentPortName() - Port names returned as null
52,902 [z21.Z21XNetPacketizerTest$1 Receive thread] ERROR jmrix.AbstractSerialPortController.getCurrentPortName() - Port names returned as null
52,903 [z21.Z21XNetPacketizerTest$1 Receive thread] ERROR jmrix.AbstractMRTrafficController.receiveLoop() - Exception in receive loop: java.lang.IllegalArgumentException: At least one of system name or port name must be provided
java.lang.IllegalArgumentException: At least one of system name or port name must be provided
	at jmri.jmrix.ConnectionStatus$ConnectionKey.<init>(ConnectionStatus.java:249)
	at jmri.jmrix.ConnectionStatus.setConnectionState(ConnectionStatus.java:84)
	at jmri.jmrix.ConnectionStatus.setConnectionState(ConnectionStatus.java:71)
	at jmri.jmrix.roco.z21.Z21XNetPacketizer.handleOneIncomingReply(Z21XNetPacketizer.java:34)
	at jmri.jmrix.AbstractMRTrafficController.receiveLoop(AbstractMRTrafficController.java:762)
	at jmri.jmrix.AbstractMRTrafficController$2.run(AbstractMRTrafficController.java:693)
	at java.lang.Thread.run(Thread.java:745)
52,903 [z21.Z21XNetPacketizerTest$1 Receive thread] ERROR jmrix.AbstractMRTrafficController.receiveLoop() - Exception in receive loop: java.lang.IllegalArgumentException: At least one of system name or port name must be provided
java.lang.IllegalArgumentException: At least one of system name or port name must be provided
	at jmri.jmrix.ConnectionStatus$ConnectionKey.<init>(ConnectionStatus.java:249)
	at jmri.jmrix.ConnectionStatus.setConnectionState(ConnectionStatus.java:84)
	at jmri.jmrix.ConnectionStatus.setConnectionState(ConnectionStatus.java:71)
	at jmri.jmrix.roco.z21.Z21XNetPacketizer.handleOneIncomingReply(Z21XNetPacketizer.java:34)
	at jmri.jmrix.AbstractMRTrafficController.receiveLoop(AbstractMRTrafficController.java:762)
	at jmri.jmrix.AbstractMRTrafficController$2.run(AbstractMRTrafficController.java:693)
	at java.lang.Thread.run(Thread.java:745)
52,904 [z21.Z21XNetPacketizerTest$1 Receive thread] ERROR jmrix.AbstractSerialPortController.getCurrentPortName() - Port names returned as null
52,904 [z21.Z21XNetPacketizerTest$1 Receive thread] ERROR jmrix.AbstractSerialPortController.getCurrentPortName() - Port names returned as null
52,905 [z21.Z21XNetPacketizerTest$1 Receive thread] ERROR jmrix.AbstractMRTrafficController.receiveLoop() - Exception in receive loop: java.lang.IllegalArgumentException: At least one of system name or port name must be provided
java.lang.IllegalArgumentException: At least one of system name or port name must be provided
	at jmri.jmrix.ConnectionStatus$ConnectionKey.<init>(ConnectionStatus.java:249)
	at jmri.jmrix.ConnectionStatus.setConnectionState(ConnectionStatus.java:84)
	at jmri.jmrix.ConnectionStatus.setConnectionState(ConnectionStatus.java:71)
	at jmri.jmrix.roco.z21.Z21XNetPacketizer.handleOneIncomingReply(Z21XNetPacketizer.java:34)
	at jmri.jmrix.AbstractMRTrafficController.receiveLoop(AbstractMRTrafficController.java:762)
	at jmri.jmrix.AbstractMRTrafficController$2.run(AbstractMRTrafficController.java:693)
	at java.lang.Thread.run(Thread.java:745)
52,905 [z21.Z21XNetPacketizerTest$1 Receive thread] ERROR jmrix.AbstractMRTrafficController.receiveLoop() - Exception in receive loop: java.lang.IllegalArgumentException: At least one of system name or port name must be provided
java.lang.IllegalArgumentException: At least one of system name or port name must be provided
	at jmri.jmrix.ConnectionStatus$ConnectionKey.<init>(ConnectionStatus.java:249)
	at jmri.jmrix.ConnectionStatus.setConnectionState(ConnectionStatus.java:84)
	at jmri.jmrix.ConnectionStatus.setConnectionState(ConnectionStatus.java:71)
	at jmri.jmrix.roco.z21.Z21XNetPacketizer.handleOneIncomingReply(Z21XNetPacketizer.java:34)
	at jmri.jmrix.AbstractMRTrafficController.receiveLoop(AbstractMRTrafficController.java:762)
	at jmri.jmrix.AbstractMRTrafficController$2.run(AbstractMRTrafficController.java:693)
	at java.lang.Thread.run(Thread.java:745)
52,906 [z21.Z21XNetPacketizerTest$1 Receive thread] ERROR jmrix.AbstractSerialPortController.getCurrentPortName() - Port names returned as null
52,906 [z21.Z21XNetPacketizerTest$1 Receive thread] ERROR jmrix.AbstractSerialPortController.getCurrentPortName() - Port names returned as null
52,907 [z21.Z21XNetPacketizerTest$1 Receive thread] ERROR jmrix.AbstractMRTrafficController.receiveLoop() - Exception in receive loop: java.lang.IllegalArgumentException: At least one of system name or port name must be provided
java.lang.IllegalArgumentException: At least one of system name or port name must be provided
	at jmri.jmrix.ConnectionStatus$ConnectionKey.<init>(ConnectionStatus.java:249)
	at jmri.jmrix.ConnectionStatus.setConnectionState(ConnectionStatus.java:84)
	at jmri.jmrix.ConnectionStatus.setConnectionState(ConnectionStatus.java:71)
	at jmri.jmrix.roco.z21.Z21XNetPacketizer.handleOneIncomingReply(Z21XNetPacketizer.java:34)
	at jmri.jmrix.AbstractMRTrafficController.receiveLoop(AbstractMRTrafficController.java:762)
	at jmri.jmrix.AbstractMRTrafficController$2.run(AbstractMRTrafficController.java:693)
	at java.lang.Thread.run(Thread.java:745)
52,908 [z21.Z21XNetPacketizerTest$1 Receive thread] ERROR jmrix.AbstractMRTrafficController.receiveLoop() - Exception in receive loop: java.lang.IllegalArgumentException: At least one of system name or port name must be provided
java.lang.IllegalArgumentException: At least one of system name or port name must be provided
	at jmri.jmrix.ConnectionStatus$ConnectionKey.<init>(ConnectionStatus.java:249)
	at jmri.jmrix.ConnectionStatus.setConnectionState(ConnectionStatus.java:84)
	at jmri.jmrix.ConnectionStatus.setConnectionState(ConnectionStatus.java:71)
	at jmri.jmrix.roco.z21.Z21XNetPacketizer.handleOneIncomingReply(Z21XNetPacketizer.java:34)
	at jmri.jmrix.AbstractMRTrafficController.receiveLoop(AbstractMRTrafficController.java:762)
	at jmri.jmrix.AbstractMRTrafficController$2.run(AbstractMRTrafficController.java:693)
	at java.lang.Thread.run(Thread.java:745)
52,909 [z21.Z21XNetPacketizerTest$1 Receive thread] ERROR jmrix.AbstractSerialPortController.getCurrentPortName() - Port names returned as null
52,909 [z21.Z21XNetPacketizerTest$1 Receive thread] ERROR jmrix.AbstractMRTrafficController.receiveLoop() - Exception in receive loop: java.lang.IllegalArgumentException: At least one of system name or port name must be provided
java.lang.IllegalArgumentException: At least one of system name or port name must be provided
	at jmri.jmrix.ConnectionStatus$ConnectionKey.<init>(ConnectionStatus.java:249)
	at jmri.jmrix.ConnectionStatus.setConnectionState(ConnectionStatus.java:84)
	at jmri.jmrix.ConnectionStatus.setConnectionState(ConnectionStatus.java:71)
	at jmri.jmrix.roco.z21.Z21XNetPacketizer.handleOneIncomingReply(Z21XNetPacketizer.java:34)
	at jmri.jmrix.AbstractMRTrafficController.receiveLoop(AbstractMRTrafficController.java:762)
	at jmri.jmrix.AbstractMRTrafficController$2.run(AbstractMRTrafficController.java:693)
	at java.lang.Thread.run(Thread.java:745)
52,910 [z21.Z21XNetPacketizerTest$1 Receive thread] ERROR jmrix.AbstractSerialPortController.getCurrentPortName() - Port names returned as null
52,911 [z21.Z21XNetPacketizerTest$1 Receive thread] ERROR jmrix.AbstractMRTrafficController.receiveLoop() - Exception in receive loop: java.lang.IllegalArgumentException: At least one of system name or port name must be provided
java.lang.IllegalArgumentException: At least one of system name or port name must be provided
	at jmri.jmrix.ConnectionStatus$ConnectionKey.<init>(ConnectionStatus.java:249)
	at jmri.jmrix.ConnectionStatus.setConnectionState(ConnectionStatus.java:84)
	at jmri.jmrix.ConnectionStatus.setConnectionState(ConnectionStatus.java:71)
	at jmri.jmrix.roco.z21.Z21XNetPacketizer.handleOneIncomingReply(Z21XNetPacketizer.java:34)
	at jmri.jmrix.AbstractMRTrafficController.receiveLoop(AbstractMRTrafficController.java:762)
	at jmri.jmrix.AbstractMRTrafficController$2.run(AbstractMRTrafficController.java:693)
	at java.lang.Thread.run(Thread.java:745)
52,911 [z21.Z21XNetPacketizerTest$1 Receive thread] ERROR jmrix.AbstractSerialPortController.getCurrentPortName() - Port names returned as null
52,908 [z21.Z21XNetPacketizerTest$1 Receive thread] ERROR jmrix.AbstractSerialPortController.getCurrentPortName() - Port names returned as null
52,912 [z21.Z21XNetPacketizerTest$1 Receive thread] ERROR jmrix.AbstractMRTrafficController.receiveLoop() - Exception in receive loop: java.lang.IllegalArgumentException: At least one of system name or port name must be provided
java.lang.IllegalArgumentException: At least one of system name or port name must be provided
	at jmri.jmrix.ConnectionStatus$ConnectionKey.<init>(ConnectionStatus.java:249)
	at jmri.jmrix.ConnectionStatus.setConnectionState(ConnectionStatus.java:84)
	at jmri.jmrix.ConnectionStatus.setConnectionState(ConnectionStatus.java:71)
	at jmri.jmrix.roco.z21.Z21XNetPacketizer.handleOneIncomingReply(Z21XNetPacketizer.java:34)
	at jmri.jmrix.AbstractMRTrafficController.receiveLoop(AbstractMRTrafficController.java:762)
	at jmri.jmrix.AbstractMRTrafficController$2.run(AbstractMRTrafficController.java:693)
	at java.lang.Thread.run(Thread.java:745)
52,912 [z21.Z21XNetPacketizerTest$1 Receive thread] ERROR jmrix.AbstractMRTrafficController.receiveLoop() - Exception in receive loop: java.lang.IllegalArgumentException: At least one of system name or port name must be provided
java.lang.IllegalArgumentException: At least one of system name or port name must be provided
	at jmri.jmrix.ConnectionStatus$ConnectionKey.<init>(ConnectionStatus.java:249)
	at jmri.jmrix.ConnectionStatus.setConnectionState(ConnectionStatus.java:84)
	at jmri.jmrix.ConnectionStatus.setConnectionState(ConnectionStatus.java:71)
	at jmri.jmrix.roco.z21.Z21XNetPacketizer.handleOneIncomingReply(Z21XNetPacketizer.java:34)
	at jmri.jmrix.AbstractMRTrafficController.receiveLoop(AbstractMRTrafficController.java:762)
	at jmri.jmrix.AbstractMRTrafficController$2.run(AbstractMRTrafficController.java:693)
	at java.lang.Thread.run(Thread.java:745)
52,913 [z21.Z21XNetPacketizerTest$1 Receive thread] ERROR jmrix.AbstractSerialPortController.getCurrentPortName() - Port names returned as null
52,913 [z21.Z21XNetPacketizerTest$1 Receive thread] ERROR jmrix.AbstractSerialPortController.getCurrentPortName() - Port names returned as null
52,914 [z21.Z21XNetPacketizerTest$1 Receive thread] ERROR jmrix.AbstractMRTrafficController.receiveLoop() - Exception in receive loop: java.lang.IllegalArgumentException: At least one of system name or port name must be provided
java.lang.IllegalArgumentException: At least one of system name or port name must be provided
	at jmri.jmrix.ConnectionStatus$ConnectionKey.<init>(ConnectionStatus.java:249)
	at jmri.jmrix.ConnectionStatus.setConnectionState(ConnectionStatus.java:84)
	at jmri.jmrix.ConnectionStatus.setConnectionState(ConnectionStatus.java:71)
	at jmri.jmrix.roco.z21.Z21XNetPacketizer.handleOneIncomingReply(Z21XNetPacketizer.java:34)
	at jmri.jmrix.AbstractMRTrafficController.receiveLoop(AbstractMRTrafficController.java:762)
	at jmri.jmrix.AbstractMRTrafficController$2.run(AbstractMRTrafficController.java:693)
	at java.lang.Thread.run(Thread.java:745)
52,914 [z21.Z21XNetPacketizerTest$1 Receive thread] ERROR jmrix.AbstractMRTrafficController.receiveLoop() - Exception in receive loop: java.lang.IllegalArgumentException: At least one of system name or port name must be provided
java.lang.IllegalArgumentException: At least one of system name or port name must be provided
	at jmri.jmrix.ConnectionStatus$ConnectionKey.<init>(ConnectionStatus.java:249)
	at jmri.jmrix.ConnectionStatus.setConnectionState(ConnectionStatus.java:84)
	at jmri.jmrix.ConnectionStatus.setConnectionState(ConnectionStatus.java:71)
	at jmri.jmrix.roco.z21.Z21XNetPacketizer.handleOneIncomingReply(Z21XNetPacketizer.java:34)
	at jmri.jmrix.AbstractMRTrafficController.receiveLoop(AbstractMRTrafficController.java:762)
	at jmri.jmrix.AbstractMRTrafficController$2.run(AbstractMRTrafficController.java:693)
	at java.lang.Thread.run(Thread.java:745)
52,915 [z21.Z21XNetPacketizerTest$1 Receive thread] ERROR jmrix.AbstractSerialPortController.getCurrentPortName() - Port names returned as null
52,916 [z21.Z21XNetPacketizerTest$1 Receive thread] ERROR jmrix.AbstractMRTrafficController.receiveLoop() - Exception in receive loop: java.lang.IllegalArgumentException: At least one of system name or port name must be provided
java.lang.IllegalArgumentException: At least one of system name or port name must be provided
	at jmri.jmrix.ConnectionStatus$ConnectionKey.<init>(ConnectionStatus.java:249)
	at jmri.jmrix.ConnectionStatus.setConnectionState(ConnectionStatus.java:84)
	at jmri.jmrix.ConnectionStatus.setConnectionState(ConnectionStatus.java:71)
	at jmri.jmrix.roco.z21.Z21XNetPacketizer.handleOneIncomingReply(Z21XNetPacketizer.java:34)
	at jmri.jmrix.AbstractMRTrafficController.receiveLoop(AbstractMRTrafficController.java:762)
	at jmri.jmrix.AbstractMRTrafficController$2.run(AbstractMRTrafficController.java:693)
	at java.lang.Thread.run(Thread.java:745)
52,916 [z21.Z21XNetPacketizerTest$1 Receive thread] ERROR jmrix.AbstractSerialPortController.getCurrentPortName() - Port names returned as null
52,917 [z21.Z21XNetPacketizerTest$1 Receive thread] ERROR jmrix.AbstractMRTrafficController.receiveLoop() - Exception in receive loop: java.lang.IllegalArgumentException: At least one of system name or port name must be provided
java.lang.IllegalArgumentException: At least one of system name or port name must be provided
	at jmri.jmrix.ConnectionStatus$ConnectionKey.<init>(ConnectionStatus.java:249)
	at jmri.jmrix.ConnectionStatus.setConnectionState(ConnectionStatus.java:84)
	at jmri.jmrix.ConnectionStatus.setConnectionState(ConnectionStatus.java:71)
	at jmri.jmrix.roco.z21.Z21XNetPacketizer.handleOneIncomingReply(Z21XNetPacketizer.java:34)
	at jmri.jmrix.AbstractMRTrafficController.receiveLoop(AbstractMRTrafficController.java:762)
	at jmri.jmrix.AbstractMRTrafficController$2.run(AbstractMRTrafficController.java:693)
	at java.lang.Thread.run(Thread.java:745)
52,918 [z21.Z21XNetPacketizerTest$1 Receive thread] ERROR jmrix.AbstractSerialPortController.getCurrentPortName() - Port names returned as null
52,918 [z21.Z21XNetPacketizerTest$1 Receive thread] ERROR jmrix.AbstractMRTrafficController.receiveLoop() - Exception in receive loop: java.lang.IllegalArgumentException: At least one of system name or port name must be provided
java.lang.IllegalArgumentException: At least one of system name or port name must be provided
	at jmri.jmrix.ConnectionStatus$ConnectionKey.<init>(ConnectionStatus.java:249)
	at jmri.jmrix.ConnectionStatus.setConnectionState(ConnectionStatus.java:84)
	at jmri.jmrix.ConnectionStatus.setConnectionState(ConnectionStatus.java:71)
	at jmri.jmrix.roco.z21.Z21XNetPacketizer.handleOneIncomingReply(Z21XNetPacketizer.java:34)
	at jmri.jmrix.AbstractMRTrafficController.receiveLoop(AbstractMRTrafficController.java:762)
	at jmri.jmrix.AbstractMRTrafficController$2.run(AbstractMRTrafficController.java:693)
	at java.lang.Thread.run(Thread.java:745)
52,919 [z21.Z21XNetPacketizerTest$1 Receive thread] ERROR jmrix.AbstractSerialPortController.getCurrentPortName() - Port names returned as null
52,919 [z21.Z21XNetPacketizerTest$1 Receive thread] ERROR jmrix.AbstractMRTrafficController.receiveLoop() - Exception in receive loop: java.lang.IllegalArgumentException: At least one of system name or port name must be provided
java.lang.IllegalArgumentException: At least one of system name or port name must be provided
	at jmri.jmrix.ConnectionStatus$ConnectionKey.<init>(ConnectionStatus.java:249)
	at jmri.jmrix.ConnectionStatus.setConnectionState(ConnectionStatus.java:84)
	at jmri.jmrix.ConnectionStatus.setConnectionState(ConnectionStatus.java:71)
	at jmri.jmrix.roco.z21.Z21XNetPacketizer.handleOneIncomingReply(Z21XNetPacketizer.java:34)
	at jmri.jmrix.AbstractMRTrafficController.receiveLoop(AbstractMRTrafficController.java:762)
	at jmri.jmrix.AbstractMRTrafficController$2.run(AbstractMRTrafficController.java:693)
	at java.lang.Thread.run(Thread.java:745)
52,920 [z21.Z21XNetPacketizerTest$1 Receive thread] ERROR jmrix.AbstractSerialPortController.getCurrentPortName() - Port names returned as null
52,920 [z21.Z21XNetPacketizerTest$1 Receive thread] ERROR jmrix.AbstractMRTrafficController.receiveLoop() - Exception in receive loop: java.lang.IllegalArgumentException: At least one of system name or port name must be provided
java.lang.IllegalArgumentException: At least one of system name or port name must be provided
	at jmri.jmrix.ConnectionStatus$ConnectionKey.<init>(ConnectionStatus.java:249)
	at jmri.jmrix.ConnectionStatus.setConnectionState(ConnectionStatus.java:84)
	at jmri.jmrix.ConnectionStatus.setConnectionState(ConnectionStatus.java:71)
	at jmri.jmrix.roco.z21.Z21XNetPacketizer.handleOneIncomingReply(Z21XNetPacketizer.java:34)
	at jmri.jmrix.AbstractMRTrafficController.receiveLoop(AbstractMRTrafficController.java:762)
	at jmri.jmrix.AbstractMRTrafficController$2.run(AbstractMRTrafficController.java:693)
	at java.lang.Thread.run(Thread.java:745)
52,921 [z21.Z21XNetPacketizerTest$1 Receive thread] ERROR jmrix.AbstractSerialPortController.getCurrentPortName() - Port names returned as null
52,921 [z21.Z21XNetPacketizerTest$1 Receive thread] ERROR jmrix.AbstractMRTrafficController.receiveLoop() - Exception in receive loop: java.lang.IllegalArgumentException: At least one of system name or port name must be provided
java.lang.IllegalArgumentException: At least one of system name or port name must be provided
	at jmri.jmrix.ConnectionStatus$ConnectionKey.<init>(ConnectionStatus.java:249)
	at jmri.jmrix.ConnectionStatus.setConnectionState(ConnectionStatus.java:84)
	at jmri.jmrix.ConnectionStatus.setConnectionState(ConnectionStatus.java:71)
	at jmri.jmrix.roco.z21.Z21XNetPacketizer.handleOneIncomingReply(Z21XNetPacketizer.java:34)
	at jmri.jmrix.AbstractMRTrafficController.receiveLoop(AbstractMRTrafficController.java:762)
	at jmri.jmrix.AbstractMRTrafficController$2.run(AbstractMRTrafficController.java:693)
	at java.lang.Thread.run(Thread.java:745)
52,922 [z21.Z21XNetPacketizerTest$1 Receive thread] ERROR jmrix.AbstractSerialPortController.getCurrentPortName() - Port names returned as null
52,922 [z21.Z21XNetPacketizerTest$1 Receive thread] ERROR jmrix.AbstractMRTrafficController.receiveLoop() - Exception in receive loop: java.lang.IllegalArgumentException: At least one of system name or port name must be provided
java.lang.IllegalArgumentException: At least one of system name or port name must be provided
	at jmri.jmrix.ConnectionStatus$ConnectionKey.<init>(ConnectionStatus.java:249)
	at jmri.jmrix.ConnectionStatus.setConnectionState(ConnectionStatus.java:84)
	at jmri.jmrix.ConnectionStatus.setConnectionState(ConnectionStatus.java:71)
	at jmri.jmrix.roco.z21.Z21XNetPacketizer.handleOneIncomingReply(Z21XNetPacketizer.java:34)
	at jmri.jmrix.AbstractMRTrafficController.receiveLoop(AbstractMRTrafficController.java:762)
	at jmri.jmrix.AbstractMRTrafficController$2.run(AbstractMRTrafficController.java:693)
	at java.lang.Thread.run(Thread.java:745)
52,923 [z21.Z21XNetPacketizerTest$1 Receive thread] ERROR jmrix.AbstractSerialPortController.getCurrentPortName() - Port names returned as null
52,924 [z21.Z21XNetPacketizerTest$1 Receive thread] ERROR jmrix.AbstractMRTrafficController.receiveLoop() - Exception in receive loop: java.lang.IllegalArgumentException: At least one of system name or port name must be provided
java.lang.IllegalArgumentException: At least one of system name or port name must be provided
	at jmri.jmrix.ConnectionStatus$ConnectionKey.<init>(ConnectionStatus.java:249)
	at jmri.jmrix.ConnectionStatus.setConnectionState(ConnectionStatus.java:84)
	at jmri.jmrix.ConnectionStatus.setConnectionState(ConnectionStatus.java:71)
	at jmri.jmrix.roco.z21.Z21XNetPacketizer.handleOneIncomingReply(Z21XNetPacketizer.java:34)
	at jmri.jmrix.AbstractMRTrafficController.receiveLoop(AbstractMRTrafficController.java:762)
	at jmri.jmrix.AbstractMRTrafficController$2.run(AbstractMRTrafficController.java:693)
	at java.lang.Thread.run(Thread.java:745)
52,924 [z21.Z21XNetPacketizerTest$1 Receive thread] ERROR jmrix.AbstractSerialPortController.getCurrentPortName() - Port names returned as null
52,925 [z21.Z21XNetPacketizerTest$1 Receive thread] ERROR jmrix.AbstractMRTrafficController.receiveLoop() - Exception in receive loop: java.lang.IllegalArgumentException: At least one of system name or port name must be provided
java.lang.IllegalArgumentException: At least one of system name or port name must be provided
	at jmri.jmrix.ConnectionStatus$ConnectionKey.<init>(ConnectionStatus.java:249)
	at jmri.jmrix.ConnectionStatus.setConnectionState(ConnectionStatus.java:84)
	at jmri.jmrix.ConnectionStatus.setConnectionState(ConnectionStatus.java:71)
	at jmri.jmrix.roco.z21.Z21XNetPacketizer.handleOneIncomingReply(Z21XNetPacketizer.java:34)
	at jmri.jmrix.AbstractMRTrafficController.receiveLoop(AbstractMRTrafficController.java:762)
	at jmri.jmrix.AbstractMRTrafficController$2.run(AbstractMRTrafficController.java:693)
	at java.lang.Thread.run(Thread.java:745)
52,925 [z21.Z21XNetPacketizerTest$1 Receive thread] ERROR jmrix.AbstractSerialPortController.getCurrentPortName() - Port names returned as null
52,926 [z21.Z21XNetPacketizerTest$1 Receive thread] ERROR jmrix.AbstractMRTrafficController.receiveLoop() - Exception in receive loop: java.lang.IllegalArgumentException: At least one of system name or port name must be provided
java.lang.IllegalArgumentException: At least one of system name or port name must be provided
	at jmri.jmrix.ConnectionStatus$ConnectionKey.<init>(ConnectionStatus.java:249)
	at jmri.jmrix.ConnectionStatus.setConnectionState(ConnectionStatus.java:84)
	at jmri.jmrix.ConnectionStatus.setConnectionState(ConnectionStatus.java:71)
	at jmri.jmrix.roco.z21.Z21XNetPacketizer.handleOneIncomingReply(Z21XNetPacketizer.java:34)
	at jmri.jmrix.AbstractMRTrafficController.receiveLoop(AbstractMRTrafficController.java:762)
	at jmri.jmrix.AbstractMRTrafficController$2.run(AbstractMRTrafficController.java:693)
	at java.lang.Thread.run(Thread.java:745)
52,926 [z21.Z21XNetPacketizerTest$1 Receive thread] ERROR jmrix.AbstractSerialPortController.getCurrentPortName() - Port names returned as null
52,927 [z21.Z21XNetPacketizerTest$1 Receive thread] ERROR jmrix.AbstractMRTrafficController.receiveLoop() - Exception in receive loop: java.lang.IllegalArgumentException: At least one of system name or port name must be provided
java.lang.IllegalArgumentException: At least one of system name or port name must be provided
	at jmri.jmrix.ConnectionStatus$ConnectionKey.<init>(ConnectionStatus.java:249)
	at jmri.jmrix.ConnectionStatus.setConnectionState(ConnectionStatus.java:84)
	at jmri.jmrix.ConnectionStatus.setConnectionState(ConnectionStatus.java:71)
	at jmri.jmrix.roco.z21.Z21XNetPacketizer.handleOneIncomingReply(Z21XNetPacketizer.java:34)
	at jmri.jmrix.AbstractMRTrafficController.receiveLoop(AbstractMRTrafficController.java:762)
	at jmri.jmrix.AbstractMRTrafficController$2.run(AbstractMRTrafficController.java:693)
	at java.lang.Thread.run(Thread.java:745)
52,915 [z21.Z21XNetPacketizerTest$1 Receive thread] ERROR jmrix.AbstractSerialPortController.getCurrentPortName() - Port names returned as null
52,928 [z21.Z21XNetPacketizerTest$1 Receive thread] ERROR jmrix.AbstractSerialPortController.getCurrentPortName() - Port names returned as null
52,929 [z21.Z21XNetPacketizerTest$1 Receive thread] ERROR jmrix.AbstractMRTrafficController.receiveLoop() - Exception in receive loop: java.lang.IllegalArgumentException: At least one of system name or port name must be provided
java.lang.IllegalArgumentException: At least one of system name or port name must be provided
	at jmri.jmrix.ConnectionStatus$ConnectionKey.<init>(ConnectionStatus.java:249)
	at jmri.jmrix.ConnectionStatus.setConnectionState(ConnectionStatus.java:84)
	at jmri.jmrix.ConnectionStatus.setConnectionState(ConnectionStatus.java:71)
	at jmri.jmrix.roco.z21.Z21XNetPacketizer.handleOneIncomingReply(Z21XNetPacketizer.java:34)
	at jmri.jmrix.AbstractMRTrafficController.receiveLoop(AbstractMRTrafficController.java:762)
	at jmri.jmrix.AbstractMRTrafficController$2.run(AbstractMRTrafficController.java:693)
	at java.lang.Thread.run(Thread.java:745)
52,930 [z21.Z21XNetPacketizerTest$1 Receive thread] ERROR jmrix.AbstractMRTrafficController.receiveLoop() - Exception in receive loop: java.lang.IllegalArgumentException: At least one of system name or port name must be provided
java.lang.IllegalArgumentException: At least one of system name or port name must be provided
	at jmri.jmrix.ConnectionStatus$ConnectionKey.<init>(ConnectionStatus.java:249)
	at jmri.jmrix.ConnectionStatus.setConnectionState(ConnectionStatus.java:84)
	at jmri.jmrix.ConnectionStatus.setConnectionState(ConnectionStatus.java:71)
	at jmri.jmrix.roco.z21.Z21XNetPacketizer.handleOneIncomingReply(Z21XNetPacketizer.java:34)
	at jmri.jmrix.AbstractMRTrafficController.receiveLoop(AbstractMRTrafficController.java:762)
	at jmri.jmrix.AbstractMRTrafficController$2.run(AbstractMRTrafficController.java:693)
	at java.lang.Thread.run(Thread.java:745)
52,930 [z21.Z21XNetPacketizerTest$1 Receive thread] ERROR jmrix.AbstractSerialPortController.getCurrentPortName() - Port names returned as null
52,931 [z21.Z21XNetPacketizerTest$1 Receive thread] ERROR jmrix.AbstractSerialPortController.getCurrentPortName() - Port names returned as null
52,931 [z21.Z21XNetPacketizerTest$1 Receive thread] ERROR jmrix.AbstractMRTrafficController.receiveLoop() - Exception in receive loop: java.lang.IllegalArgumentException: At least one of system name or port name must be provided
java.lang.IllegalArgumentException: At least one of system name or port name must be provided
	at jmri.jmrix.ConnectionStatus$ConnectionKey.<init>(ConnectionStatus.java:249)
	at jmri.jmrix.ConnectionStatus.setConnectionState(ConnectionStatus.java:84)
	at jmri.jmrix.ConnectionStatus.setConnectionState(ConnectionStatus.java:71)
	at jmri.jmrix.roco.z21.Z21XNetPacketizer.handleOneIncomingReply(Z21XNetPacketizer.java:34)
	at jmri.jmrix.AbstractMRTrafficController.receiveLoop(AbstractMRTrafficController.java:762)
	at jmri.jmrix.AbstractMRTrafficController$2.run(AbstractMRTrafficController.java:693)
	at java.lang.Thread.run(Thread.java:745)
52,932 [z21.Z21XNetPacketizerTest$1 Receive thread] ERROR jmrix.AbstractMRTrafficController.receiveLoop() - Exception in receive loop: java.lang.IllegalArgumentException: At least one of system name or port name must be provided
java.lang.IllegalArgumentException: At least one of system name or port name must be provided
	at jmri.jmrix.ConnectionStatus$ConnectionKey.<init>(ConnectionStatus.java:249)
	at jmri.jmrix.ConnectionStatus.setConnectionState(ConnectionStatus.java:84)
	at jmri.jmrix.ConnectionStatus.setConnectionState(ConnectionStatus.java:71)
	at jmri.jmrix.roco.z21.Z21XNetPacketizer.handleOneIncomingReply(Z21XNetPacketizer.java:34)
	at jmri.jmrix.AbstractMRTrafficController.receiveLoop(AbstractMRTrafficController.java:762)
	at jmri.jmrix.AbstractMRTrafficController$2.run(AbstractMRTrafficController.java:693)
	at java.lang.Thread.run(Thread.java:745)
52,933 [z21.Z21XNetPacketizerTest$1 Receive thread] ERROR jmrix.AbstractSerialPortController.getCurrentPortName() - Port names returned as null
52,933 [z21.Z21XNetPacketizerTest$1 Receive thread] ERROR jmrix.AbstractSerialPortController.getCurrentPortName() - Port names returned as null
52,934 [z21.Z21XNetPacketizerTest$1 Receive thread] ERROR jmrix.AbstractMRTrafficController.receiveLoop() - Exception in receive loop: java.lang.IllegalArgumentException: At least one of system name or port name must be provided
java.lang.IllegalArgumentException: At least one of system name or port name must be provided
	at jmri.jmrix.ConnectionStatus$ConnectionKey.<init>(ConnectionStatus.java:249)
	at jmri.jmrix.ConnectionStatus.setConnectionState(ConnectionStatus.java:84)
	at jmri.jmrix.ConnectionStatus.setConnectionState(ConnectionStatus.java:71)
	at jmri.jmrix.roco.z21.Z21XNetPacketizer.handleOneIncomingReply(Z21XNetPacketizer.java:34)
	at jmri.jmrix.AbstractMRTrafficController.receiveLoop(AbstractMRTrafficController.java:762)
	at jmri.jmrix.AbstractMRTrafficController$2.run(AbstractMRTrafficController.java:693)
	at java.lang.Thread.run(Thread.java:745)
52,935 [z21.Z21XNetPacketizerTest$1 Receive thread] ERROR jmrix.AbstractSerialPortController.getCurrentPortName() - Port names returned as null
52,934 [z21.Z21XNetPacketizerTest$1 Receive thread] ERROR jmrix.AbstractMRTrafficController.receiveLoop() - Exception in receive loop: java.lang.IllegalArgumentException: At least one of system name or port name must be provided
java.lang.IllegalArgumentException: At least one of system name or port name must be provided
	at jmri.jmrix.ConnectionStatus$ConnectionKey.<init>(ConnectionStatus.java:249)
	at jmri.jmrix.ConnectionStatus.setConnectionState(ConnectionStatus.java:84)
	at jmri.jmrix.ConnectionStatus.setConnectionState(ConnectionStatus.java:71)
	at jmri.jmrix.roco.z21.Z21XNetPacketizer.handleOneIncomingReply(Z21XNetPacketizer.java:34)
	at jmri.jmrix.AbstractMRTrafficController.receiveLoop(AbstractMRTrafficController.java:762)
	at jmri.jmrix.AbstractMRTrafficController$2.run(AbstractMRTrafficController.java:693)
	at java.lang.Thread.run(Thread.java:745)
52,935 [z21.Z21XNetPacketizerTest$1 Receive thread] ERROR jmrix.AbstractMRTrafficController.receiveLoop() - Exception in receive loop: java.lang.IllegalArgumentException: At least one of system name or port name must be provided
java.lang.IllegalArgumentException: At least one of system name or port name must be provided
	at jmri.jmrix.ConnectionStatus$ConnectionKey.<init>(ConnectionStatus.java:249)
	at jmri.jmrix.ConnectionStatus.setConnectionState(ConnectionStatus.java:84)
	at jmri.jmrix.ConnectionStatus.setConnectionState(ConnectionStatus.java:71)
	at jmri.jmrix.roco.z21.Z21XNetPacketizer.handleOneIncomingReply(Z21XNetPacketizer.java:34)
	at jmri.jmrix.AbstractMRTrafficController.receiveLoop(AbstractMRTrafficController.java:762)
	at jmri.jmrix.AbstractMRTrafficController$2.run(AbstractMRTrafficController.java:693)
	at java.lang.Thread.run(Thread.java:745)
52,937 [z21.Z21XNetPacketizerTest$1 Receive thread] ERROR jmrix.AbstractSerialPortController.getCurrentPortName() - Port names returned as null
52,936 [z21.Z21XNetPacketizerTest$1 Receive thread] ERROR jmrix.AbstractSerialPortController.getCurrentPortName() - Port names returned as null
52,937 [z21.Z21XNetPacketizerTest$1 Receive thread] ERROR jmrix.AbstractMRTrafficController.receiveLoop() - Exception in receive loop: java.lang.IllegalArgumentException: At least one of system name or port name must be provided
java.lang.IllegalArgumentException: At least one of system name or port name must be provided
	at jmri.jmrix.ConnectionStatus$ConnectionKey.<init>(ConnectionStatus.java:249)
	at jmri.jmrix.ConnectionStatus.setConnectionState(ConnectionStatus.java:84)
	at jmri.jmrix.ConnectionStatus.setConnectionState(ConnectionStatus.java:71)
	at jmri.jmrix.roco.z21.Z21XNetPacketizer.handleOneIncomingReply(Z21XNetPacketizer.java:34)
	at jmri.jmrix.AbstractMRTrafficController.receiveLoop(AbstractMRTrafficController.java:762)
	at jmri.jmrix.AbstractMRTrafficController$2.run(AbstractMRTrafficController.java:693)
	at java.lang.Thread.run(Thread.java:745)
52,938 [z21.Z21XNetPacketizerTest$1 Receive thread] ERROR jmrix.AbstractSerialPortController.getCurrentPortName() - Port names returned as null
52,938 [z21.Z21XNetPacketizerTest$1 Receive thread] ERROR jmrix.AbstractMRTrafficController.receiveLoop() - Exception in receive loop: java.lang.IllegalArgumentException: At least one of system name or port name must be provided
java.lang.IllegalArgumentException: At least one of system name or port name must be provided
	at jmri.jmrix.ConnectionStatus$ConnectionKey.<init>(ConnectionStatus.java:249)
	at jmri.jmrix.ConnectionStatus.setConnectionState(ConnectionStatus.java:84)
	at jmri.jmrix.ConnectionStatus.setConnectionState(ConnectionStatus.java:71)
	at jmri.jmrix.roco.z21.Z21XNetPacketizer.handleOneIncomingReply(Z21XNetPacketizer.java:34)
	at jmri.jmrix.AbstractMRTrafficController.receiveLoop(AbstractMRTrafficController.java:762)
	at jmri.jmrix.AbstractMRTrafficController$2.run(AbstractMRTrafficController.java:693)
	at java.lang.Thread.run(Thread.java:745)
52,939 [z21.Z21XNetPacketizerTest$1 Receive thread] ERROR jmrix.AbstractMRTrafficController.receiveLoop() - Exception in receive loop: java.lang.IllegalArgumentException: At least one of system name or port name must be provided
java.lang.IllegalArgumentException: At least one of system name or port name must be provided
	at jmri.jmrix.ConnectionStatus$ConnectionKey.<init>(ConnectionStatus.java:249)
	at jmri.jmrix.ConnectionStatus.setConnectionState(ConnectionStatus.java:84)
	at jmri.jmrix.ConnectionStatus.setConnectionState(ConnectionStatus.java:71)
	at jmri.jmrix.roco.z21.Z21XNetPacketizer.handleOneIncomingReply(Z21XNetPacketizer.java:34)
	at jmri.jmrix.AbstractMRTrafficController.receiveLoop(AbstractMRTrafficController.java:762)
	at jmri.jmrix.AbstractMRTrafficController$2.run(AbstractMRTrafficController.java:693)
	at java.lang.Thread.run(Thread.java:745)
52,940 [z21.Z21XNetPacketizerTest$1 Receive thread] ERROR jmrix.AbstractSerialPortController.getCurrentPortName() - Port names returned as null
52,940 [z21.Z21XNetPacketizerTest$1 Receive thread] ERROR jmrix.AbstractSerialPortController.getCurrentPortName() - Port names returned as null
52,941 [z21.Z21XNetPacketizerTest$1 Receive thread] ERROR jmrix.AbstractMRTrafficController.receiveLoop() - Exception in receive loop: java.lang.IllegalArgumentException: At least one of system name or port name must be provided
java.lang.IllegalArgumentException: At least one of system name or port name must be provided
	at jmri.jmrix.ConnectionStatus$ConnectionKey.<init>(ConnectionStatus.java:249)
	at jmri.jmrix.ConnectionStatus.setConnectionState(ConnectionStatus.java:84)
	at jmri.jmrix.ConnectionStatus.setConnectionState(ConnectionStatus.java:71)
	at jmri.jmrix.roco.z21.Z21XNetPacketizer.handleOneIncomingReply(Z21XNetPacketizer.java:34)
	at jmri.jmrix.AbstractMRTrafficController.receiveLoop(AbstractMRTrafficController.java:762)
	at jmri.jmrix.AbstractMRTrafficController$2.run(AbstractMRTrafficController.java:693)
	at java.lang.Thread.run(Thread.java:745)
52,941 [z21.Z21XNetPacketizerTest$1 Receive thread] ERROR jmrix.AbstractMRTrafficController.receiveLoop() - Exception in receive loop: java.lang.IllegalArgumentException: At least one of system name or port name must be provided
java.lang.IllegalArgumentException: At least one of system name or port name must be provided
	at jmri.jmrix.ConnectionStatus$ConnectionKey.<init>(ConnectionStatus.java:249)
	at jmri.jmrix.ConnectionStatus.setConnectionState(ConnectionStatus.java:84)
	at jmri.jmrix.ConnectionStatus.setConnectionState(ConnectionStatus.java:71)
	at jmri.jmrix.roco.z21.Z21XNetPacketizer.handleOneIncomingReply(Z21XNetPacketizer.java:34)
	at jmri.jmrix.AbstractMRTrafficController.receiveLoop(AbstractMRTrafficController.java:762)
	at jmri.jmrix.AbstractMRTrafficController$2.run(AbstractMRTrafficController.java:693)
	at java.lang.Thread.run(Thread.java:745)
52,943 [z21.Z21XNetPacketizerTest$1 Receive thread] ERROR jmrix.AbstractSerialPortController.getCurrentPortName() - Port names returned as null
52,942 [z21.Z21XNetPacketizerTest$1 Receive thread] ERROR jmrix.AbstractSerialPortController.getCurrentPortName() - Port names returned as null
52,943 [z21.Z21XNetPacketizerTest$1 Receive thread] ERROR jmrix.AbstractMRTrafficController.receiveLoop() - Exception in receive loop: java.lang.IllegalArgumentException: At least one of system name or port name must be provided
java.lang.IllegalArgumentException: At least one of system name or port name must be provided
	at jmri.jmrix.ConnectionStatus$ConnectionKey.<init>(ConnectionStatus.java:249)
	at jmri.jmrix.ConnectionStatus.setConnectionState(ConnectionStatus.java:84)
	at jmri.jmrix.ConnectionStatus.setConnectionState(ConnectionStatus.java:71)
	at jmri.jmrix.roco.z21.Z21XNetPacketizer.handleOneIncomingReply(Z21XNetPacketizer.java:34)
	at jmri.jmrix.AbstractMRTrafficController.receiveLoop(AbstractMRTrafficController.java:762)
	at jmri.jmrix.AbstractMRTrafficController$2.run(AbstractMRTrafficController.java:693)
	at java.lang.Thread.run(Thread.java:745)
52,944 [z21.Z21XNetPacketizerTest$1 Receive thread] ERROR jmrix.AbstractSerialPortController.getCurrentPortName() - Port names returned as null
52,944 [z21.Z21XNetPacketizerTest$1 Receive thread] ERROR jmrix.AbstractMRTrafficController.receiveLoop() - Exception in receive loop: java.lang.IllegalArgumentException: At least one of system name or port name must be provided
java.lang.IllegalArgumentException: At least one of system name or port name must be provided
	at jmri.jmrix.ConnectionStatus$ConnectionKey.<init>(ConnectionStatus.java:249)
	at jmri.jmrix.ConnectionStatus.setConnectionState(ConnectionStatus.java:84)
	at jmri.jmrix.ConnectionStatus.setConnectionState(ConnectionStatus.java:71)
	at jmri.jmrix.roco.z21.Z21XNetPacketizer.handleOneIncomingReply(Z21XNetPacketizer.java:34)
	at jmri.jmrix.AbstractMRTrafficController.receiveLoop(AbstractMRTrafficController.java:762)
	at jmri.jmrix.AbstractMRTrafficController$2.run(AbstractMRTrafficController.java:693)
	at java.lang.Thread.run(Thread.java:745)
52,945 [z21.Z21XNetPacketizerTest$1 Receive thread] ERROR jmrix.AbstractMRTrafficController.receiveLoop() - Exception in receive loop: java.lang.IllegalArgumentException: At least one of system name or port name must be provided
java.lang.IllegalArgumentException: At least one of system name or port name must be provided
	at jmri.jmrix.ConnectionStatus$ConnectionKey.<init>(ConnectionStatus.java:249)
	at jmri.jmrix.ConnectionStatus.setConnectionState(ConnectionStatus.java:84)
	at jmri.jmrix.ConnectionStatus.setConnectionState(ConnectionStatus.java:71)
	at jmri.jmrix.roco.z21.Z21XNetPacketizer.handleOneIncomingReply(Z21XNetPacketizer.java:34)
	at jmri.jmrix.AbstractMRTrafficController.receiveLoop(AbstractMRTrafficController.java:762)
	at jmri.jmrix.AbstractMRTrafficController$2.run(AbstractMRTrafficController.java:693)
	at java.lang.Thread.run(Thread.java:745)
52,946 [z21.Z21XNetPacketizerTest$1 Receive thread] ERROR jmrix.AbstractSerialPortController.getCurrentPortName() - Port names returned as null
52,946 [z21.Z21XNetPacketizerTest$1 Receive thread] ERROR jmrix.AbstractSerialPortController.getCurrentPortName() - Port names returned as null
52,947 [z21.Z21XNetPacketizerTest$1 Receive thread] ERROR jmrix.AbstractMRTrafficController.receiveLoop() - Exception in receive loop: java.lang.IllegalArgumentException: At least one of system name or port name must be provided
java.lang.IllegalArgumentException: At least one of system name or port name must be provided
	at jmri.jmrix.ConnectionStatus$ConnectionKey.<init>(ConnectionStatus.java:249)
	at jmri.jmrix.ConnectionStatus.setConnectionState(ConnectionStatus.java:84)
	at jmri.jmrix.ConnectionStatus.setConnectionState(ConnectionStatus.java:71)
	at jmri.jmrix.roco.z21.Z21XNetPacketizer.handleOneIncomingReply(Z21XNetPacketizer.java:34)
	at jmri.jmrix.AbstractMRTrafficController.receiveLoop(AbstractMRTrafficController.java:762)
	at jmri.jmrix.AbstractMRTrafficController$2.run(AbstractMRTrafficController.java:693)
	at java.lang.Thread.run(Thread.java:745)
52,947 [z21.Z21XNetPacketizerTest$1 Receive thread] ERROR jmrix.AbstractMRTrafficController.receiveLoop() - Exception in receive loop: java.lang.IllegalArgumentException: At least one of system name or port name must be provided
java.lang.IllegalArgumentException: At least one of system name or port name must be provided
	at jmri.jmrix.ConnectionStatus$ConnectionKey.<init>(ConnectionStatus.java:249)
	at jmri.jmrix.ConnectionStatus.setConnectionState(ConnectionStatus.java:84)
	at jmri.jmrix.ConnectionStatus.setConnectionState(ConnectionStatus.java:71)
	at jmri.jmrix.roco.z21.Z21XNetPacketizer.handleOneIncomingReply(Z21XNetPacketizer.java:34)
	at jmri.jmrix.AbstractMRTrafficController.receiveLoop(AbstractMRTrafficController.java:762)
	at jmri.jmrix.AbstractMRTrafficController$2.run(AbstractMRTrafficController.java:693)
	at java.lang.Thread.run(Thread.java:745)
52,949 [z21.Z21XNetPacketizerTest$1 Receive thread] ERROR jmrix.AbstractSerialPortController.getCurrentPortName() - Port names returned as null
52,948 [z21.Z21XNetPacketizerTest$1 Receive thread] ERROR jmrix.AbstractSerialPortController.getCurrentPortName() - Port names returned as null
52,949 [z21.Z21XNetPacketizerTest$1 Receive thread] ERROR jmrix.AbstractMRTrafficController.receiveLoop() - Exception in receive loop: java.lang.IllegalArgumentException: At least one of system name or port name must be provided
java.lang.IllegalArgumentException: At least one of system name or port name must be provided
	at jmri.jmrix.ConnectionStatus$ConnectionKey.<init>(ConnectionStatus.java:249)
	at jmri.jmrix.ConnectionStatus.setConnectionState(ConnectionStatus.java:84)
	at jmri.jmrix.ConnectionStatus.setConnectionState(ConnectionStatus.java:71)
	at jmri.jmrix.roco.z21.Z21XNetPacketizer.handleOneIncomingReply(Z21XNetPacketizer.java:34)
	at jmri.jmrix.AbstractMRTrafficController.receiveLoop(AbstractMRTrafficController.java:762)
	at jmri.jmrix.AbstractMRTrafficController$2.run(AbstractMRTrafficController.java:693)
	at java.lang.Thread.run(Thread.java:745)
52,950 [z21.Z21XNetPacketizerTest$1 Receive thread] ERROR jmrix.AbstractMRTrafficController.receiveLoop() - Exception in receive loop: java.lang.IllegalArgumentException: At least one of system name or port name must be provided
java.lang.IllegalArgumentException: At least one of system name or port name must be provided
	at jmri.jmrix.ConnectionStatus$ConnectionKey.<init>(ConnectionStatus.java:249)
	at jmri.jmrix.ConnectionStatus.setConnectionState(ConnectionStatus.java:84)
	at jmri.jmrix.ConnectionStatus.setConnectionState(ConnectionStatus.java:71)
	at jmri.jmrix.roco.z21.Z21XNetPacketizer.handleOneIncomingReply(Z21XNetPacketizer.java:34)
	at jmri.jmrix.AbstractMRTrafficController.receiveLoop(AbstractMRTrafficController.java:762)
	at jmri.jmrix.AbstractMRTrafficController$2.run(AbstractMRTrafficController.java:693)
	at java.lang.Thread.run(Thread.java:745)
52,950 [z21.Z21XNetPacketizerTest$1 Receive thread] ERROR jmrix.AbstractSerialPortController.getCurrentPortName() - Port names returned as null
52,951 [z21.Z21XNetPacketizerTest$1 Receive thread] ERROR jmrix.AbstractSerialPortController.getCurrentPortName() - Port names returned as null
52,951 [z21.Z21XNetPacketizerTest$1 Receive thread] ERROR jmrix.AbstractMRTrafficController.receiveLoop() - Exception in receive loop: java.lang.IllegalArgumentException: At least one of system name or port name must be provided
java.lang.IllegalArgumentException: At least one of system name or port name must be provided
	at jmri.jmrix.ConnectionStatus$ConnectionKey.<init>(ConnectionStatus.java:249)
	at jmri.jmrix.ConnectionStatus.setConnectionState(ConnectionStatus.java:84)
	at jmri.jmrix.ConnectionStatus.setConnectionState(ConnectionStatus.java:71)
	at jmri.jmrix.roco.z21.Z21XNetPacketizer.handleOneIncomingReply(Z21XNetPacketizer.java:34)
	at jmri.jmrix.AbstractMRTrafficController.receiveLoop(AbstractMRTrafficController.java:762)
	at jmri.jmrix.AbstractMRTrafficController$2.run(AbstractMRTrafficController.java:693)
	at java.lang.Thread.run(Thread.java:745)
52,952 [z21.Z21XNetPacketizerTest$1 Receive thread] ERROR jmrix.AbstractMRTrafficController.receiveLoop() - Exception in receive loop: java.lang.IllegalArgumentException: At least one of system name or port name must be provided
java.lang.IllegalArgumentException: At least one of system name or port name must be provided
	at jmri.jmrix.ConnectionStatus$ConnectionKey.<init>(ConnectionStatus.java:249)
	at jmri.jmrix.ConnectionStatus.setConnectionState(ConnectionStatus.java:84)
	at jmri.jmrix.ConnectionStatus.setConnectionState(ConnectionStatus.java:71)
	at jmri.jmrix.roco.z21.Z21XNetPacketizer.handleOneIncomingReply(Z21XNetPacketizer.java:34)
	at jmri.jmrix.AbstractMRTrafficController.receiveLoop(AbstractMRTrafficController.java:762)
	at jmri.jmrix.AbstractMRTrafficController$2.run(AbstractMRTrafficController.java:693)
	at java.lang.Thread.run(Thread.java:745)
52,953 [z21.Z21XNetPacketizerTest$1 Receive thread] ERROR jmrix.AbstractSerialPortController.getCurrentPortName() - Port names returned as null
52,953 [z21.Z21XNetPacketizerTest$1 Receive thread] ERROR jmrix.AbstractSerialPortController.getCurrentPortName() - Port names returned as null
52,954 [z21.Z21XNetPacketizerTest$1 Receive thread] ERROR jmrix.AbstractMRTrafficController.receiveLoop() - Exception in receive loop: java.lang.IllegalArgumentException: At least one of system name or port name must be provided
java.lang.IllegalArgumentException: At least one of system name or port name must be provided
	at jmri.jmrix.ConnectionStatus$ConnectionKey.<init>(ConnectionStatus.java:249)
	at jmri.jmrix.ConnectionStatus.setConnectionState(ConnectionStatus.java:84)
	at jmri.jmrix.ConnectionStatus.setConnectionState(ConnectionStatus.java:71)
	at jmri.jmrix.roco.z21.Z21XNetPacketizer.handleOneIncomingReply(Z21XNetPacketizer.java:34)
	at jmri.jmrix.AbstractMRTrafficController.receiveLoop(AbstractMRTrafficController.java:762)
	at jmri.jmrix.AbstractMRTrafficController$2.run(AbstractMRTrafficController.java:693)
	at java.lang.Thread.run(Thread.java:745)
52,954 [z21.Z21XNetPacketizerTest$1 Receive thread] ERROR jmrix.AbstractMRTrafficController.receiveLoop() - Exception in receive loop: java.lang.IllegalArgumentException: At least one of system name or port name must be provided
java.lang.IllegalArgumentException: At least one of system name or port name must be provided
	at jmri.jmrix.ConnectionStatus$ConnectionKey.<init>(ConnectionStatus.java:249)
	at jmri.jmrix.ConnectionStatus.setConnectionState(ConnectionStatus.java:84)
	at jmri.jmrix.ConnectionStatus.setConnectionState(ConnectionStatus.java:71)
	at jmri.jmrix.roco.z21.Z21XNetPacketizer.handleOneIncomingReply(Z21XNetPacketizer.java:34)
	at jmri.jmrix.AbstractMRTrafficController.receiveLoop(AbstractMRTrafficController.java:762)
	at jmri.jmrix.AbstractMRTrafficController$2.run(AbstractMRTrafficController.java:693)
	at java.lang.Thread.run(Thread.java:745)
52,955 [z21.Z21XNetPacketizerTest$1 Receive thread] ERROR jmrix.AbstractSerialPortController.getCurrentPortName() - Port names returned as null
52,955 [z21.Z21XNetPacketizerTest$1 Receive thread] ERROR jmrix.AbstractSerialPortController.getCurrentPortName() - Port names returned as null
52,956 [z21.Z21XNetPacketizerTest$1 Receive thread] ERROR jmrix.AbstractMRTrafficController.receiveLoop() - Exception in receive loop: java.lang.IllegalArgumentException: At least one of system name or port name must be provided
java.lang.IllegalArgumentException: At least one of system name or port name must be provided
	at jmri.jmrix.ConnectionStatus$ConnectionKey.<init>(ConnectionStatus.java:249)
	at jmri.jmrix.ConnectionStatus.setConnectionState(ConnectionStatus.java:84)
	at jmri.jmrix.ConnectionStatus.setConnectionState(ConnectionStatus.java:71)
	at jmri.jmrix.roco.z21.Z21XNetPacketizer.handleOneIncomingReply(Z21XNetPacketizer.java:34)
	at jmri.jmrix.AbstractMRTrafficController.receiveLoop(AbstractMRTrafficController.java:762)
	at jmri.jmrix.AbstractMRTrafficController$2.run(AbstractMRTrafficController.java:693)
	at java.lang.Thread.run(Thread.java:745)
52,957 [z21.Z21XNetPacketizerTest$1 Receive thread] ERROR jmrix.AbstractMRTrafficController.receiveLoop() - Exception in receive loop: java.lang.IllegalArgumentException: At least one of system name or port name must be provided
java.lang.IllegalArgumentException: At least one of system name or port name must be provided
	at jmri.jmrix.ConnectionStatus$ConnectionKey.<init>(ConnectionStatus.java:249)
	at jmri.jmrix.ConnectionStatus.setConnectionState(ConnectionStatus.java:84)
	at jmri.jmrix.ConnectionStatus.setConnectionState(ConnectionStatus.java:71)
	at jmri.jmrix.roco.z21.Z21XNetPacketizer.handleOneIncomingReply(Z21XNetPacketizer.java:34)
	at jmri.jmrix.AbstractMRTrafficController.receiveLoop(AbstractMRTrafficController.java:762)
	at jmri.jmrix.AbstractMRTrafficController$2.run(AbstractMRTrafficController.java:693)
	at java.lang.Thread.run(Thread.java:745)
52,957 [z21.Z21XNetPacketizerTest$1 Receive thread] ERROR jmrix.AbstractSerialPortController.getCurrentPortName() - Port names returned as null
52,958 [z21.Z21XNetPacketizerTest$1 Receive thread] ERROR jmrix.AbstractSerialPortController.getCurrentPortName() - Port names returned as null
52,958 [z21.Z21XNetPacketizerTest$1 Receive thread] ERROR jmrix.AbstractMRTrafficController.receiveLoop() - Exception in receive loop: java.lang.IllegalArgumentException: At least one of system name or port name must be provided
java.lang.IllegalArgumentException: At least one of system name or port name must be provided
	at jmri.jmrix.ConnectionStatus$ConnectionKey.<init>(ConnectionStatus.java:249)
	at jmri.jmrix.ConnectionStatus.setConnectionState(ConnectionStatus.java:84)
	at jmri.jmrix.ConnectionStatus.setConnectionState(ConnectionStatus.java:71)
	at jmri.jmrix.roco.z21.Z21XNetPacketizer.handleOneIncomingReply(Z21XNetPacketizer.java:34)
	at jmri.jmrix.AbstractMRTrafficController.receiveLoop(AbstractMRTrafficController.java:762)
	at jmri.jmrix.AbstractMRTrafficController$2.run(AbstractMRTrafficController.java:693)
	at java.lang.Thread.run(Thread.java:745)
52,959 [z21.Z21XNetPacketizerTest$1 Receive thread] ERROR jmrix.AbstractMRTrafficController.receiveLoop() - Exception in receive loop: java.lang.IllegalArgumentException: At least one of system name or port name must be provided
java.lang.IllegalArgumentException: At least one of system name or port name must be provided
	at jmri.jmrix.ConnectionStatus$ConnectionKey.<init>(ConnectionStatus.java:249)
	at jmri.jmrix.ConnectionStatus.setConnectionState(ConnectionStatus.java:84)
	at jmri.jmrix.ConnectionStatus.setConnectionState(ConnectionStatus.java:71)
	at jmri.jmrix.roco.z21.Z21XNetPacketizer.handleOneIncomingReply(Z21XNetPacketizer.java:34)
	at jmri.jmrix.AbstractMRTrafficController.receiveLoop(AbstractMRTrafficController.java:762)
	at jmri.jmrix.AbstractMRTrafficController$2.run(AbstractMRTrafficController.java:693)
	at java.lang.Thread.run(Thread.java:745)
52,959 [z21.Z21XNetPacketizerTest$1 Receive thread] ERROR jmrix.AbstractSerialPortController.getCurrentPortName() - Port names returned as null
52,960 [z21.Z21XNetPacketizerTest$1 Receive thread] ERROR jmrix.AbstractSerialPortController.getCurrentPortName() - Port names returned as null
52,960 [z21.Z21XNetPacketizerTest$1 Receive thread] ERROR jmrix.AbstractMRTrafficController.receiveLoop() - Exception in receive loop: java.lang.IllegalArgumentException: At least one of system name or port name must be provided
java.lang.IllegalArgumentException: At least one of system name or port name must be provided
	at jmri.jmrix.ConnectionStatus$ConnectionKey.<init>(ConnectionStatus.java:249)
	at jmri.jmrix.ConnectionStatus.setConnectionState(ConnectionStatus.java:84)
	at jmri.jmrix.ConnectionStatus.setConnectionState(ConnectionStatus.java:71)
	at jmri.jmrix.roco.z21.Z21XNetPacketizer.handleOneIncomingReply(Z21XNetPacketizer.java:34)
	at jmri.jmrix.AbstractMRTrafficController.receiveLoop(AbstractMRTrafficController.java:762)
	at jmri.jmrix.AbstractMRTrafficController$2.run(AbstractMRTrafficController.java:693)
	at java.lang.Thread.run(Thread.java:745)
52,961 [z21.Z21XNetPacketizerTest$1 Receive thread] ERROR jmrix.AbstractMRTrafficController.receiveLoop() - Exception in receive loop: java.lang.IllegalArgumentException: At least one of system name or port name must be provided
java.lang.IllegalArgumentException: At least one of system name or port name must be provided
	at jmri.jmrix.ConnectionStatus$ConnectionKey.<init>(ConnectionStatus.java:249)
	at jmri.jmrix.ConnectionStatus.setConnectionState(ConnectionStatus.java:84)
	at jmri.jmrix.ConnectionStatus.setConnectionState(ConnectionStatus.java:71)
	at jmri.jmrix.roco.z21.Z21XNetPacketizer.handleOneIncomingReply(Z21XNetPacketizer.java:34)
	at jmri.jmrix.AbstractMRTrafficController.receiveLoop(AbstractMRTrafficController.java:762)
	at jmri.jmrix.AbstractMRTrafficController$2.run(AbstractMRTrafficController.java:693)
	at java.lang.Thread.run(Thread.java:745)
52,961 [z21.Z21XNetPacketizerTest$1 Receive thread] ERROR jmrix.AbstractSerialPortController.getCurrentPortName() - Port names returned as null
52,962 [z21.Z21XNetPacketizerTest$1 Receive thread] ERROR jmrix.AbstractSerialPortController.getCurrentPortName() - Port names returned as null
52,962 [z21.Z21XNetPacketizerTest$1 Receive thread] ERROR jmrix.AbstractMRTrafficController.receiveLoop() - Exception in receive loop: java.lang.IllegalArgumentException: At least one of system name or port name must be provided
java.lang.IllegalArgumentException: At least one of system name or port name must be provided
	at jmri.jmrix.ConnectionStatus$ConnectionKey.<init>(ConnectionStatus.java:249)
	at jmri.jmrix.ConnectionStatus.setConnectionState(ConnectionStatus.java:84)
	at jmri.jmrix.ConnectionStatus.setConnectionState(ConnectionStatus.java:71)
	at jmri.jmrix.roco.z21.Z21XNetPacketizer.handleOneIncomingReply(Z21XNetPacketizer.java:34)
	at jmri.jmrix.AbstractMRTrafficController.receiveLoop(AbstractMRTrafficController.java:762)
	at jmri.jmrix.AbstractMRTrafficController$2.run(AbstractMRTrafficController.java:693)
	at java.lang.Thread.run(Thread.java:745)
52,963 [z21.Z21XNetPacketizerTest$1 Receive thread] ERROR jmrix.AbstractMRTrafficController.receiveLoop() - Exception in receive loop: java.lang.IllegalArgumentException: At least one of system name or port name must be provided
java.lang.IllegalArgumentException: At least one of system name or port name must be provided
	at jmri.jmrix.ConnectionStatus$ConnectionKey.<init>(ConnectionStatus.java:249)
	at jmri.jmrix.ConnectionStatus.setConnectionState(ConnectionStatus.java:84)
	at jmri.jmrix.ConnectionStatus.setConnectionState(ConnectionStatus.java:71)
	at jmri.jmrix.roco.z21.Z21XNetPacketizer.handleOneIncomingReply(Z21XNetPacketizer.java:34)
	at jmri.jmrix.AbstractMRTrafficController.receiveLoop(AbstractMRTrafficController.java:762)
	at jmri.jmrix.AbstractMRTrafficController$2.run(AbstractMRTrafficController.java:693)
	at java.lang.Thread.run(Thread.java:745)
52,963 [z21.Z21XNetPacketizerTest$1 Receive thread] ERROR jmrix.AbstractSerialPortController.getCurrentPortName() - Port names returned as null
52,964 [z21.Z21XNetPacketizerTest$1 Receive thread] ERROR jmrix.AbstractSerialPortController.getCurrentPortName() - Port names returned as null
52,964 [z21.Z21XNetPacketizerTest$1 Receive thread] ERROR jmrix.AbstractMRTrafficController.receiveLoop() - Exception in receive loop: java.lang.IllegalArgumentException: At least one of system name or port name must be provided
java.lang.IllegalArgumentException: At least one of system name or port name must be provided
	at jmri.jmrix.ConnectionStatus$ConnectionKey.<init>(ConnectionStatus.java:249)
	at jmri.jmrix.ConnectionStatus.setConnectionState(ConnectionStatus.java:84)
	at jmri.jmrix.ConnectionStatus.setConnectionState(ConnectionStatus.java:71)
	at jmri.jmrix.roco.z21.Z21XNetPacketizer.handleOneIncomingReply(Z21XNetPacketizer.java:34)
	at jmri.jmrix.AbstractMRTrafficController.receiveLoop(AbstractMRTrafficController.java:762)
	at jmri.jmrix.AbstractMRTrafficController$2.run(AbstractMRTrafficController.java:693)
	at java.lang.Thread.run(Thread.java:745)
52,965 [z21.Z21XNetPacketizerTest$1 Receive thread] ERROR jmrix.AbstractMRTrafficController.receiveLoop() - Exception in receive loop: java.lang.IllegalArgumentException: At least one of system name or port name must be provided
java.lang.IllegalArgumentException: At least one of system name or port name must be provided
	at jmri.jmrix.ConnectionStatus$ConnectionKey.<init>(ConnectionStatus.java:249)
	at jmri.jmrix.ConnectionStatus.setConnectionState(ConnectionStatus.java:84)
	at jmri.jmrix.ConnectionStatus.setConnectionState(ConnectionStatus.java:71)
	at jmri.jmrix.roco.z21.Z21XNetPacketizer.handleOneIncomingReply(Z21XNetPacketizer.java:34)
	at jmri.jmrix.AbstractMRTrafficController.receiveLoop(AbstractMRTrafficController.java:762)
	at jmri.jmrix.AbstractMRTrafficController$2.run(AbstractMRTrafficController.java:693)
	at java.lang.Thread.run(Thread.java:745)
52,965 [z21.Z21XNetPacketizerTest$1 Receive thread] ERROR jmrix.AbstractSerialPortController.getCurrentPortName() - Port names returned as null
52,966 [z21.Z21XNetPacketizerTest$1 Receive thread] ERROR jmrix.AbstractSerialPortController.getCurrentPortName() - Port names returned as null
52,966 [z21.Z21XNetPacketizerTest$1 Receive thread] ERROR jmrix.AbstractMRTrafficController.receiveLoop() - Exception in receive loop: java.lang.IllegalArgumentException: At least one of system name or port name must be provided
java.lang.IllegalArgumentException: At least one of system name or port name must be provided
	at jmri.jmrix.ConnectionStatus$ConnectionKey.<init>(ConnectionStatus.java:249)
	at jmri.jmrix.ConnectionStatus.setConnectionState(ConnectionStatus.java:84)
	at jmri.jmrix.ConnectionStatus.setConnectionState(ConnectionStatus.java:71)
	at jmri.jmrix.roco.z21.Z21XNetPacketizer.handleOneIncomingReply(Z21XNetPacketizer.java:34)
	at jmri.jmrix.AbstractMRTrafficController.receiveLoop(AbstractMRTrafficController.java:762)
	at jmri.jmrix.AbstractMRTrafficController$2.run(AbstractMRTrafficController.java:693)
	at java.lang.Thread.run(Thread.java:745)
52,967 [z21.Z21XNetPacketizerTest$1 Receive thread] ERROR jmrix.AbstractMRTrafficController.receiveLoop() - Exception in receive loop: java.lang.IllegalArgumentException: At least one of system name or port name must be provided
java.lang.IllegalArgumentException: At least one of system name or port name must be provided
	at jmri.jmrix.ConnectionStatus$ConnectionKey.<init>(ConnectionStatus.java:249)
	at jmri.jmrix.ConnectionStatus.setConnectionState(ConnectionStatus.java:84)
	at jmri.jmrix.ConnectionStatus.setConnectionState(ConnectionStatus.java:71)
	at jmri.jmrix.roco.z21.Z21XNetPacketizer.handleOneIncomingReply(Z21XNetPacketizer.java:34)
	at jmri.jmrix.AbstractMRTrafficController.receiveLoop(AbstractMRTrafficController.java:762)
	at jmri.jmrix.AbstractMRTrafficController$2.run(AbstractMRTrafficController.java:693)
	at java.lang.Thread.run(Thread.java:745)
52,967 [z21.Z21XNetPacketizerTest$1 Receive thread] ERROR jmrix.AbstractSerialPortController.getCurrentPortName() - Port names returned as null
52,968 [z21.Z21XNetPacketizerTest$1 Receive thread] ERROR jmrix.AbstractSerialPortController.getCurrentPortName() - Port names returned as null
52,969 [z21.Z21XNetPacketizerTest$1 Receive thread] ERROR jmrix.AbstractMRTrafficController.receiveLoop() - Exception in receive loop: java.lang.IllegalArgumentException: At least one of system name or port name must be provided
java.lang.IllegalArgumentException: At least one of system name or port name must be provided
	at jmri.jmrix.ConnectionStatus$ConnectionKey.<init>(ConnectionStatus.java:249)
	at jmri.jmrix.ConnectionStatus.setConnectionState(ConnectionStatus.java:84)
	at jmri.jmrix.ConnectionStatus.setConnectionState(ConnectionStatus.java:71)
	at jmri.jmrix.roco.z21.Z21XNetPacketizer.handleOneIncomingReply(Z21XNetPacketizer.java:34)
	at jmri.jmrix.AbstractMRTrafficController.receiveLoop(AbstractMRTrafficController.java:762)
	at jmri.jmrix.AbstractMRTrafficController$2.run(AbstractMRTrafficController.java:693)
	at java.lang.Thread.run(Thread.java:745)
52,969 [z21.Z21XNetPacketizerTest$1 Receive thread] ERROR jmrix.AbstractMRTrafficController.receiveLoop() - Exception in receive loop: java.lang.IllegalArgumentException: At least one of system name or port name must be provided
java.lang.IllegalArgumentException: At least one of system name or port name must be provided
	at jmri.jmrix.ConnectionStatus$ConnectionKey.<init>(ConnectionStatus.java:249)
	at jmri.jmrix.ConnectionStatus.setConnectionState(ConnectionStatus.java:84)
	at jmri.jmrix.ConnectionStatus.setConnectionState(ConnectionStatus.java:71)
	at jmri.jmrix.roco.z21.Z21XNetPacketizer.handleOneIncomingReply(Z21XNetPacketizer.java:34)
	at jmri.jmrix.AbstractMRTrafficController.receiveLoop(AbstractMRTrafficController.java:762)
	at jmri.jmrix.AbstractMRTrafficController$2.run(AbstractMRTrafficController.java:693)
	at java.lang.Thread.run(Thread.java:745)
52,970 [z21.Z21XNetPacketizerTest$1 Receive thread] ERROR jmrix.AbstractSerialPortController.getCurrentPortName() - Port names returned as null
52,970 [z21.Z21XNetPacketizerTest$1 Receive thread] ERROR jmrix.AbstractSerialPortController.getCurrentPortName() - Port names returned as null
52,971 [z21.Z21XNetPacketizerTest$1 Receive thread] ERROR jmrix.AbstractMRTrafficController.receiveLoop() - Exception in receive loop: java.lang.IllegalArgumentException: At least one of system name or port name must be provided
java.lang.IllegalArgumentException: At least one of system name or port name must be provided
	at jmri.jmrix.ConnectionStatus$ConnectionKey.<init>(ConnectionStatus.java:249)
	at jmri.jmrix.ConnectionStatus.setConnectionState(ConnectionStatus.java:84)
	at jmri.jmrix.ConnectionStatus.setConnectionState(ConnectionStatus.java:71)
	at jmri.jmrix.roco.z21.Z21XNetPacketizer.handleOneIncomingReply(Z21XNetPacketizer.java:34)
	at jmri.jmrix.AbstractMRTrafficController.receiveLoop(AbstractMRTrafficController.java:762)
	at jmri.jmrix.AbstractMRTrafficController$2.run(AbstractMRTrafficController.java:693)
	at java.lang.Thread.run(Thread.java:745)
52,971 [z21.Z21XNetPacketizerTest$1 Receive thread] ERROR jmrix.AbstractMRTrafficController.receiveLoop() - Exception in receive loop: java.lang.IllegalArgumentException: At least one of system name or port name must be provided
java.lang.IllegalArgumentException: At least one of system name or port name must be provided
	at jmri.jmrix.ConnectionStatus$ConnectionKey.<init>(ConnectionStatus.java:249)
	at jmri.jmrix.ConnectionStatus.setConnectionState(ConnectionStatus.java:84)
	at jmri.jmrix.ConnectionStatus.setConnectionState(ConnectionStatus.java:71)
	at jmri.jmrix.roco.z21.Z21XNetPacketizer.handleOneIncomingReply(Z21XNetPacketizer.java:34)
	at jmri.jmrix.AbstractMRTrafficController.receiveLoop(AbstractMRTrafficController.java:762)
	at jmri.jmrix.AbstractMRTrafficController$2.run(AbstractMRTrafficController.java:693)
	at java.lang.Thread.run(Thread.java:745)
52,972 [z21.Z21XNetPacketizerTest$1 Receive thread] ERROR jmrix.AbstractSerialPortController.getCurrentPortName() - Port names returned as null
52,972 [z21.Z21XNetPacketizerTest$1 Receive thread] ERROR jmrix.AbstractSerialPortController.getCurrentPortName() - Port names returned as null
52,973 [z21.Z21XNetPacketizerTest$1 Receive thread] ERROR jmrix.AbstractMRTrafficController.receiveLoop() - Exception in receive loop: java.lang.IllegalArgumentException: At least one of system name or port name must be provided
java.lang.IllegalArgumentException: At least one of system name or port name must be provided
	at jmri.jmrix.ConnectionStatus$ConnectionKey.<init>(ConnectionStatus.java:249)
	at jmri.jmrix.ConnectionStatus.setConnectionState(ConnectionStatus.java:84)
	at jmri.jmrix.ConnectionStatus.setConnectionState(ConnectionStatus.java:71)
	at jmri.jmrix.roco.z21.Z21XNetPacketizer.handleOneIncomingReply(Z21XNetPacketizer.java:34)
	at jmri.jmrix.AbstractMRTrafficController.receiveLoop(AbstractMRTrafficController.java:762)
	at jmri.jmrix.AbstractMRTrafficController$2.run(AbstractMRTrafficController.java:693)
	at java.lang.Thread.run(Thread.java:745)
52,973 [z21.Z21XNetPacketizerTest$1 Receive thread] ERROR jmrix.AbstractMRTrafficController.receiveLoop() - Exception in receive loop: java.lang.IllegalArgumentException: At least one of system name or port name must be provided
java.lang.IllegalArgumentException: At least one of system name or port name must be provided
	at jmri.jmrix.ConnectionStatus$ConnectionKey.<init>(ConnectionStatus.java:249)
	at jmri.jmrix.ConnectionStatus.setConnectionState(ConnectionStatus.java:84)
	at jmri.jmrix.ConnectionStatus.setConnectionState(ConnectionStatus.java:71)
	at jmri.jmrix.roco.z21.Z21XNetPacketizer.handleOneIncomingReply(Z21XNetPacketizer.java:34)
	at jmri.jmrix.AbstractMRTrafficController.receiveLoop(AbstractMRTrafficController.java:762)
	at jmri.jmrix.AbstractMRTrafficController$2.run(AbstractMRTrafficController.java:693)
	at java.lang.Thread.run(Thread.java:745)
52,974 [z21.Z21XNetPacketizerTest$1 Receive thread] ERROR jmrix.AbstractSerialPortController.getCurrentPortName() - Port names returned as null
52,974 [z21.Z21XNetPacketizerTest$1 Receive thread] ERROR jmrix.AbstractSerialPortController.getCurrentPortName() - Port names returned as null
52,975 [z21.Z21XNetPacketizerTest$1 Receive thread] ERROR jmrix.AbstractMRTrafficController.receiveLoop() - Exception in receive loop: java.lang.IllegalArgumentException: At least one of system name or port name must be provided
java.lang.IllegalArgumentException: At least one of system name or port name must be provided
	at jmri.jmrix.ConnectionStatus$ConnectionKey.<init>(ConnectionStatus.java:249)
	at jmri.jmrix.ConnectionStatus.setConnectionState(ConnectionStatus.java:84)
	at jmri.jmrix.ConnectionStatus.setConnectionState(ConnectionStatus.java:71)
	at jmri.jmrix.roco.z21.Z21XNetPacketizer.handleOneIncomingReply(Z21XNetPacketizer.java:34)
	at jmri.jmrix.AbstractMRTrafficController.receiveLoop(AbstractMRTrafficController.java:762)
	at jmri.jmrix.AbstractMRTrafficController$2.run(AbstractMRTrafficController.java:693)
	at java.lang.Thread.run(Thread.java:745)
52,975 [z21.Z21XNetPacketizerTest$1 Receive thread] ERROR jmrix.AbstractMRTrafficController.receiveLoop() - Exception in receive loop: java.lang.IllegalArgumentException: At least one of system name or port name must be provided
java.lang.IllegalArgumentException: At least one of system name or port name must be provided
	at jmri.jmrix.ConnectionStatus$ConnectionKey.<init>(ConnectionStatus.java:249)
	at jmri.jmrix.ConnectionStatus.setConnectionState(ConnectionStatus.java:84)
	at jmri.jmrix.ConnectionStatus.setConnectionState(ConnectionStatus.java:71)
	at jmri.jmrix.roco.z21.Z21XNetPacketizer.handleOneIncomingReply(Z21XNetPacketizer.java:34)
	at jmri.jmrix.AbstractMRTrafficController.receiveLoop(AbstractMRTrafficController.java:762)
	at jmri.jmrix.AbstractMRTrafficController$2.run(AbstractMRTrafficController.java:693)
	at java.lang.Thread.run(Thread.java:745)
52,976 [z21.Z21XNetPacketizerTest$1 Receive thread] ERROR jmrix.AbstractSerialPortController.getCurrentPortName() - Port names returned as null
52,976 [z21.Z21XNetPacketizerTest$1 Receive thread] ERROR jmrix.AbstractSerialPortController.getCurrentPortName() - Port names returned as null
52,977 [z21.Z21XNetPacketizerTest$1 Receive thread] ERROR jmrix.AbstractMRTrafficController.receiveLoop() - Exception in receive loop: java.lang.IllegalArgumentException: At least one of system name or port name must be provided
java.lang.IllegalArgumentException: At least one of system name or port name must be provided
	at jmri.jmrix.ConnectionStatus$ConnectionKey.<init>(ConnectionStatus.java:249)
	at jmri.jmrix.ConnectionStatus.setConnectionState(ConnectionStatus.java:84)
	at jmri.jmrix.ConnectionStatus.setConnectionState(ConnectionStatus.java:71)
	at jmri.jmrix.roco.z21.Z21XNetPacketizer.handleOneIncomingReply(Z21XNetPacketizer.java:34)
	at jmri.jmrix.AbstractMRTrafficController.receiveLoop(AbstractMRTrafficController.java:762)
	at jmri.jmrix.AbstractMRTrafficController$2.run(AbstractMRTrafficController.java:693)
	at java.lang.Thread.run(Thread.java:745)
52,978 [z21.Z21XNetPacketizerTest$1 Receive thread] ERROR jmrix.AbstractMRTrafficController.receiveLoop() - Exception in receive loop: java.lang.IllegalArgumentException: At least one of system name or port name must be provided
java.lang.IllegalArgumentException: At least one of system name or port name must be provided
	at jmri.jmrix.ConnectionStatus$ConnectionKey.<init>(ConnectionStatus.java:249)
	at jmri.jmrix.ConnectionStatus.setConnectionState(ConnectionStatus.java:84)
	at jmri.jmrix.ConnectionStatus.setConnectionState(ConnectionStatus.java:71)
	at jmri.jmrix.roco.z21.Z21XNetPacketizer.handleOneIncomingReply(Z21XNetPacketizer.java:34)
	at jmri.jmrix.AbstractMRTrafficController.receiveLoop(AbstractMRTrafficController.java:762)
	at jmri.jmrix.AbstractMRTrafficController$2.run(AbstractMRTrafficController.java:693)
	at java.lang.Thread.run(Thread.java:745)
52,978 [z21.Z21XNetPacketizerTest$1 Receive thread] ERROR jmrix.AbstractSerialPortController.getCurrentPortName() - Port names returned as null
52,979 [z21.Z21XNetPacketizerTest$1 Receive thread] ERROR jmrix.AbstractSerialPortController.getCurrentPortName() - Port names returned as null
52,979 [z21.Z21XNetPacketizerTest$1 Receive thread] ERROR jmrix.AbstractMRTrafficController.receiveLoop() - Exception in receive loop: java.lang.IllegalArgumentException: At least one of system name or port name must be provided
java.lang.IllegalArgumentException: At least one of system name or port name must be provided
	at jmri.jmrix.ConnectionStatus$ConnectionKey.<init>(ConnectionStatus.java:249)
	at jmri.jmrix.ConnectionStatus.setConnectionState(ConnectionStatus.java:84)
	at jmri.jmrix.ConnectionStatus.setConnectionState(ConnectionStatus.java:71)
	at jmri.jmrix.roco.z21.Z21XNetPacketizer.handleOneIncomingReply(Z21XNetPacketizer.java:34)
	at jmri.jmrix.AbstractMRTrafficController.receiveLoop(AbstractMRTrafficController.java:762)
	at jmri.jmrix.AbstractMRTrafficController$2.run(AbstractMRTrafficController.java:693)
	at java.lang.Thread.run(Thread.java:745)
52,980 [z21.Z21XNetPacketizerTest$1 Receive thread] ERROR jmrix.AbstractMRTrafficController.receiveLoop() - Exception in receive loop: java.lang.IllegalArgumentException: At least one of system name or port name must be provided
java.lang.IllegalArgumentException: At least one of system name or port name must be provided
	at jmri.jmrix.ConnectionStatus$ConnectionKey.<init>(ConnectionStatus.java:249)
	at jmri.jmrix.ConnectionStatus.setConnectionState(ConnectionStatus.java:84)
	at jmri.jmrix.ConnectionStatus.setConnectionState(ConnectionStatus.java:71)
	at jmri.jmrix.roco.z21.Z21XNetPacketizer.handleOneIncomingReply(Z21XNetPacketizer.java:34)
	at jmri.jmrix.AbstractMRTrafficController.receiveLoop(AbstractMRTrafficController.java:762)
	at jmri.jmrix.AbstractMRTrafficController$2.run(AbstractMRTrafficController.java:693)
	at java.lang.Thread.run(Thread.java:745)
52,980 [z21.Z21XNetPacketizerTest$1 Receive thread] ERROR jmrix.AbstractSerialPortController.getCurrentPortName() - Port names returned as null
52,981 [z21.Z21XNetPacketizerTest$1 Receive thread] ERROR jmrix.AbstractSerialPortController.getCurrentPortName() - Port names returned as null
52,981 [z21.Z21XNetPacketizerTest$1 Receive thread] ERROR jmrix.AbstractMRTrafficController.receiveLoop() - Exception in receive loop: java.lang.IllegalArgumentException: At least one of system name or port name must be provided
java.lang.IllegalArgumentException: At least one of system name or port name must be provided
	at jmri.jmrix.ConnectionStatus$ConnectionKey.<init>(ConnectionStatus.java:249)
	at jmri.jmrix.ConnectionStatus.setConnectionState(ConnectionStatus.java:84)
	at jmri.jmrix.ConnectionStatus.setConnectionState(ConnectionStatus.java:71)
	at jmri.jmrix.roco.z21.Z21XNetPacketizer.handleOneIncomingReply(Z21XNetPacketizer.java:34)
	at jmri.jmrix.AbstractMRTrafficController.receiveLoop(AbstractMRTrafficController.java:762)
	at jmri.jmrix.AbstractMRTrafficController$2.run(AbstractMRTrafficController.java:693)
	at java.lang.Thread.run(Thread.java:745)
52,982 [z21.Z21XNetPacketizerTest$1 Receive thread] ERROR jmrix.AbstractMRTrafficController.receiveLoop() - Exception in receive loop: java.lang.IllegalArgumentException: At least one of system name or port name must be provided
java.lang.IllegalArgumentException: At least one of system name or port name must be provided
	at jmri.jmrix.ConnectionStatus$ConnectionKey.<init>(ConnectionStatus.java:249)
	at jmri.jmrix.ConnectionStatus.setConnectionState(ConnectionStatus.java:84)
	at jmri.jmrix.ConnectionStatus.setConnectionState(ConnectionStatus.java:71)
	at jmri.jmrix.roco.z21.Z21XNetPacketizer.handleOneIncomingReply(Z21XNetPacketizer.java:34)
	at jmri.jmrix.AbstractMRTrafficController.receiveLoop(AbstractMRTrafficController.java:762)
	at jmri.jmrix.AbstractMRTrafficController$2.run(AbstractMRTrafficController.java:693)
	at java.lang.Thread.run(Thread.java:745)
52,982 [z21.Z21XNetPacketizerTest$1 Receive thread] ERROR jmrix.AbstractMRTrafficController.reportReceiveLoopException() - run: Exception: java.lang.IllegalArgumentException: At least one of system name or port name must be provided in class jmri.jmrix.roco.z21.Z21XNetPacketizerTest$1
java.lang.IllegalArgumentException: At least one of system name or port name must be provided
	at jmri.jmrix.ConnectionStatus$ConnectionKey.<init>(ConnectionStatus.java:249)
	at jmri.jmrix.ConnectionStatus.setConnectionState(ConnectionStatus.java:84)
	at jmri.jmrix.ConnectionStatus.setConnectionState(ConnectionStatus.java:71)
	at jmri.jmrix.roco.z21.Z21XNetPacketizer.handleOneIncomingReply(Z21XNetPacketizer.java:34)
	at jmri.jmrix.AbstractMRTrafficController.receiveLoop(AbstractMRTrafficController.java:762)
	at jmri.jmrix.AbstractMRTrafficController$2.run(AbstractMRTrafficController.java:693)
	at java.lang.Thread.run(Thread.java:745)
52,983 [z21.Z21XNetPacketizerTest$1 Receive thread] ERROR jmrix.AbstractSerialPortController.getCurrentPortName() - Port names returned as null
52,983 [z21.Z21XNetPacketizerTest$1 Receive thread] ERROR jmrix.AbstractSerialPortController.getCurrentPortName() - Port names returned as null
52,990 [z21.Z21XNetPacketizerTest$1 Receive thread] ERROR jmrix.AbstractMRTrafficController.receiveLoop() - Exception in receive loop: java.lang.IllegalArgumentException: At least one of system name or port name must be provided
java.lang.IllegalArgumentException: At least one of system name or port name must be provided
	at jmri.jmrix.ConnectionStatus$ConnectionKey.<init>(ConnectionStatus.java:249)
	at jmri.jmrix.ConnectionStatus.setConnectionState(ConnectionStatus.java:84)
	at jmri.jmrix.ConnectionStatus.setConnectionState(ConnectionStatus.java:71)
	at jmri.jmrix.roco.z21.Z21XNetPacketizer.handleOneIncomingReply(Z21XNetPacketizer.java:34)
	at jmri.jmrix.AbstractMRTrafficController.receiveLoop(AbstractMRTrafficController.java:762)
	at jmri.jmrix.AbstractMRTrafficController$2.run(AbstractMRTrafficController.java:693)
	at java.lang.Thread.run(Thread.java:745)
52,991 [z21.Z21XNetPacketizerTest$1 Receive thread] ERROR jmrix.AbstractSerialPortController.getCurrentPortName() - Port names returned as null
52,991 [z21.Z21XNetPacketizerTest$1 Receive thread] ERROR jmrix.AbstractMRTrafficController.receiveLoop() - Exception in receive loop: java.lang.IllegalArgumentException: At least one of system name or port name must be provided
java.lang.IllegalArgumentException: At least one of system name or port name must be provided
	at jmri.jmrix.ConnectionStatus$ConnectionKey.<init>(ConnectionStatus.java:249)
	at jmri.jmrix.ConnectionStatus.setConnectionState(ConnectionStatus.java:84)
	at jmri.jmrix.ConnectionStatus.setConnectionState(ConnectionStatus.java:71)
	at jmri.jmrix.roco.z21.Z21XNetPacketizer.handleOneIncomingReply(Z21XNetPacketizer.java:34)
	at jmri.jmrix.AbstractMRTrafficController.receiveLoop(AbstractMRTrafficController.java:762)
	at jmri.jmrix.AbstractMRTrafficController$2.run(AbstractMRTrafficController.java:693)
	at java.lang.Thread.run(Thread.java:745)
52,992 [z21.Z21XNetPacketizerTest$1 Receive thread] ERROR jmrix.AbstractSerialPortController.getCurrentPortName() - Port names returned as null
52,993 [z21.Z21XNetPacketizerTest$1 Receive thread] ERROR jmrix.AbstractMRTrafficController.receiveLoop() - Exception in receive loop: java.lang.IllegalArgumentException: At least one of system name or port name must be provided
java.lang.IllegalArgumentException: At least one of system name or port name must be provided
	at jmri.jmrix.ConnectionStatus$ConnectionKey.<init>(ConnectionStatus.java:249)
	at jmri.jmrix.ConnectionStatus.setConnectionState(ConnectionStatus.java:84)
	at jmri.jmrix.ConnectionStatus.setConnectionState(ConnectionStatus.java:71)
	at jmri.jmrix.roco.z21.Z21XNetPacketizer.handleOneIncomingReply(Z21XNetPacketizer.java:34)
	at jmri.jmrix.AbstractMRTrafficController.receiveLoop(AbstractMRTrafficController.java:762)
	at jmri.jmrix.AbstractMRTrafficController$2.run(AbstractMRTrafficController.java:693)
	at java.lang.Thread.run(Thread.java:745)
52,993 [z21.Z21XNetPacketizerTest$1 Receive thread] ERROR jmrix.AbstractSerialPortController.getCurrentPortName() - Port names returned as null
52,994 [z21.Z21XNetPacketizerTest$1 Receive thread] ERROR jmrix.AbstractMRTrafficController.receiveLoop() - Exception in receive loop: java.lang.IllegalArgumentException: At least one of system name or port name must be provided
java.lang.IllegalArgumentException: At least one of system name or port name must be provided
	at jmri.jmrix.ConnectionStatus$ConnectionKey.<init>(ConnectionStatus.java:249)
	at jmri.jmrix.ConnectionStatus.setConnectionState(ConnectionStatus.java:84)
	at jmri.jmrix.ConnectionStatus.setConnectionState(ConnectionStatus.java:71)
	at jmri.jmrix.roco.z21.Z21XNetPacketizer.handleOneIncomingReply(Z21XNetPacketizer.java:34)
	at jmri.jmrix.AbstractMRTrafficController.receiveLoop(AbstractMRTrafficController.java:762)
	at jmri.jmrix.AbstractMRTrafficController$2.run(AbstractMRTrafficController.java:693)
	at java.lang.Thread.run(Thread.java:745)
52,994 [z21.Z21XNetPacketizerTest$1 Receive thread] ERROR jmrix.AbstractSerialPortController.getCurrentPortName() - Port names returned as null
52,995 [z21.Z21XNetPacketizerTest$1 Receive thread] ERROR jmrix.AbstractMRTrafficController.receiveLoop() - Exception in receive loop: java.lang.IllegalArgumentException: At least one of system name or port name must be provided
java.lang.IllegalArgumentException: At least one of system name or port name must be provided
	at jmri.jmrix.ConnectionStatus$ConnectionKey.<init>(ConnectionStatus.java:249)
	at jmri.jmrix.ConnectionStatus.setConnectionState(ConnectionStatus.java:84)
	at jmri.jmrix.ConnectionStatus.setConnectionState(ConnectionStatus.java:71)
	at jmri.jmrix.roco.z21.Z21XNetPacketizer.handleOneIncomingReply(Z21XNetPacketizer.java:34)
	at jmri.jmrix.AbstractMRTrafficController.receiveLoop(AbstractMRTrafficController.java:762)
	at jmri.jmrix.AbstractMRTrafficController$2.run(AbstractMRTrafficController.java:693)
	at java.lang.Thread.run(Thread.java:745)
52,996 [z21.Z21XNetPacketizerTest$1 Receive thread] ERROR jmrix.AbstractSerialPortController.getCurrentPortName() - Port names returned as null
52,996 [z21.Z21XNetPacketizerTest$1 Receive thread] ERROR jmrix.AbstractMRTrafficController.receiveLoop() - Exception in receive loop: java.lang.IllegalArgumentException: At least one of system name or port name must be provided
java.lang.IllegalArgumentException: At least one of system name or port name must be provided
	at jmri.jmrix.ConnectionStatus$ConnectionKey.<init>(ConnectionStatus.java:249)
	at jmri.jmrix.ConnectionStatus.setConnectionState(ConnectionStatus.java:84)
	at jmri.jmrix.ConnectionStatus.setConnectionState(ConnectionStatus.java:71)
	at jmri.jmrix.roco.z21.Z21XNetPacketizer.handleOneIncomingReply(Z21XNetPacketizer.java:34)
	at jmri.jmrix.AbstractMRTrafficController.receiveLoop(AbstractMRTrafficController.java:762)
	at jmri.jmrix.AbstractMRTrafficController$2.run(AbstractMRTrafficController.java:693)
	at java.lang.Thread.run(Thread.java:745)
52,997 [z21.Z21XNetPacketizerTest$1 Receive thread] ERROR jmrix.AbstractSerialPortController.getCurrentPortName() - Port names returned as null
52,997 [z21.Z21XNetPacketizerTest$1 Receive thread] ERROR jmrix.AbstractMRTrafficController.receiveLoop() - Exception in receive loop: java.lang.IllegalArgumentException: At least one of system name or port name must be provided
java.lang.IllegalArgumentException: At least one of system name or port name must be provided
	at jmri.jmrix.ConnectionStatus$ConnectionKey.<init>(ConnectionStatus.java:249)
	at jmri.jmrix.ConnectionStatus.setConnectionState(ConnectionStatus.java:84)
	at jmri.jmrix.ConnectionStatus.setConnectionState(ConnectionStatus.java:71)
	at jmri.jmrix.roco.z21.Z21XNetPacketizer.handleOneIncomingReply(Z21XNetPacketizer.java:34)
	at jmri.jmrix.AbstractMRTrafficController.receiveLoop(AbstractMRTrafficController.java:762)
	at jmri.jmrix.AbstractMRTrafficController$2.run(AbstractMRTrafficController.java:693)
	at java.lang.Thread.run(Thread.java:745)
52,998 [z21.Z21XNetPacketizerTest$1 Receive thread] ERROR jmrix.AbstractSerialPortController.getCurrentPortName() - Port names returned as null
52,998 [z21.Z21XNetPacketizerTest$1 Receive thread] ERROR jmrix.AbstractMRTrafficController.receiveLoop() - Exception in receive loop: java.lang.IllegalArgumentException: At least one of system name or port name must be provided
java.lang.IllegalArgumentException: At least one of system name or port name must be provided
	at jmri.jmrix.ConnectionStatus$ConnectionKey.<init>(ConnectionStatus.java:249)
	at jmri.jmrix.ConnectionStatus.setConnectionState(ConnectionStatus.java:84)
	at jmri.jmrix.ConnectionStatus.setConnectionState(ConnectionStatus.java:71)
	at jmri.jmrix.roco.z21.Z21XNetPacketizer.handleOneIncomingReply(Z21XNetPacketizer.java:34)
	at jmri.jmrix.AbstractMRTrafficController.receiveLoop(AbstractMRTrafficController.java:762)
	at jmri.jmrix.AbstractMRTrafficController$2.run(AbstractMRTrafficController.java:693)
	at java.lang.Thread.run(Thread.java:745)
52,999 [z21.Z21XNetPacketizerTest$1 Receive thread] ERROR jmrix.AbstractSerialPortController.getCurrentPortName() - Port names returned as null
52,999 [z21.Z21XNetPacketizerTest$1 Receive thread] ERROR jmrix.AbstractMRTrafficController.receiveLoop() - Exception in receive loop: java.lang.IllegalArgumentException: At least one of system name or port name must be provided
java.lang.IllegalArgumentException: At least one of system name or port name must be provided
	at jmri.jmrix.ConnectionStatus$ConnectionKey.<init>(ConnectionStatus.java:249)
	at jmri.jmrix.ConnectionStatus.setConnectionState(ConnectionStatus.java:84)
	at jmri.jmrix.ConnectionStatus.setConnectionState(ConnectionStatus.java:71)
	at jmri.jmrix.roco.z21.Z21XNetPacketizer.handleOneIncomingReply(Z21XNetPacketizer.java:34)
	at jmri.jmrix.AbstractMRTrafficController.receiveLoop(AbstractMRTrafficController.java:762)
	at jmri.jmrix.AbstractMRTrafficController$2.run(AbstractMRTrafficController.java:693)
	at java.lang.Thread.run(Thread.java:745)
53,000 [z21.Z21XNetPacketizerTest$1 Receive thread] ERROR jmrix.AbstractSerialPortController.getCurrentPortName() - Port names returned as null
53,001 [z21.Z21XNetPacketizerTest$1 Receive thread] ERROR jmrix.AbstractMRTrafficController.receiveLoop() - Exception in receive loop: java.lang.IllegalArgumentException: At least one of system name or port name must be provided
java.lang.IllegalArgumentException: At least one of system name or port name must be provided
	at jmri.jmrix.ConnectionStatus$ConnectionKey.<init>(ConnectionStatus.java:249)
	at jmri.jmrix.ConnectionStatus.setConnectionState(ConnectionStatus.java:84)
	at jmri.jmrix.ConnectionStatus.setConnectionState(ConnectionStatus.java:71)
	at jmri.jmrix.roco.z21.Z21XNetPacketizer.handleOneIncomingReply(Z21XNetPacketizer.java:34)
	at jmri.jmrix.AbstractMRTrafficController.receiveLoop(AbstractMRTrafficController.java:762)
	at jmri.jmrix.AbstractMRTrafficController$2.run(AbstractMRTrafficController.java:693)
	at java.lang.Thread.run(Thread.java:745)
53,001 [z21.Z21XNetPacketizerTest$1 Receive thread] ERROR jmrix.AbstractSerialPortController.getCurrentPortName() - Port names returned as null
53,002 [z21.Z21XNetPacketizerTest$1 Receive thread] ERROR jmrix.AbstractMRTrafficController.receiveLoop() - Exception in receive loop: java.lang.IllegalArgumentException: At least one of system name or port name must be provided
java.lang.IllegalArgumentException: At least one of system name or port name must be provided
	at jmri.jmrix.ConnectionStatus$ConnectionKey.<init>(ConnectionStatus.java:249)
	at jmri.jmrix.ConnectionStatus.setConnectionState(ConnectionStatus.java:84)
	at jmri.jmrix.ConnectionStatus.setConnectionState(ConnectionStatus.java:71)
	at jmri.jmrix.roco.z21.Z21XNetPacketizer.handleOneIncomingReply(Z21XNetPacketizer.java:34)
	at jmri.jmrix.AbstractMRTrafficController.receiveLoop(AbstractMRTrafficController.java:762)
	at jmri.jmrix.AbstractMRTrafficController$2.run(AbstractMRTrafficController.java:693)
	at java.lang.Thread.run(Thread.java:745)
53,002 [z21.Z21XNetPacketizerTest$1 Receive thread] ERROR jmrix.AbstractSerialPortController.getCurrentPortName() - Port names returned as null
53,003 [z21.Z21XNetPacketizerTest$1 Receive thread] ERROR jmrix.AbstractMRTrafficController.receiveLoop() - Exception in receive loop: java.lang.IllegalArgumentException: At least one of system name or port name must be provided
java.lang.IllegalArgumentException: At least one of system name or port name must be provided
	at jmri.jmrix.ConnectionStatus$ConnectionKey.<init>(ConnectionStatus.java:249)
	at jmri.jmrix.ConnectionStatus.setConnectionState(ConnectionStatus.java:84)
	at jmri.jmrix.ConnectionStatus.setConnectionState(ConnectionStatus.java:71)
	at jmri.jmrix.roco.z21.Z21XNetPacketizer.handleOneIncomingReply(Z21XNetPacketizer.java:34)
	at jmri.jmrix.AbstractMRTrafficController.receiveLoop(AbstractMRTrafficController.java:762)
	at jmri.jmrix.AbstractMRTrafficController$2.run(AbstractMRTrafficController.java:693)
	at java.lang.Thread.run(Thread.java:745)
53,003 [z21.Z21XNetPacketizerTest$1 Receive thread] ERROR jmrix.AbstractSerialPortController.getCurrentPortName() - Port names returned as null
53,004 [z21.Z21XNetPacketizerTest$1 Receive thread] ERROR jmrix.AbstractMRTrafficController.receiveLoop() - Exception in receive loop: java.lang.IllegalArgumentException: At least one of system name or port name must be provided
java.lang.IllegalArgumentException: At least one of system name or port name must be provided
	at jmri.jmrix.ConnectionStatus$ConnectionKey.<init>(ConnectionStatus.java:249)
	at jmri.jmrix.ConnectionStatus.setConnectionState(ConnectionStatus.java:84)
	at jmri.jmrix.ConnectionStatus.setConnectionState(ConnectionStatus.java:71)
	at jmri.jmrix.roco.z21.Z21XNetPacketizer.handleOneIncomingReply(Z21XNetPacketizer.java:34)
	at jmri.jmrix.AbstractMRTrafficController.receiveLoop(AbstractMRTrafficController.java:762)
	at jmri.jmrix.AbstractMRTrafficController$2.run(AbstractMRTrafficController.java:693)
	at java.lang.Thread.run(Thread.java:745)
53,004 [z21.Z21XNetPacketizerTest$1 Receive thread] ERROR jmrix.AbstractSerialPortController.getCurrentPortName() - Port names returned as null
53,005 [z21.Z21XNetPacketizerTest$1 Receive thread] ERROR jmrix.AbstractMRTrafficController.receiveLoop() - Exception in receive loop: java.lang.IllegalArgumentException: At least one of system name or port name must be provided
java.lang.IllegalArgumentException: At least one of system name or port name must be provided
	at jmri.jmrix.ConnectionStatus$ConnectionKey.<init>(ConnectionStatus.java:249)
	at jmri.jmrix.ConnectionStatus.setConnectionState(ConnectionStatus.java:84)
	at jmri.jmrix.ConnectionStatus.setConnectionState(ConnectionStatus.java:71)
	at jmri.jmrix.roco.z21.Z21XNetPacketizer.handleOneIncomingReply(Z21XNetPacketizer.java:34)
	at jmri.jmrix.AbstractMRTrafficController.receiveLoop(AbstractMRTrafficController.java:762)
	at jmri.jmrix.AbstractMRTrafficController$2.run(AbstractMRTrafficController.java:693)
	at java.lang.Thread.run(Thread.java:745)
53,005 [z21.Z21XNetPacketizerTest$1 Receive thread] ERROR jmrix.AbstractSerialPortController.getCurrentPortName() - Port names returned as null
53,006 [z21.Z21XNetPacketizerTest$1 Receive thread] ERROR jmrix.AbstractMRTrafficController.receiveLoop() - Exception in receive loop: java.lang.IllegalArgumentException: At least one of system name or port name must be provided
java.lang.IllegalArgumentException: At least one of system name or port name must be provided
	at jmri.jmrix.ConnectionStatus$ConnectionKey.<init>(ConnectionStatus.java:249)
	at jmri.jmrix.ConnectionStatus.setConnectionState(ConnectionStatus.java:84)
	at jmri.jmrix.ConnectionStatus.setConnectionState(ConnectionStatus.java:71)
	at jmri.jmrix.roco.z21.Z21XNetPacketizer.handleOneIncomingReply(Z21XNetPacketizer.java:34)
	at jmri.jmrix.AbstractMRTrafficController.receiveLoop(AbstractMRTrafficController.java:762)
	at jmri.jmrix.AbstractMRTrafficController$2.run(AbstractMRTrafficController.java:693)
	at java.lang.Thread.run(Thread.java:745)
53,006 [z21.Z21XNetPacketizerTest$1 Receive thread] ERROR jmrix.AbstractSerialPortController.getCurrentPortName() - Port names returned as null
53,007 [z21.Z21XNetPacketizerTest$1 Receive thread] ERROR jmrix.AbstractMRTrafficController.receiveLoop() - Exception in receive loop: java.lang.IllegalArgumentException: At least one of system name or port name must be provided
java.lang.IllegalArgumentException: At least one of system name or port name must be provided
	at jmri.jmrix.ConnectionStatus$ConnectionKey.<init>(ConnectionStatus.java:249)
	at jmri.jmrix.ConnectionStatus.setConnectionState(ConnectionStatus.java:84)
	at jmri.jmrix.ConnectionStatus.setConnectionState(ConnectionStatus.java:71)
	at jmri.jmrix.roco.z21.Z21XNetPacketizer.handleOneIncomingReply(Z21XNetPacketizer.java:34)
	at jmri.jmrix.AbstractMRTrafficController.receiveLoop(AbstractMRTrafficController.java:762)
	at jmri.jmrix.AbstractMRTrafficController$2.run(AbstractMRTrafficController.java:693)
	at java.lang.Thread.run(Thread.java:745)
53,008 [z21.Z21XNetPacketizerTest$1 Receive thread] ERROR jmrix.AbstractSerialPortController.getCurrentPortName() - Port names returned as null
53,008 [z21.Z21XNetPacketizerTest$1 Receive thread] ERROR jmrix.AbstractMRTrafficController.receiveLoop() - Exception in receive loop: java.lang.IllegalArgumentException: At least one of system name or port name must be provided
java.lang.IllegalArgumentException: At least one of system name or port name must be provided
	at jmri.jmrix.ConnectionStatus$ConnectionKey.<init>(ConnectionStatus.java:249)
	at jmri.jmrix.ConnectionStatus.setConnectionState(ConnectionStatus.java:84)
	at jmri.jmrix.ConnectionStatus.setConnectionState(ConnectionStatus.java:71)
	at jmri.jmrix.roco.z21.Z21XNetPacketizer.handleOneIncomingReply(Z21XNetPacketizer.java:34)
	at jmri.jmrix.AbstractMRTrafficController.receiveLoop(AbstractMRTrafficController.java:762)
	at jmri.jmrix.AbstractMRTrafficController$2.run(AbstractMRTrafficController.java:693)
	at java.lang.Thread.run(Thread.java:745)
53,009 [z21.Z21XNetPacketizerTest$1 Receive thread] ERROR jmrix.AbstractSerialPortController.getCurrentPortName() - Port names returned as null
53,009 [z21.Z21XNetPacketizerTest$1 Receive thread] ERROR jmrix.AbstractMRTrafficController.receiveLoop() - Exception in receive loop: java.lang.IllegalArgumentException: At least one of system name or port name must be provided
java.lang.IllegalArgumentException: At least one of system name or port name must be provided
	at jmri.jmrix.ConnectionStatus$ConnectionKey.<init>(ConnectionStatus.java:249)
	at jmri.jmrix.ConnectionStatus.setConnectionState(ConnectionStatus.java:84)
	at jmri.jmrix.ConnectionStatus.setConnectionState(ConnectionStatus.java:71)
	at jmri.jmrix.roco.z21.Z21XNetPacketizer.handleOneIncomingReply(Z21XNetPacketizer.java:34)
	at jmri.jmrix.AbstractMRTrafficController.receiveLoop(AbstractMRTrafficController.java:762)
	at jmri.jmrix.AbstractMRTrafficController$2.run(AbstractMRTrafficController.java:693)
	at java.lang.Thread.run(Thread.java:745)
53,010 [z21.Z21XNetPacketizerTest$1 Receive thread] ERROR jmrix.AbstractSerialPortController.getCurrentPortName() - Port names returned as null
53,010 [z21.Z21XNetPacketizerTest$1 Receive thread] ERROR jmrix.AbstractMRTrafficController.receiveLoop() - Exception in receive loop: java.lang.IllegalArgumentException: At least one of system name or port name must be provided
java.lang.IllegalArgumentException: At least one of system name or port name must be provided
	at jmri.jmrix.ConnectionStatus$ConnectionKey.<init>(ConnectionStatus.java:249)
	at jmri.jmrix.ConnectionStatus.setConnectionState(ConnectionStatus.java:84)
	at jmri.jmrix.ConnectionStatus.setConnectionState(ConnectionStatus.java:71)
	at jmri.jmrix.roco.z21.Z21XNetPacketizer.handleOneIncomingReply(Z21XNetPacketizer.java:34)
	at jmri.jmrix.AbstractMRTrafficController.receiveLoop(AbstractMRTrafficController.java:762)
	at jmri.jmrix.AbstractMRTrafficController$2.run(AbstractMRTrafficController.java:693)
	at java.lang.Thread.run(Thread.java:745)
53,011 [z21.Z21XNetPacketizerTest$1 Receive thread] ERROR jmrix.AbstractSerialPortController.getCurrentPortName() - Port names returned as null
53,011 [z21.Z21XNetPacketizerTest$1 Receive thread] ERROR jmrix.AbstractMRTrafficController.receiveLoop() - Exception in receive loop: java.lang.IllegalArgumentException: At least one of system name or port name must be provided
java.lang.IllegalArgumentException: At least one of system name or port name must be provided
	at jmri.jmrix.ConnectionStatus$ConnectionKey.<init>(ConnectionStatus.java:249)
	at jmri.jmrix.ConnectionStatus.setConnectionState(ConnectionStatus.java:84)
	at jmri.jmrix.ConnectionStatus.setConnectionState(ConnectionStatus.java:71)
	at jmri.jmrix.roco.z21.Z21XNetPacketizer.handleOneIncomingReply(Z21XNetPacketizer.java:34)
	at jmri.jmrix.AbstractMRTrafficController.receiveLoop(AbstractMRTrafficController.java:762)
	at jmri.jmrix.AbstractMRTrafficController$2.run(AbstractMRTrafficController.java:693)
	at java.lang.Thread.run(Thread.java:745)
53,012 [z21.Z21XNetPacketizerTest$1 Receive thread] ERROR jmrix.AbstractSerialPortController.getCurrentPortName() - Port names returned as null
53,012 [z21.Z21XNetPacketizerTest$1 Receive thread] ERROR jmrix.AbstractMRTrafficController.receiveLoop() - Exception in receive loop: java.lang.IllegalArgumentException: At least one of system name or port name must be provided
java.lang.IllegalArgumentException: At least one of system name or port name must be provided
	at jmri.jmrix.ConnectionStatus$ConnectionKey.<init>(ConnectionStatus.java:249)
	at jmri.jmrix.ConnectionStatus.setConnectionState(ConnectionStatus.java:84)
	at jmri.jmrix.ConnectionStatus.setConnectionState(ConnectionStatus.java:71)
	at jmri.jmrix.roco.z21.Z21XNetPacketizer.handleOneIncomingReply(Z21XNetPacketizer.java:34)
	at jmri.jmrix.AbstractMRTrafficController.receiveLoop(AbstractMRTrafficController.java:762)
	at jmri.jmrix.AbstractMRTrafficController$2.run(AbstractMRTrafficController.java:693)
	at java.lang.Thread.run(Thread.java:745)
53,013 [z21.Z21XNetPacketizerTest$1 Receive thread] ERROR jmrix.AbstractSerialPortController.getCurrentPortName() - Port names returned as null
53,014 [z21.Z21XNetPacketizerTest$1 Receive thread] ERROR jmrix.AbstractMRTrafficController.receiveLoop() - Exception in receive loop: java.lang.IllegalArgumentException: At least one of system name or port name must be provided
java.lang.IllegalArgumentException: At least one of system name or port name must be provided
	at jmri.jmrix.ConnectionStatus$ConnectionKey.<init>(ConnectionStatus.java:249)
	at jmri.jmrix.ConnectionStatus.setConnectionState(ConnectionStatus.java:84)
	at jmri.jmrix.ConnectionStatus.setConnectionState(ConnectionStatus.java:71)
	at jmri.jmrix.roco.z21.Z21XNetPacketizer.handleOneIncomingReply(Z21XNetPacketizer.java:34)
	at jmri.jmrix.AbstractMRTrafficController.receiveLoop(AbstractMRTrafficController.java:762)
	at jmri.jmrix.AbstractMRTrafficController$2.run(AbstractMRTrafficController.java:693)
	at java.lang.Thread.run(Thread.java:745)
53,014 [z21.Z21XNetPacketizerTest$1 Receive thread] ERROR jmrix.AbstractSerialPortController.getCurrentPortName() - Port names returned as null
53,015 [z21.Z21XNetPacketizerTest$1 Receive thread] ERROR jmrix.AbstractMRTrafficController.receiveLoop() - Exception in receive loop: java.lang.IllegalArgumentException: At least one of system name or port name must be provided
java.lang.IllegalArgumentException: At least one of system name or port name must be provided
	at jmri.jmrix.ConnectionStatus$ConnectionKey.<init>(ConnectionStatus.java:249)
	at jmri.jmrix.ConnectionStatus.setConnectionState(ConnectionStatus.java:84)
	at jmri.jmrix.ConnectionStatus.setConnectionState(ConnectionStatus.java:71)
	at jmri.jmrix.roco.z21.Z21XNetPacketizer.handleOneIncomingReply(Z21XNetPacketizer.java:34)
	at jmri.jmrix.AbstractMRTrafficController.receiveLoop(AbstractMRTrafficController.java:762)
	at jmri.jmrix.AbstractMRTrafficController$2.run(AbstractMRTrafficController.java:693)
	at java.lang.Thread.run(Thread.java:745)
53,015 [z21.Z21XNetPacketizerTest$1 Receive thread] ERROR jmrix.AbstractSerialPortController.getCurrentPortName() - Port names returned as null
53,016 [z21.Z21XNetPacketizerTest$1 Receive thread] ERROR jmrix.AbstractMRTrafficController.receiveLoop() - Exception in receive loop: java.lang.IllegalArgumentException: At least one of system name or port name must be provided
java.lang.IllegalArgumentException: At least one of system name or port name must be provided
	at jmri.jmrix.ConnectionStatus$ConnectionKey.<init>(ConnectionStatus.java:249)
	at jmri.jmrix.ConnectionStatus.setConnectionState(ConnectionStatus.java:84)
	at jmri.jmrix.ConnectionStatus.setConnectionState(ConnectionStatus.java:71)
	at jmri.jmrix.roco.z21.Z21XNetPacketizer.handleOneIncomingReply(Z21XNetPacketizer.java:34)
	at jmri.jmrix.AbstractMRTrafficController.receiveLoop(AbstractMRTrafficController.java:762)
	at jmri.jmrix.AbstractMRTrafficController$2.run(AbstractMRTrafficController.java:693)
	at java.lang.Thread.run(Thread.java:745)
53,017 [z21.Z21XNetPacketizerTest$1 Receive thread] ERROR jmrix.AbstractSerialPortController.getCurrentPortName() - Port names returned as null
53,017 [z21.Z21XNetPacketizerTest$1 Receive thread] ERROR jmrix.AbstractMRTrafficController.receiveLoop() - Exception in receive loop: java.lang.IllegalArgumentException: At least one of system name or port name must be provided
java.lang.IllegalArgumentException: At least one of system name or port name must be provided
	at jmri.jmrix.ConnectionStatus$ConnectionKey.<init>(ConnectionStatus.java:249)
	at jmri.jmrix.ConnectionStatus.setConnectionState(ConnectionStatus.java:84)
	at jmri.jmrix.ConnectionStatus.setConnectionState(ConnectionStatus.java:71)
	at jmri.jmrix.roco.z21.Z21XNetPacketizer.handleOneIncomingReply(Z21XNetPacketizer.java:34)
	at jmri.jmrix.AbstractMRTrafficController.receiveLoop(AbstractMRTrafficController.java:762)
	at jmri.jmrix.AbstractMRTrafficController$2.run(AbstractMRTrafficController.java:693)
	at java.lang.Thread.run(Thread.java:745)
53,018 [z21.Z21XNetPacketizerTest$1 Receive thread] ERROR jmrix.AbstractMRTrafficController.reportReceiveLoopException() - run: Exception: java.lang.IllegalArgumentException: At least one of system name or port name must be provided in class jmri.jmrix.roco.z21.Z21XNetPacketizerTest$1
java.lang.IllegalArgumentException: At least one of system name or port name must be provided
	at jmri.jmrix.ConnectionStatus$ConnectionKey.<init>(ConnectionStatus.java:249)
	at jmri.jmrix.ConnectionStatus.setConnectionState(ConnectionStatus.java:84)
	at jmri.jmrix.ConnectionStatus.setConnectionState(ConnectionStatus.java:71)
	at jmri.jmrix.roco.z21.Z21XNetPacketizer.handleOneIncomingReply(Z21XNetPacketizer.java:34)
	at jmri.jmrix.AbstractMRTrafficController.receiveLoop(AbstractMRTrafficController.java:762)
	at jmri.jmrix.AbstractMRTrafficController$2.run(AbstractMRTrafficController.java:693)
	at java.lang.Thread.run(Thread.java:745)
53,019 [z21.Z21XNetPacketizerTest$1 Receive thread] ERROR jmrix.AbstractSerialPortController.getCurrentPortName() - Port names returned as null
