DEBUG - 08 mag 2018 23:35:48,563  - --------------------- TEST SESSION STARTED ---------------------
INFO  - 08 mag 2018 23:35:48,875  - TestRunner - All tests executed successfully
DEBUG - 08 mag 2018 23:35:48,875  - --------------------- TEST SESSION ENDED ---------------------
DEBUG - 08 mag 2018 23:36:57,947  - --------------------- TEST SESSION STARTED ---------------------
INFO  - 08 mag 2018 23:36:58,307  - TestRunner - All tests executed successfully
DEBUG - 08 mag 2018 23:36:58,307  - --------------------- TEST SESSION ENDED ---------------------
DEBUG - 08 mag 2018 23:50:46,034  - --------------------- TEST SESSION STARTED ---------------------
INFO  - 08 mag 2018 23:50:46,455  - TestRunner - All tests executed successfully
DEBUG - 08 mag 2018 23:50:46,455  - --------------------- TEST SESSION ENDED ---------------------
DEBUG - 08 mag 2018 23:57:41,244  - --------------------- TEST SESSION STARTED ---------------------
INFO  - 08 mag 2018 23:57:41,556  - TestRunner - All tests executed successfully
DEBUG - 08 mag 2018 23:57:41,556  - --------------------- TEST SESSION ENDED ---------------------
DEBUG - 20 mag 2018 23:11:52,138  - --------------------- TEST SESSION STARTED ---------------------
ERROR - 20 mag 2018 23:12:21,109  - TestRunner - The following tests have failed: 
ERROR - 20 mag 2018 23:12:21,111  - wordsFileNameShouldBeRead(org.apache.maven.anagrams.FileUtilsTest): Exception while reading the file name[Ljava.lang.StackTraceElement;@b3d7190
ERROR - 20 mag 2018 23:12:21,111  - wordsFileShouldBeRead1(org.apache.maven.anagrams.FileUtilsTest): Exception while reading the file name[Ljava.lang.StackTraceElement;@68ceda24
ERROR - 20 mag 2018 23:12:21,111  - wordsFileShouldBeRead2(org.apache.maven.anagrams.FileUtilsTest): Exception while reading the file name[Ljava.lang.StackTraceElement;@281e3708
DEBUG - 20 mag 2018 23:12:21,112  - --------------------- TEST SESSION ENDED ---------------------
DEBUG - 20 mag 2018 23:14:43,102  - --------------------- TEST SESSION STARTED ---------------------
INFO  - 20 mag 2018 23:14:54,805  - TestRunner - All tests executed successfully
DEBUG - 20 mag 2018 23:14:54,805  - --------------------- TEST SESSION ENDED ---------------------
DEBUG - 20 mag 2018 23:37:34,890  - --------------------- TEST SESSION STARTED ---------------------
DEBUG - 20 mag 2018 23:37:57,478  - --------------------- TEST SESSION STARTED ---------------------
DEBUG - 20 mag 2018 23:38:46,429  - --------------------- TEST SESSION STARTED ---------------------
INFO  - 20 mag 2018 23:39:09,070  - TestRunner - All tests executed successfully
DEBUG - 20 mag 2018 23:39:09,071  - --------------------- TEST SESSION ENDED ---------------------
